###############################################################################
#
# IAR ELF Linker V7.80.4.12462/W32 for ARM                12/Dec/2022  14:00:06
# Copyright 2007-2017 IAR Systems AB.
#
#    Output file  =  KKHumanBody.out
#    Map file     =  
#        D:/simplicity studio5/s5/KKHumanBody/IAR ARM - Default -
#        EFR32MG21A010F768IM32/KKHumanBody.map
#    Command line =  
#        "D:/simplicity
#        studio5/s5/developer/sdks/gecko_sdk_suite/v3.1//protocol/zigbee/build/cbke-163k1-stub-library-cortexm3-iar-efr32mg21-rail/cbke-163k1-stub-library.a"
#        "D:/simplicity
#        studio5/s5/developer/sdks/gecko_sdk_suite/v3.1//protocol/zigbee/build/source-route-stub-library-cortexm3-iar-efr32mg21-rail/source-route-stub-library.a"
#        "D:/simplicity
#        studio5/s5/developer/sdks/gecko_sdk_suite/v3.1//protocol/zigbee/build/cbke-library-dsa-sign-stub-cortexm3-iar-efr32mg21-rail/cbke-library-dsa-sign-stub.a"
#        "D:/simplicity
#        studio5/s5/developer/sdks/gecko_sdk_suite/v3.1//protocol/zigbee/build/binding-table-library-cortexm3-iar-efr32mg21-rail/binding-table-library.a"
#        "D:/simplicity
#        studio5/s5/developer/sdks/gecko_sdk_suite/v3.1//protocol/zigbee/build/security-library-link-keys-stub-cortexm3-iar-efr32mg21-rail/security-library-link-keys-stub.a"
#        "D:/simplicity
#        studio5/s5/developer/sdks/gecko_sdk_suite/v3.1//protocol/zigbee/build/packet-validate-library-cortexm3-iar-efr32mg21-rail/packet-validate-library.a"
#        "D:/simplicity
#        studio5/s5/developer/sdks/gecko_sdk_suite/v3.1//protocol/zigbee/build/zigbee-pro-stack-cortexm3-iar-efr32mg21-rail/zigbee-pro-stack.a"
#        "D:/simplicity
#        studio5/s5/developer/sdks/gecko_sdk_suite/v3.1//protocol/zigbee/build/gp-stub-library-cortexm3-iar-efr32mg21-rail/gp-stub-library.a"
#        "D:/simplicity
#        studio5/s5/developer/sdks/gecko_sdk_suite/v3.1//protocol/zigbee/build/sim-eeprom2-to-nvm3-upgrade-stub-library-cortexm3-iar-efr32mg21-rail/sim-eeprom2-to-nvm3-upgrade-stub-library.a"
#        "D:/simplicity
#        studio5/s5/developer/sdks/gecko_sdk_suite/v3.1//platform/emdrv/nvm3/lib/libnvm3_CM33_iar.a"
#        "D:/simplicity
#        studio5/s5/developer/sdks/gecko_sdk_suite/v3.1//protocol/zigbee/build/multi-pan-stub-library-cortexm3-iar-efr32mg21-rail/multi-pan-stub-library.a"
#        "D:/simplicity
#        studio5/s5/developer/sdks/gecko_sdk_suite/v3.1//protocol/zigbee/build/multi-network-stub-library-cortexm3-iar-efr32mg21-rail/multi-network-stub-library.a"
#        "D:/simplicity
#        studio5/s5/developer/sdks/gecko_sdk_suite/v3.1//platform/radio/rail_lib/autogen/librail_release/librail_efr32xg21_iar_release.a"
#        "D:/simplicity
#        studio5/s5/developer/sdks/gecko_sdk_suite/v3.1//protocol/zigbee/build/zll-stub-library-cortexm3-iar-efr32mg21-rail/zll-stub-library.a"
#        "D:/simplicity
#        studio5/s5/developer/sdks/gecko_sdk_suite/v3.1//protocol/zigbee/build/hal-library-cortexm3-iar-efr32mg21-rail/hal-library.a"
#        "D:/simplicity
#        studio5/s5/developer/sdks/gecko_sdk_suite/v3.1//protocol/zigbee/build/cbke-library-dsa-verify-283k1-stub-cortexm3-iar-efr32mg21-rail/cbke-library-dsa-verify-283k1-stub.a"
#        "D:/simplicity
#        studio5/s5/developer/sdks/gecko_sdk_suite/v3.1//protocol/zigbee/build/end-device-bind-stub-library-cortexm3-iar-efr32mg21-rail/end-device-bind-stub-library.a"
#        "D:/simplicity
#        studio5/s5/developer/sdks/gecko_sdk_suite/v3.1//protocol/zigbee/build/cbke-283k1-stub-library-cortexm3-iar-efr32mg21-rail/cbke-283k1-stub-library.a"
#        "D:/simplicity
#        studio5/s5/developer/sdks/gecko_sdk_suite/v3.1//protocol/zigbee/build/debug-extended-stub-library-cortexm3-iar-efr32mg21-rail/debug-extended-stub-library.a"
#        "D:/simplicity
#        studio5/s5/developer/sdks/gecko_sdk_suite/v3.1//protocol/zigbee/build/debug-basic-stub-library-cortexm3-iar-efr32mg21-rail/debug-basic-stub-library.a"
#        "D:/simplicity
#        studio5/s5/developer/sdks/gecko_sdk_suite/v3.1//protocol/zigbee/build/mfglib-library-cortexm3-iar-efr32mg21-rail/mfglib-library.a"
#        "D:/simplicity
#        studio5/s5/developer/sdks/gecko_sdk_suite/v3.1//protocol/zigbee/build/cbke-library-dsa-verify-stub-cortexm3-iar-efr32mg21-rail/cbke-library-dsa-verify-stub.a"
#        "D:/simplicity
#        studio5/s5/developer/sdks/gecko_sdk_suite/v3.1//protocol/zigbee/build/cbke-stub-library-cortexm3-iar-efr32mg21-rail/cbke-stub-library.a"
#        "D:/simplicity
#        studio5/s5/developer/sdks/gecko_sdk_suite/v3.1//protocol/zigbee/build/install-code-library-cortexm3-iar-efr32mg21-rail/install-code-library.a"
#        "D:/simplicity
#        studio5/s5/developer/sdks/gecko_sdk_suite/v3.1//protocol/zigbee/build/zigbee-r22-support-stub-library-cortexm3-iar-efr32mg21-rail/zigbee-r22-support-stub-library.a"
#        ./zcl-framework-core/af-event.o ./zcl-framework-core/af-main-common.o
#        ./zcl-framework-core/af-main-soc.o ./zcl-framework-core/af-node.o
#        ./zcl-framework-core/af-security-common.o
#        ./zcl-framework-core/af-trust-center.o
#        ./zcl-framework-core/attribute-size.o
#        ./zcl-framework-core/attribute-storage.o
#        ./zcl-framework-core/attribute-table.o
#        ./zcl-framework-core/client-api.o ./zcl-framework-core/core-cli.o
#        ./zcl-framework-core/crypto-state.o ./zcl-framework-core/message.o
#        ./zcl-framework-core/multi-network.o
#        ./zcl-framework-core/network-cli.o ./zcl-framework-core/option-cli.o
#        ./zcl-framework-core/plugin-cli.o
#        ./zcl-framework-core/print-formatter.o ./zcl-framework-core/print.o
#        ./zcl-framework-core/process-cluster-message.o
#        ./zcl-framework-core/process-global-message.o
#        ./zcl-framework-core/security-cli.o
#        ./zcl-framework-core/service-discovery-common.o
#        ./zcl-framework-core/service-discovery-soc.o
#        ./zcl-framework-core/time-util.o ./zcl-framework-core/util.o
#        ./zcl-framework-core/zcl-cli.o ./zcl-framework-core/zdo-cli.o
#        ./update-tc-link-key/update-tc-link-key-cli.o
#        ./update-tc-link-key/update-tc-link-key.o
#        ./strong-random/strong-random-api.o ./simple-main/simple-main.o
#        ./serial/EFR32/serial.o ./serial/com.o ./scan-dispatch/scan-dispatch.o
#        ./reporting/reporting-cli.o
#        ./reporting/reporting-default-configuration.o ./reporting/reporting.o
#        ./packet-handoff/packet-handoff.o
#        ./ota-storage-simple-eeprom/ota-storage-eeprom-page-erase.o
#        ./ota-storage-simple-eeprom/ota-storage-eeprom-read-modify-write.o
#        ./ota-storage-simple-eeprom/ota-storage-eeprom.o
#        ./ota-storage-simple/ota-storage-simple.o
#        ./ota-storage-common/ota-storage-common-cli.o
#        ./ota-storage-common/ota-storage-common.o ./ota-common/ota-common.o
#        ./ota-client-policy/ota-client-policy.o ./ota-client/ota-client-cli.o
#        ./ota-client/ota-client-page-request.o
#        ./ota-client/ota-client-signature-verify.o ./ota-client/ota-client.o
#        ./ota-bootload/ota-bootload-cli.o ./ota-bootload/ota-bootload-soc.o
#        ./nvm3/EFR32/nvm3_default.o ./nvm3/EFR32/nvm3_hal_flash.o
#        ./nvm3/nvm3_lock.o ./network-steering/network-steering-cli.o
#        ./network-steering/network-steering-soc.o
#        ./network-steering/network-steering-v2.o
#        ./network-steering/network-steering.o ./mbedtls/EFR32/aes.o
#        ./mbedtls/EFR32/aes_aes.o ./mbedtls/EFR32/asn1parse.o
#        ./mbedtls/EFR32/asn1write.o ./mbedtls/EFR32/base64.o
#        ./mbedtls/EFR32/bignum.o ./mbedtls/EFR32/ccm.o
#        ./mbedtls/EFR32/chacha20.o ./mbedtls/EFR32/chachapoly.o
#        ./mbedtls/EFR32/cipher.o ./mbedtls/EFR32/cipher_wrap.o
#        ./mbedtls/EFR32/cmac.o ./mbedtls/EFR32/crypto_aes.o
#        ./mbedtls/EFR32/crypto_ecp.o ./mbedtls/EFR32/crypto_gcm.o
#        ./mbedtls/EFR32/crypto_management.o ./mbedtls/EFR32/cryptoacc_aes.o
#        ./mbedtls/EFR32/cryptoacc_ccm.o ./mbedtls/EFR32/cryptoacc_gcm.o
#        ./mbedtls/EFR32/cryptoacc_management.o ./mbedtls/EFR32/ctr_drbg.o
#        ./mbedtls/EFR32/des.o ./mbedtls/EFR32/ecdh.o ./mbedtls/EFR32/ecdsa.o
#        ./mbedtls/EFR32/ecjpake.o ./mbedtls/EFR32/ecp.o
#        ./mbedtls/EFR32/ecp_curves.o ./mbedtls/EFR32/entropy.o
#        ./mbedtls/EFR32/error.o ./mbedtls/EFR32/gcm.o
#        ./mbedtls/EFR32/mbedtls_cmac.o ./mbedtls/EFR32/mbedtls_ecdsa_ecdh.o
#        ./mbedtls/EFR32/mbedtls_sha.o ./mbedtls/EFR32/md.o
#        ./mbedtls/EFR32/md5.o ./mbedtls/EFR32/oid.o ./mbedtls/EFR32/pem.o
#        ./mbedtls/EFR32/pk.o ./mbedtls/EFR32/pk_wrap.o
#        ./mbedtls/EFR32/pkparse.o ./mbedtls/EFR32/platform_util.o
#        ./mbedtls/EFR32/poly1305.o ./mbedtls/EFR32/psa_crypto.o
#        ./mbedtls/EFR32/psa_crypto_driver_wrappers.o
#        ./mbedtls/EFR32/psa_crypto_slot_management.o
#        ./mbedtls/EFR32/psa_crypto_storage.o ./mbedtls/EFR32/rsa.o
#        ./mbedtls/EFR32/rsa_internal.o ./mbedtls/EFR32/se_aes.o
#        ./mbedtls/EFR32/se_ccm.o ./mbedtls/EFR32/se_gcm.o
#        ./mbedtls/EFR32/se_jpake.o ./mbedtls/EFR32/sha1.o
#        ./mbedtls/EFR32/sha256.o ./mbedtls/EFR32/sha512.o
#        ./mbedtls/EFR32/sl_entropy.o ./mbedtls/EFR32/sl_mbedtls.o
#        ./mbedtls/EFR32/sl_psa_its_nvm3.o ./mbedtls/EFR32/sl_se_management.o
#        ./mbedtls/EFR32/sl_se_manager.o
#        ./mbedtls/EFR32/sl_se_manager_attestation.o
#        ./mbedtls/EFR32/sl_se_manager_cipher.o
#        ./mbedtls/EFR32/sl_se_manager_entropy.o
#        ./mbedtls/EFR32/sl_se_manager_hash.o
#        ./mbedtls/EFR32/sl_se_manager_key_derivation.o
#        ./mbedtls/EFR32/sl_se_manager_key_handling.o
#        ./mbedtls/EFR32/sl_se_manager_signature.o
#        ./mbedtls/EFR32/sl_se_manager_util.o
#        ./mbedtls/EFR32/sli_crypto_transparent_driver_aead.o
#        ./mbedtls/EFR32/sli_crypto_transparent_driver_cipher.o
#        ./mbedtls/EFR32/sli_crypto_transparent_driver_hash.o
#        ./mbedtls/EFR32/sli_crypto_transparent_driver_mac.o
#        ./mbedtls/EFR32/sli_cryptoacc_transparent_driver_aead.o
#        ./mbedtls/EFR32/sli_cryptoacc_transparent_driver_cipher.o
#        ./mbedtls/EFR32/sli_cryptoacc_transparent_driver_hash.o
#        ./mbedtls/EFR32/sli_cryptoacc_transparent_driver_key_derivation.o
#        ./mbedtls/EFR32/sli_cryptoacc_transparent_driver_key_management.o
#        ./mbedtls/EFR32/sli_cryptoacc_transparent_driver_mac.o
#        ./mbedtls/EFR32/sli_cryptoacc_transparent_driver_signature.o
#        ./mbedtls/EFR32/sli_protocol_crypto_crypto.o
#        ./mbedtls/EFR32/sli_protocol_crypto_radioaes.o
#        ./mbedtls/EFR32/sli_psa_driver_init.o
#        ./mbedtls/EFR32/sli_radioaes_management.o
#        ./mbedtls/EFR32/sli_se_driver_aead.o
#        ./mbedtls/EFR32/sli_se_driver_builtin_keys.o
#        ./mbedtls/EFR32/sli_se_driver_cipher.o
#        ./mbedtls/EFR32/sli_se_driver_key_derivation.o
#        ./mbedtls/EFR32/sli_se_driver_key_management.o
#        ./mbedtls/EFR32/sli_se_driver_mac.o
#        ./mbedtls/EFR32/sli_se_driver_signature.o
#        ./mbedtls/EFR32/sli_se_opaque_driver_aead.o
#        ./mbedtls/EFR32/sli_se_opaque_driver_cipher.o
#        ./mbedtls/EFR32/sli_se_opaque_driver_mac.o
#        ./mbedtls/EFR32/sli_se_opaque_key_derivation.o
#        ./mbedtls/EFR32/sli_se_transparent_driver_aead.o
#        ./mbedtls/EFR32/sli_se_transparent_driver_cipher.o
#        ./mbedtls/EFR32/sli_se_transparent_driver_hash.o
#        ./mbedtls/EFR32/sli_se_transparent_driver_mac.o
#        ./mbedtls/EFR32/sli_se_transparent_key_derivation.o
#        ./mbedtls/EFR32/ssl_cache.o ./mbedtls/EFR32/ssl_ciphersuites.o
#        ./mbedtls/EFR32/ssl_cli.o ./mbedtls/EFR32/ssl_cookie.o
#        ./mbedtls/EFR32/ssl_msg.o ./mbedtls/EFR32/ssl_srv.o
#        ./mbedtls/EFR32/ssl_ticket.o ./mbedtls/EFR32/ssl_tls.o
#        ./mbedtls/EFR32/threading.o ./mbedtls/EFR32/x509.o
#        ./mbedtls/EFR32/x509_create.o ./mbedtls/EFR32/x509_crl.o
#        ./mbedtls/EFR32/x509_crt.o ./mbedtls/EFR32/x509_csr.o
#        ./mbedtls/EFR32/x509write_crt.o ./mbedtls/EFR32/x509write_csr.o
#        ./idle-sleep/idle-sleep-cli.o ./idle-sleep/idle-sleep-soc.o
#        ./idle-sleep/idle-sleep.o ./identify/identify-cli.o
#        ./identify/identify.o ./ias-zone-server/ias-zone-server-cli.o
#        ./ias-zone-server/ias-zone-server.o ./heartbeat/heartbeat.o
#        ./hal-library/EFR32_2/sl_hfxo_manager.o
#        ./hal-library/EFR32_2/sl_hfxo_manager_hal_s2.o
#        ./hal-library/EFR32/hal-config-gpio.o ./hal-library/EFR32/hal-config.o
#        ./hal-library/EFR32/sl_mpu.o ./hal-library/EFR32/sl_power_manager.o
#        ./hal-library/EFR32/sl_power_manager_debug.o
#        ./hal-library/EFR32/sl_power_manager_hal_s0_s1.o
#        ./hal-library/EFR32/sl_power_manager_hal_s2.o
#        ./hal-library/EFR32/sl_slist.o
#        ./generic-interrupt-control/EFR32/generic-interrupt-control-efr32.o
#        ./form-and-join/form-and-join-afv2.o
#        ./form-and-join/form-and-join-node-adapter.o
#        ./form-and-join/form-and-join.o
#        ./external-generated-files/bootloader-interface-app.o
#        ./external-generated-files/bootloader-interface.o
#        ./external-generated-files/btl_interface.o
#        ./external-generated-files/btl_interface_storage.o ./emlib/em_adc.o
#        ./emlib/em_cmu.o ./emlib/em_core.o ./emlib/em_cryotimer.o
#        ./emlib/em_emu.o ./emlib/em_eusart.o ./emlib/em_gpio.o
#        ./emlib/em_i2c.o ./emlib/em_ldma.o ./emlib/em_leuart.o
#        ./emlib/em_msc.o ./emlib/em_prs.o ./emlib/em_rmu.o ./emlib/em_rtcc.o
#        ./emlib/em_se.o ./emlib/em_system.o ./emlib/em_timer.o
#        ./emlib/em_usart.o ./emlib/em_wdog.o ./emlib/system_efr32mg21.o
#        ./emdrv/dmadrv.o ./emdrv/gpiointerrupt.o ./emdrv/sl_sleeptimer.o
#        ./emdrv/sl_sleeptimer_hal_rtcc.o ./emdrv/tempdrv.o ./emdrv/uartdrv.o
#        ./emdrv/ustimer.o ./ember-minimal-printf/ember-printf.o
#        ./efr32/assert-crash-handlers.o ./efr32/button.o
#        ./efr32/buzzer-efr32.o ./efr32/cstartup-common.o ./efr32/diagnostic.o
#        ./efr32/ext-device.o ./efr32/faults-v7m.o ./efr32/isr-stubs.o
#        ./efr32/led.o ./efr32/mfg-token.o ./efr32/micro-common.o
#        ./efr32/micro.o ./efr32/sleep-efm32.o ./efr32/token.o
#        ./eeprom/eeprom-afv2.o ./eeprom/eeprom-cli.o ./eeprom/eeprom.o
#        ./diagnostic-server/diagnostic-server-soc.o ./counters/counters-cli.o
#        ./counters/counters-ota.o ./counters/counters-soc.o
#        ./coexistence-stub/EFR32/coexistence-802154.o
#        ./coexistence-stub/EFR32/coulomb-counter-802154.o
#        ./ccm-encryption/ccm-star.o ./basic/basic.o
#        ./antenna-stub/antenna-stub.o ./address-table/address-table-cli.o
#        ./address-table/address-table.o ./00ikonke-app/tools/SEGGER_RTT.o
#        ./00ikonke-app/tools/SEGGER_RTT_ASM_ARMv7M.o
#        ./00ikonke-app/tools/SEGGER_RTT_Syscalls_IAR.o
#        ./00ikonke-app/tools/SEGGER_RTT_printf.o
#        ./00ikonke-app/tools/ikk-rtt.o ./00ikonke-app/general/ikk-cluster.o
#        ./00ikonke-app/general/ikk-command.o
#        ./00ikonke-app/general/ikk-common-utils.o
#        ./00ikonke-app/general/ikk-factory-test.o
#        ./00ikonke-app/general/ikk-network.o
#        ./00ikonke-app/general/ikk-opt-tunnel.o
#        ./00ikonke-app/general/ikk-ota.o ./00ikonke-app/general/ikk-sequence.o
#        ./00ikonke-app/general/ikk-tick-handler.o
#        ./00ikonke-app/driver/ikk-adc.o ./00ikonke-app/driver/ikk-button.o
#        ./00ikonke-app/driver/ikk-led.o ./00ikonke-app/driver/ikk-pwm.o
#        ./00ikonke-app/driver/ikk-relay.o ./00ikonke-app/driver/ikk-timer.o
#        ./00ikonke-app/driver/ikk-uart.o ./00ikonke-app/ikk-p824m.o
#        ./00ikonke-app/ikk-user.o ./KKTemplateCodeProject_callbacks.o
#        ./call-command-handler.o ./callback-stub.o ./command-interpreter2.o
#        ./crc.o ./ember-base-configuration.o ./ember-configuration.o
#        ./endian.o ./library.o ./mem-util.o ./random.o
#        ./security-address-cache.o ./stack-handler-stub.o ./token-def.o
#        ./zigbee-device-common.o ./zigbee-device-library.o
#        ./znet-bookkeeping.o ./znet-cli.o -o KKHumanBody.out --config
#        "D:/simplicity
#        studio5/s5/developer/sdks/gecko_sdk_suite/v3.1//platform/base/hal/micro/cortexm3/efm32/iar-cfg.icf"
#        --config_def APP_BTL=1 --config_def FLASH_SIZE=786432 --config_def
#        RAM_SIZE=65536 --config_def SIMEEPROM_SIZE=65536 --config_def
#        LOCKBITS_IN_MAINFLASH_SIZE=8192 --config_def EMBER_MALLOC_HEAP_SIZE=0
#        --config_def HEADER_SIZE=512 --config_def PSSTORE_SIZE=0 --config_def
#        LONGTOKEN_SIZE=0 --config_def BTL_SIZE=16384 --no_wrap_diagnostics
#        --entry __iar_program_start --map "D:/simplicity
#        studio5/s5/KKHumanBody/IAR ARM - Default -
#        EFR32MG21A010F768IM32/KKHumanBody.map" --log_file "D:/simplicity
#        studio5/s5/KKHumanBody/IAR ARM - Default -
#        EFR32MG21A010F768IM32/KKHumanBody.log" --log
#        initialization,modules,sections,veneers --diag_suppress=Lp012
#        --redirect _Printf=_PrintfSmallNoMb --redirect _Scanf=_ScanfFullNoMb
#
###############################################################################

*******************************************************************************
*** MESSAGES
***

Warning[Lt009]: Inconsistent wchar_t size
            af-event.o and 311 other objects have wchar_t size 16 bits
            event-control.o(zigbee-pro-stack.a) and 148 other objects have wchar_t size 32 bits


*******************************************************************************
*** RUNTIME MODEL ATTRIBUTES
***

CppFlavor       = *
__SystemLibrary = DLib
__dlib_version  = 6


*******************************************************************************
*** PLACEMENT SUMMARY
***

"BAT": place at 0x00000000 { section BAT };
"HEADERS":
       place at start of [0x00004000-0x000041ff] { block HEADER_block };
"APP ro":
       place at start of [0x00004200-0x000bffff] { block APPRO_block };
"SIMEE&LOCKBITS":
       place at end of [0x00004200-0x000bffff] {
          zi section SIMEE, zi section INTERNAL_STORAGE, zi section LONGTOKEN,
          zi section PSSTORE, zi section LOCKBITS_IN_MAINFLASH };
"ResetHeap":
       place at start of [0x20000000-0x2000ffef] { block RESETHEAP };
"Guard":
       place in [from 0x20000000 to 0x2000ffef] { rw section GUARD_REGION };
"APP rw":
       place at end of [0x20000000-0x2000ffef] { block APPRW_block };
do not initialize {
   rw section .noinitlegacy, rw section .noinitnew, rw section CSTACK,
   rw section RESETINFO, rw section EMHEAP, zi section SIMEE,
   zi section INTERNAL_STORAGE, zi section LONGTOKEN, zi section PSSTORE,
   zi section LOCKBITS_IN_MAINFLASH };
initialize by copy { rw };

  Section                 Kind        Address     Size  Object
  -------                 ----        -------     ----  ------
"BAT":                                            0x54
  BAT                     uninit   0x00000000     0x54  cstartup-common.o [14]
                                 - 0x00000054     0x54

"HEADERS":                                        0xac
  HEADER_block                     0x00004000     0xac  <Block>
    AAT                   const    0x00004000     0xac  cstartup-common.o [14]
                                 - 0x000040ac     0xac

"APP ro":                                      0x3ba08
  APPRO_block                      0x00004200  0x3ba08  <Block>
    .intvec               const    0x00004200    0x134  startup_efr32mg21.o [60]
    Initializer bytes     const    0x00004334    0x135  <for .textrw-1>
    .text                          0x0000446c  0x340c6  <Block>
      .text               ro code  0x0000446c    0x186  af-event.o [46]
      .text               ro code  0x000045f2      0x2  zigbee-stack.o [73]
      .text               ro code  0x000045f4     0x5c  multi-network.o [46]
      .text               ro code  0x00004650    0x17c  scan-dispatch.o [40]
      .text               ro code  0x000047cc    0x25c  event-control.o [73]
      .text               ro code  0x00004a28     0x10  crypto-state.o [46]
      .text               ro code  0x00004a38    0xad8  attribute-storage.o [46]
      .text               ro code  0x00005510    0x352  zigbee-scan.o [73]
      .text               ro code  0x00005862      0xc  em_core.o [17]
      .text               ro code  0x0000586e      0x6  em_core.o [17]
      .text               ro code  0x00005874    0x12c  system-timer.o [60]
      .text               ro code  0x000059a0    0x1ec  assert-crash-handlers.o [14]
      .text               ro code  0x00005b8c     0x1a  em_core.o [17]
      .text               ro code  0x00005ba6     0x3e  ember-configuration.o [1]
      .text               ro code  0x00005be4      0x8  em_core.o [17]
      .text               ro code  0x00005bec     0xe2  callback-stub.o [1]
      .text               ro code  0x00005cce      0x2  zigbee-stack.o [73]
      .text               ro code  0x00005cd0    0x860  util.o [46]
      .text               ro code  0x00006530      0x6  ABImemclr.o [69]
      .text               ro code  0x00006536      0x2  zigbee-stack.o [73]
      .text               ro code  0x00006538     0x78  ABImemmove_unaligned.o [69]
      .text               ro code  0x000065b0     0x62  znet-bookkeeping.o [1]
      .text               ro code  0x00006612      0x2  zigbee-stack.o [73]
      .text               ro code  0x00006614    0x2d0  ember-multi-network-stub.o [66]
      .text               ro code  0x000068e4     0x94  micro-common.o [14]
      .text               ro code  0x00006978    0x2f4  token.o [14]
      .text               ro code  0x00006c6c    0x3fc  attribute-table.o [46]
      .text               ro code  0x00007068    0x82c  buffer-management.o [73]
      .text               ro code  0x00007894     0x2a  zll-stubs.o [75]
      .text               ro code  0x000078be      0x2  zigbee-stack.o [73]
      .text               ro code  0x000078c0    0x3fc  mac-command.o [73]
      .text               ro code  0x00007cbc   0x1858  association.o [73]
      .text               ro code  0x00009514    0x578  af-main-soc.o [46]
      .text               ro code  0x00009a8c    0x49c  scan.o [73]
      .text               ro code  0x00009f28    0xa28  beacon-handling.o [73]
      .text               ro code  0x0000a950    0xa2c  upper-mac.o [73]
      .text               ro code  0x0000b37c      0x2  symbol-timer.o [73]
      .text               ro code  0x0000b37e      0x2  zigbee-stack.o [73]
      .text               ro code  0x0000b380    0x5a4  sl_sleeptimer.o [16]
      .text               ro code  0x0000b924    0x264  ustimer.o [16]
      .text               ro code  0x0000bb88    0x1c4  sleep-efm32.o [14]
      .text               ro code  0x0000bd4c      0x8  em_core.o [17]
      .text               ro code  0x0000bd54      0x6  debug-stub.o [55]
      .text               ro code  0x0000bd5a      0x2  zigbee-stack.o [73]
      .text               ro code  0x0000bd5c     0xe8  serial.o [42]
      .text               ro code  0x0000be44     0x4c  micro-internal.o [60]
      .text               ro code  0x0000be90     0x66  ABImemset.o [69]
      .text               ro code  0x0000bef6      0x2  zigbee-stack.o [73]
      .text               ro code  0x0000bef8    0x24c  client-api.o [46]
      .text               ro code  0x0000c144    0x354  eeprom.o [13]
      .text               ro code  0x0000c498    0xaa0  reporting.o [39]
      .text               ro code  0x0000cf38     0x3e  idle-sleep-soc.o [26]
      .text               ro code  0x0000cf76      0x2  startup_efr32mg21.o [60]
      .text               ro code  0x0000cf78    0x15c  counters-soc.o [11]
      .text               ro code  0x0000d0d4    0x258  ember-stack-common.o [73]
      .text               ro code  0x0000d32c     0x74  print.o [46]
      .text               ro code  0x0000d3a0     0x60  process-cluster-message.o [46]
      .text               ro code  0x0000d400    0x4c4  process-global-message.o [46]
      .text               ro code  0x0000d8c4    0x158  message.o [46]
      .text               ro code  0x0000da1c      0x6  ABImemclr4.o [69]
      .text               ro code  0x0000da22      0x2  startup_efr32mg21.o [60]
      .text               ro code  0x0000da24    0x730  af-main-common.o [46]
      .text               ro code  0x0000e154      0x8  time-util.o [46]
      .text               ro code  0x0000e15c     0x40  print-formatter.o [46]
      .text               ro code  0x0000e19c    0x404  address-table.o [73]
      .text               ro code  0x0000e5a0    0x4e0  binding-table.o [48]
      .text               ro code  0x0000ea80     0x76  ABImemcpy_unaligned.o [69]
      .text               ro code  0x0000eaf6      0x2  startup_efr32mg21.o [60]
      .text               ro code  0x0000eaf8   0x2866  ikk-user.o [2]
      .text               ro code  0x0001135e      0x2  startup_efr32mg21.o [60]
      .text               ro code  0x00011360     0x20  heartbeat.o [23]
      .text               ro code  0x00011380      0xe  form-and-join-afv2.o [19]
      .text               ro code  0x0001138e      0x2  startup_efr32mg21.o [60]
      .text               ro code  0x00011390     0x64  network-steering-soc.o [28]
      .text               ro code  0x000113f4    0x5c8  ikk-cluster.o [4]
      .text               ro code  0x000119bc    0x100  update-tc-link-key.o [45]
      .text               ro code  0x00011abc     0x50  random.o [1]
      .text               ro code  0x00011b0c     0xa6  multi-pan-stub.o [67]
      .text               ro code  0x00011bb2      0x2  startup_efr32mg21.o [60]
      .text               ro code  0x00011bb4    0x550  mac-child.o [73]
      .text               ro code  0x00012104    0x23c  zigbee-neighbor.o [73]
      .text               ro code  0x00012340      0x4  faults-v7m.o [14]
      .text               ro code  0x00012344    0x78c  em_cmu.o [17]
      .text               ro code  0x00012ad0     0xaa  em_wdog.o [17]
      .text               ro code  0x00012b7a      0x4  sim-eeprom2-to-nvm3-upgrade-stub.o [71]
      .text               ro code  0x00012b80   0x1c86  nvm3.o [62]
      .text               ro code  0x00014808    0x236  mfg-token.o [14]
      .text               ro code  0x00014a3e      0x6  ember-base-configuration.o [1]
      .text               ro code  0x00014a44     0x6c  attribute-size.o [46]
      .text               ro code  0x00014ab0     0x42  strcmp_unaligned.o [69]
      .text               ro code  0x00014af4    0x18e  buffer-queue.o [73]
      .text               ro code  0x00014c82    0x22e  mac-packet-header.o [73]
      .text               ro code  0x00014eb0     0x32  enhanced-beacon-request-stub.o [74]
      .text               ro code  0x00014ee4    0x3e4  child-handling.o [73]
      .text               ro code  0x000152c8   0x1b78  network.o [73]
      .text               ro code  0x00016e40    0x958  zigbee-device-util.o [73]
      .text               ro code  0x00017798    0x188  token-cache.o [73]
      .text               ro code  0x00017920    0x3b4  management.o [73]
      .text               ro code  0x00017cd4    0x496  leave.o [73]
      .text               ro code  0x0001816a      0x6  debug-extended-stub.o [56]
      .text               ro code  0x00018170    0x4f0  zigbee-stack.o [73]
      .text               ro code  0x00018660    0x42c  random-id.o [73]
      .text               ro code  0x00018a8c    0xf90  aps-security.o [73]
      .text               ro code  0x00019a1c    0x858  child.o [73]
      .text               ro code  0x0001a274      0xe  zdo-r22-stub.o [74]
      .text               ro code  0x0001a284    0x128  command.o [73]
      .text               ro code  0x0001a3ac    0x210  child-aging.o [73]
      .text               ro code  0x0001a5bc      0x8  ember-multi-phy-stub.o [73]
      .text               ro code  0x0001a5c4      0xc  mac-header.o [73]
      .text               ro code  0x0001a5d0      0x8  mac-header.o [73]
      .text               ro code  0x0001a5d8    0x680  zigbee-packet-header.o [73]
      .text               ro code  0x0001ac58    0x6fc  indirect-queue.o [73]
      .text               ro code  0x0001b354    0x32e  retry.o [73]
      .text               ro code  0x0001b684    0x9b0  neighbor.o [73]
      .text               ro code  0x0001c034    0x6b4  trust-center-util.o [73]
      .text               ro code  0x0001c6e8     0x62  memcmp_unaligned.o [69]
      .text               ro code  0x0001c74c     0xb0  mac-flat-header.o [73]
      .text               ro code  0x0001c7fc     0x34  mac-info-element-parsing-stub.o [74]
      .text               ro code  0x0001c830      0x8  packet-handoff.o [38]
      .text               ro code  0x0001c838    0x280  mac-dispatch.o [73]
      .text               ro code  0x0001cab8    0x250  zigbee-upper-mac.o [73]
      .text               ro code  0x0001cd08   0x13aa  lower-mac-rail-802.15.4.o [73]
      .text               ro code  0x0001e0b4    0x790  aps-keys.o [73]
      .text               ro code  0x0001e844     0x14  gp-stub.o [59]
      .text               ro code  0x0001e858    0x59c  micro.o [14]
      .text               ro code  0x0001edf4     0xa4  cstartup-common.o [14]
      .text               ro code  0x0001ee98    0x39c  diagnostic.o [14]
      .text               ro code  0x0001f234     0x9c  security-address-cache.o [1]
      .text               ro code  0x0001f2d0    0x6ae  command-interpreter2.o [1]
      .text               ro code  0x0001f980    0xb6c  application-support.o [73]
      .text               ro code  0x000204ec     0xf8  zigbee-dispatch.o [73]
      .text               ro code  0x000205e4    0x290  legacy-packet-buffer.o [73]
      .text               ro code  0x00020874    0x164  aes-mmo.o [73]
      .text               ro code  0x000209d8     0x58  source-route-stub.o [72]
      .text               ro code  0x00020a30    0x33a  form-and-join.o [19]
      .text               ro code  0x00020d6c     0x8c  multi-network.o [73]
      .text               ro code  0x00020df8    0x3bc  mac-header.o [73]
      .text               ro code  0x000211b4    0x19e  sl_sleeptimer_hal_rtcc.o [16]
      .text               ro code  0x00021354     0xee  I64DivMod.o [69]
      .text               ro code  0x00021444     0x1e  U64Shr.o [69]
      .text               ro code  0x00021464    0x1c6  em_timer.o [17]
      .text               ro code  0x0002162c    0x3b0  sl_power_manager.o [21]
      .text               ro code  0x000219dc    0x9c8  com.o [41]
      .text               ro code  0x000223a4     0x84  em_emu.o [17]
      .text               ro code  0x00022428     0x44  em_core.o [17]
      .text               ro code  0x0002246c      0x4  em_core.o [17]
      .text               ro code  0x00022470    0x2b6  ember-printf.o [15]
      .text               ro code  0x00022728    0x18c  bootloader-interface-app.o [18]
      .text               ro code  0x000228b4     0x3a  ABImemset48.o [69]
      .text               ro code  0x000228f0    0x104  reporting-default-configuration.o [39]
      .text               ro code  0x000229f4     0xd0  idle-sleep.o [26]
      .text               ro code  0x00022ac4     0x10  strong-random-api.o [44]
      .text               ro code  0x00022ad4    0xd04  ota-client.o [32]
      .text               ro code  0x000237d8    0x132  call-command-handler.o [1]
      .text               ro code  0x0002390c   0x1044  ikk-network.o [4]
      .text               ro code  0x00024950    0x18c  zigbee-device-library.o [1]
      .text               ro code  0x00024adc     0xaa  diagnostic-server-soc.o [12]
      .text               ro code  0x00024b88    0x444  service-discovery-common.o [46]
      .text               ro code  0x00024fcc    0x5fc  network-steering.o [28]
      .text               ro code  0x000255c8    0x3fc  ias-zone-server.o [24]
      .text               ro code  0x000259c4    0xa64  aps-retry.o [73]
      .text               ro code  0x00026428    0x2c8  ikk-rtt.o [5]
      .text               ro code  0x000266f0    0xa0c  ikk-opt-tunnel.o [4]
      .text               ro code  0x000270fc    0x770  ikk-factory-test.o [4]
      .text               ro code  0x0002786c    0x584  ikk-uart.o [3]
      .text               ro code  0x00027df0    0x312  ota-storage-simple.o [36]
      .text               ro code  0x00028104    0x138  ikk-ota.o [4]
      .text               ro code  0x0002823c    0x36c  ikk-led.o [3]
      .text               ro code  0x000285a8     0x36  strlen.o [69]
      .text               ro code  0x000285e0    0x450  ikk-adc.o [3]
      .text               ro code  0x00028a30    0x39c  ikk-command.o [4]
      .text               ro code  0x00028dcc     0x26  crc.o [1]
      .text               ro code  0x00028df4    0x1d0  mfglib.o [65]
      .text               ro code  0x00028fc4     0x3c  ikk-p824m.o [2]
      .text               ro code  0x00029000      0x4  led.o [14]
      .text               ro code  0x00029004     0x54  form-and-join-node-adapter.o [19]
      .text               ro code  0x00029058    0x2cc  ikk-common-utils.o [4]
      .text               ro code  0x00029324     0x70  faults-v7m.o [14]
      .text               ro code  0x00029394    0x144  system_efr32mg21.o [17]
      .text               ro code  0x000294d8    0x242  nvm3_page.o [62]
      .text               ro code  0x0002971c    0x1ba  nvm3_object.o [62]
      .text               ro code  0x000298d8    0x242  nvm3_cache.o [62]
      .text               ro code  0x00029b1a     0x3e  nvm3_utils.o [62]
      .text               ro code  0x00029b58     0x10  nvm3_lock.o [29]
      .text               ro code  0x00029b68      0xc  nvm3_lock.o [29]
      .text               ro code  0x00029b74      0x2  nvm3_lock.o [29]
      .text               ro code  0x00029b76     0x18  sl_se_management.o [27]
      .text               ro code  0x00029b90    0x11c  em_se.o [17]
      Veneer              ro code  0x00029cac      0x8  - Linker created -
      .text               ro code  0x00029cb4     0x68  flash.o [60]
      .text               ro code  0x00029d1c    0x5cc  route-table.o [73]
      .text               ro code  0x0002a2e8    0x254  broadcast.o [73]
      .text               ro code  0x0002a53c     0xa0  unicast-table.o [73]
      .text               ro code  0x0002a5dc    0x456  crypto.o [73]
      .text               ro code  0x0002aa34    0x248  store-forward.o [73]
      .text               ro code  0x0002ac7c    0x5e4  aps-encryption.o [73]
      .text               ro code  0x0002b260    0x358  jit.o [73]
      .text               ro code  0x0002b5b8    0x832  route-discovery.o [73]
      .text               ro code  0x0002bdec    0x118  zigbee-mac-header.o [73]
      .text               ro code  0x0002bf04    0x2d0  packet-validate.o [68]
      .text               ro code  0x0002c1d4    0x17c  route-error.o [73]
      .text               ro code  0x0002c350    0x428  neighbor-exchange.o [73]
      .text               ro code  0x0002c778    0xb3c  zigbee-device.o [73]
      .text               ro code  0x0002d2b4      0x8  end-device-bind-stub.o [58]
      .text               ro code  0x0002d2bc     0x54  af-trust-center.o [46]
      .text               ro code  0x0002d310      0x4  debug-platform-stub.o [55]
      .text               ro code  0x0002d314     0x94  ember-library.o [73]
      .text               ro code  0x0002d3a8    0x48a  rail_rf.o [63]
      .text               ro code  0x0002d834     0x18  eui64.o [73]
      .text               ro code  0x0002d84c     0x12  phy-util.o [73]
      .text               ro code  0x0002d860    0x126  multi-pan-common.o [67]
      .text               ro code  0x0002d986      0x6  cbke-crypto-engine-163k1-stub.o [49]
      .text               ro code  0x0002d98c      0x6  cbke-crypto-engine-283k1-stub.o [50]
      .text               ro code  0x0002d992      0xe  cbke-crypto-engine-stub.o [54]
      .text               ro code  0x0002d9a0     0x58  micro-common-internal.o [60]
      .text               ro code  0x0002d9f8     0x6c  install-code-tokens.o [61]
      .text               ro code  0x0002da64    0x548  aps-keys-transient.o [73]
      .text               ro code  0x0002dfac     0x62  hmac.o [73]
      .text               ro code  0x0002e00e     0x12  aps-keys-full-stub.o [70]
      .text               ro code  0x0002e020     0x88  aes-efm32.o [73]
      .text               ro code  0x0002e0a8      0x2  ember-duty-cycle-stub.o [73]
      .text               ro code  0x0002e0ac     0x22  I64Shl.o [69]
      .text               ro code  0x0002e0ce     0x10  coexistence-802154.o [10]
      .text               ro code  0x0002e0e0    0x18c  rail_singleprotocol.o [63]
      .text               ro code  0x0002e26c     0xe0  hal-config.o [21]
      .text               ro code  0x0002e34c     0xd0  rail_tx.o [63]
      .text               ro code  0x0002e41c    0x194  rail_ieee802154.o [63]
      .text               ro code  0x0002e5b0     0xe4  rail_data.o [63]
      .text               ro code  0x0002e694     0x96  rail_calibration.o [63]
      .text               ro code  0x0002e72a      0x8  rail_timer.o [63]
      .text               ro code  0x0002e734     0x34  antenna-stub.o [7]
      .text               ro code  0x0002e768     0xb0  rail_autoack.o [63]
      .text               ro code  0x0002e818     0x3a  rail_rx.o [63]
      .text               ro code  0x0002e852     0x1c  rail_rssi.o [63]
      .text               ro code  0x0002e870     0x70  security-config-mfg.o [73]
      .text               ro code  0x0002e8e0     0xf8  sl_mpu.o [21]
      .text               ro code  0x0002e9d8     0x1c  em_system.o [17]
      .text               ro code  0x0002e9f4     0xde  sl_hfxo_manager.o [22]
      .text               ro code  0x0002ead4    0x1a0  tempdrv.o [16]
      .text               ro code  0x0002ec74    0x2d0  rail_power_manager.o [63]
      .text               ro code  0x0002ef44     0x1c  pa_conversions_efr32.o [63]
      .text               ro code  0x0002ef60     0x1c  em_rmu.o [17]
      .text               ro code  0x0002ef7c     0x1c  core-cli.o [46]
      .text               ro code  0x0002ef98      0x4  cbke-crypto-engine-dsa-sign-stub.o [51]
      .text               ro code  0x0002ef9c     0xe4  em_rtcc.o [17]
      .text               ro code  0x0002f080      0x2  I64DivZer.o [69]
      .text               ro code  0x0002f082      0x8  em_core.o [17]
      .text               ro code  0x0002f08a      0x6  em_core.o [17]
      .text               ro code  0x0002f090     0x10  sl_slist.o [21]
      .text               ro code  0x0002f0a0    0x208  sl_power_manager_hal_s2.o [21]
      .text               ro code  0x0002f2a8      0x4  sl_power_manager.o [21]
      .text               ro code  0x0002f2ac    0xcc4  uartdrv.o [16]
      .text               ro code  0x0002ff70    0x284  em_usart.o [17]
      .text               ro code  0x000301f4    0x140  em_gpio.o [17]
      .text               ro code  0x00030334     0x40  btl_interface.o [18]
      .text               ro code  0x00030374     0x9e  ota-client-policy.o [33]
      .text               ro code  0x00030412     0x20  ota-client-page-request.o [32]
      .text               ro code  0x00030434     0xda  ota-common.o [34]
      .text               ro code  0x00030510    0x2d0  ota-storage-eeprom-page-erase.o [37]
      .text               ro code  0x000307e0    0x248  ota-storage-eeprom.o [37]
      .text               ro code  0x00030a28    0x19c  ota-storage-common.o [35]
      .text               ro code  0x00030bc4      0x4  ota-client-signature-verify.o [32]
      .text               ro code  0x00030bc8     0x28  basic.o [8]
      .text               ro code  0x00030bf0    0x124  identify.o [25]
      .text               ro code  0x00030d14     0x38  ikk-tick-handler.o [4]
      .text               ro code  0x00030d4c    0x450  ikk-button.o [3]
      .text               ro code  0x0003119c     0x1c  zigbee-device-common.o [1]
      .text               ro code  0x000311b8     0x5c  service-discovery-soc.o [46]
      .text               ro code  0x00031214      0x2  af-security-common.o [46]
      .text               ro code  0x00031218    0x31a  SEGGER_RTT.o [5]
      .text               ro code  0x00031534    0x13c  zcl-cli.o [46]
      .text               ro code  0x00031670     0xec  ikk-pwm.o [3]
      .text               ro code  0x0003175c      0xc  tolower.o [57]
      .text               ro code  0x00031768     0x20  srand.o [57]
      .text               ro code  0x00031788     0xe0  rand.o [57]
      .text               ro code  0x00031868      0xc  sl_se_manager.o [27]
      .text               ro code  0x00031874     0x2c  em_msc.o [17]
      .text               ro code  0x000318a0    0x1c4  ccm-star.o [9]
      .text               ro code  0x00031a64    0x1c4  zdo-binding-table.o [48]
      .text               ro code  0x00031c28    0x3e4  zdo-channel.o [73]
      .text               ro code  0x0003200c     0x28  rfhal_module.o [63]
      .text               ro code  0x00032034   0x177c  rail_rf_hal.o [63]
      .text               ro code  0x000337b0     0x18  rail_assert.o [63]
      .text               ro code  0x000337c8     0xd4  pa_conversions_efr32.o [63]
      .text               ro code  0x0003389c     0xc8  rfhal_antenna.o [63]
      .text               ro code  0x00033964    0x104  se_aes.o [27]
      .text               ro code  0x00033a68     0xb4  pa_conversions_efr32.o [63]
      .text               ro code  0x00033b1c    0x228  rail_ieee802154_rf_hal.o [63]
      .text               ro code  0x00033d44     0xe8  rfhal_ircal.o [63]
      .text               ro code  0x00033e2c      0x4  faults-v7m.o [14]
      .text               ro code  0x00033e30    0x284  sl_hfxo_manager_hal_s2.o [22]
      .text               ro code  0x000340b4    0x418  dmadrv.o [16]
      .text               ro code  0x000344cc     0xc0  gpiointerrupt.o [16]
      .text               ro code  0x0003458c     0x4c  em_core.o [17]
      .text               ro code  0x000345d8      0x4  eeprom-afv2.o [13]
      .text               ro code  0x000345dc     0x18  ota-bootload-soc.o [31]
      .text               ro code  0x000345f4    0x1cc  ikk-relay.o [3]
      .text               ro code  0x000347c0      0x2  xtls.o [57]
      .text               ro code  0x000347c4    0x264  rfhal_timings.o [63]
      .text               ro code  0x00034a28     0x12  rail_ble_rf_hal.o [63]
      .text               ro code  0x00034a3c    0x5fc  rfhal_radio.o [63]
      .text               ro code  0x00035038    0xfc0  generic_phy.o [63]
      .text               ro code  0x00035ff8    0x7cc  rfhal_pa.o [63]
      .text               ro code  0x000367c4    0x650  rfhal_bufc.o [63]
      .text               ro code  0x00036e14    0x54e  rfhal_protimer.o [63]
      .text               ro code  0x00037364     0x34  rfhal_tempcal.o [63]
      .text               ro code  0x00037398    0x3b8  rfhal_synth.o [63]
      .text               ro code  0x00037750    0x124  rfhal_rand.o [63]
      .text               ro code  0x00037874    0x168  rfhal_rtccsync.o [63]
      .text               ro code  0x000379dc    0x188  em_ldma.o [17]
      .text               ro code  0x00037b64    0x180  ikk-timer.o [3]
      .text               ro code  0x00037ce4     0x54  seq_globals.o [63]
      .text               ro code  0x00037d38      0x4  rail_mfm_rf_hal.o [63]
      .text               ro code  0x00037d3c    0x10c  rfhal_pti.o [63]
      .text               ro code  0x00037e48     0x18  rfhal_rtccsync.o [63]
      .text               ro code  0x00037e60     0x1c  I32ToDbl.o [64]
      .text               ro code  0x00037e7c    0x256  DblDiv.o [64]
      .text               ro code  0x000380d4    0x1a2  DblMul.o [64]
      .text               ro code  0x00038278     0x2c  DblToI32.o [64]
      Veneer              ro code  0x000382a4      0x8  - Linker created -
      .text               ro code  0x000382ac     0xf8  nvm3_hal_flash.o [30]
      .text               ro code  0x000383a4      0x4  faults-v7m.o [14]
      .text               ro code  0x000383a8      0x4  faults-v7m.o [14]
      .text               ro code  0x000383ac      0x4  faults-v7m.o [14]
      .text               ro code  0x000383b0      0x4  faults-v7m.o [14]
      .text               ro code  0x000383b4      0x4  faults-v7m.o [14]
      .text               ro code  0x000383b8      0x4  isr-stubs.o [14]
      .text               ro code  0x000383bc     0x22  fpinit_M.o [64]
      .text               ro code  0x000383e0     0x1a  cmain.o [69]
      .text               ro code  0x000383fa      0x4  low_level_init.o [57]
      .text               ro code  0x00038400     0x28  data_init.o [69]
      .text               ro code  0x00038428     0x16  simple-main.o [43]
      .text               ro code  0x0003843e      0x4  exit.o [57]
      .text               ro code  0x00038442      0x4  sl_mbedtls.o [27]
      .text               ro code  0x00038448      0xa  cexit.o [69]
      .text               ro code  0x00038454      0xc  XXexit.o [69]
      .text               ro code  0x00038460      0xe  startup_efr32mg21.o [60]
      .text               ro code  0x0003846e      0xc  cstartup_M.o [69]
      .text               ro code  0x0003847a     0x40  zero_init3.o [69]
      .text               ro code  0x000384ba     0x78  lz77_init_single.o [69]
    .rodata               const    0x00038534     0x3c  af-main-common.o [46]
    .rodata               const    0x00038570     0x3c  af-main-common.o [46]
    .rodata               const    0x000385ac     0x3c  af-main-common.o [46]
    .rodata               const    0x000385e8     0x3c  af-main-common.o [46]
    .rodata               const    0x00038624      0x4  af-main-common.o [46]
    .rodata               const    0x00038628     0x34  af-main-common.o [46]
    .rodata               const    0x0003865c     0x18  af-main-common.o [46]
    .rodata               const    0x00038674     0x20  af-main-common.o [46]
    .rodata               const    0x00038694      0x4  af-main-common.o [46]
    .rodata               const    0x00038698     0x10  af-main-common.o [46]
    .rodata               const    0x000386a8     0x18  af-main-soc.o [46]
    .rodata               const    0x000386c0     0x20  af-main-soc.o [46]
    .rodata               const    0x000386e0     0x14  af-main-soc.o [46]
    .rodata               const    0x000386f4      0x8  af-main-soc.o [46]
    .rodata               const    0x000386fc     0x10  af-main-soc.o [46]
    .rodata               const    0x0003870c      0xc  af-main-soc.o [46]
    .rodata               const    0x00038718     0x18  af-main-soc.o [46]
    .rodata               const    0x00038730     0x30  attribute-size.o [46]
    .rodata               const    0x00038760     0x70  attribute-storage.o [46]
    .rodata               const    0x000387d0      0x4  attribute-storage.o [46]
    .rodata               const    0x000387d4      0x8  attribute-storage.o [46]
    .rodata               const    0x000387dc      0x8  attribute-storage.o [46]
    .rodata               const    0x000387e4      0xc  attribute-storage.o [46]
    .rodata               const    0x000387f0     0x28  attribute-storage.o [46]
    .rodata               const    0x00038818      0x4  attribute-storage.o [46]
    .rodata               const    0x0003881c    0x1f8  attribute-storage.o [46]
    .rodata               const    0x00038a14     0xdc  attribute-storage.o [46]
    .rodata               const    0x00038af0      0x8  attribute-storage.o [46]
    .rodata               const    0x00038af8      0x4  attribute-storage.o [46]
    .rodata               const    0x00038afc      0x4  attribute-storage.o [46]
    .rodata               const    0x00038b00     0x28  client-api.o [46]
    .rodata               const    0x00038b28     0x1c  client-api.o [46]
    .rodata               const    0x00038b44     0x34  client-api.o [46]
    .rodata               const    0x00038b78     0x30  client-api.o [46]
    .rodata               const    0x00038ba8     0x18  message.o [46]
    .rodata               const    0x00038bc0     0x2c  process-cluster-message.o [46]
    .rodata               const    0x00038bec      0x8  process-cluster-message.o [46]
    .rodata               const    0x00038bf4      0xc  process-global-message.o [46]
    .rodata               const    0x00038c00     0x1c  process-global-message.o [46]
    .rodata               const    0x00038c1c      0x8  process-global-message.o [46]
    .rodata               const    0x00038c24     0x18  process-global-message.o [46]
    .rodata               const    0x00038c3c     0x20  util.o [46]
    .rodata               const    0x00038c5c     0x1c  util.o [46]
    .rodata               const    0x00038c78      0x8  util.o [46]
    .rodata               const    0x00038c80     0x28  util.o [46]
    .rodata               const    0x00038ca8      0x8  util.o [46]
    .rodata               const    0x00038cb0      0x8  util.o [46]
    .rodata               const    0x00038cb8      0x8  util.o [46]
    .rodata               const    0x00038cc0      0x8  util.o [46]
    .rodata               const    0x00038cc8     0x28  util.o [46]
    .rodata               const    0x00038cf0     0x28  util.o [46]
    .rodata               const    0x00038d18      0x8  util.o [46]
    .rodata               const    0x00038d20     0x28  util.o [46]
    .rodata               const    0x00038d48     0x1c  util.o [46]
    .rodata               const    0x00038d64      0x8  util.o [46]
    .rodata               const    0x00038d6c     0x10  util.o [46]
    .rodata               const    0x00038d7c     0x10  util.o [46]
    .rodata               const    0x00038d8c     0x20  util.o [46]
    .rodata               const    0x00038dac     0x14  util.o [46]
    .rodata               const    0x00038dc0     0x24  zcl-cli.o [46]
    .rodata               const    0x00038de4      0xc  zcl-cli.o [46]
    .rodata               const    0x00038df0     0x14  update-tc-link-key.o [45]
    .rodata               const    0x00038e04     0x18  update-tc-link-key.o [45]
    .rodata               const    0x00038e1c      0x8  update-tc-link-key.o [45]
    .rodata               const    0x00038e24      0x8  update-tc-link-key.o [45]
    .rodata               const    0x00038e2c      0xc  update-tc-link-key.o [45]
    .rodata               const    0x00038e38     0x10  update-tc-link-key.o [45]
    .rodata               const    0x00038e48     0x30  update-tc-link-key.o [45]
    .rodata               const    0x00038e78     0x28  serial.o [42]
    .rodata               const    0x00038ea0     0x24  serial.o [42]
    .rodata               const    0x00038ec4      0x8  com.o [41]
    .rodata               const    0x00038ecc     0x3c  reporting-default-configuration.o [39]
    .rodata               const    0x00038f08     0x18  reporting.o [39]
    .rodata               const    0x00038f20     0x24  reporting.o [39]
    .rodata               const    0x00038f44     0x20  reporting.o [39]
    .rodata               const    0x00038f64     0x18  reporting.o [39]
    .rodata               const    0x00038f7c     0x20  ota-storage-eeprom-page-erase.o [37]
    .rodata               const    0x00038f9c     0x18  ota-storage-eeprom.o [37]
    .rodata               const    0x00038fb4      0x4  ota-storage-eeprom.o [37]
    .rodata               const    0x00038fb8      0xc  ota-storage-eeprom.o [37]
    .rodata               const    0x00038fc4      0xc  ota-storage-eeprom.o [37]
    .rodata               const    0x00038fd0      0x4  ota-storage-simple.o [36]
    .rodata               const    0x00038fd4     0x10  ota-storage-common.o [35]
    .rodata               const    0x00038fe4     0x14  ota-common.o [34]
    .rodata               const    0x00038ff8      0xc  ota-common.o [34]
    .rodata               const    0x00039004      0xc  ota-client.o [32]
    .rodata               const    0x00039010      0xc  ota-client.o [32]
    .rodata               const    0x0003901c      0x4  ota-client.o [32]
    .rodata               const    0x00039020      0x8  ota-client.o [32]
    .rodata               const    0x00039028     0x14  ota-bootload-soc.o [31]
    .rodata               const    0x0003903c     0x1c  nvm3_hal_flash.o [30]
    .rodata               const    0x00039058      0x4  nvm3_lock.o [29]
    .rodata               const    0x0003905c     0x2c  network-steering-soc.o [28]
    .rodata               const    0x00039088      0x8  network-steering.o [28]
    .rodata               const    0x00039090     0x30  network-steering.o [28]
    .rodata               const    0x000390c0     0x30  network-steering.o [28]
    .rodata               const    0x000390f0     0x2c  network-steering.o [28]
    .rodata               const    0x0003911c     0x30  network-steering.o [28]
    .rodata               const    0x0003914c     0x30  network-steering.o [28]
    .rodata               const    0x0003917c     0x30  network-steering.o [28]
    .rodata               const    0x000391ac     0x30  network-steering.o [28]
    .rodata               const    0x000391dc     0x30  network-steering.o [28]
    .rodata               const    0x0003920c     0x3c  network-steering.o [28]
    .rodata               const    0x00039248     0x24  network-steering.o [28]
    .rodata               const    0x0003926c     0x24  network-steering.o [28]
    .rodata               const    0x00039290     0x1c  network-steering.o [28]
    .rodata               const    0x000392ac     0x14  network-steering.o [28]
    .rodata               const    0x000392c0     0x28  network-steering.o [28]
    .rodata               const    0x000392e8     0x14  network-steering.o [28]
    .rodata               const    0x000392fc     0x2c  network-steering.o [28]
    .rodata               const    0x00039328     0x2c  network-steering.o [28]
    .rodata               const    0x00039354     0x18  network-steering.o [28]
    .rodata               const    0x0003936c     0x10  network-steering.o [28]
    .rodata               const    0x0003937c     0x2c  network-steering.o [28]
    .rodata               const    0x000393a8     0x50  network-steering.o [28]
    .rodata               const    0x000393f8     0x10  network-steering.o [28]
    .rodata               const    0x00039408      0x8  network-steering.o [28]
    .rodata               const    0x00039410     0x44  network-steering.o [28]
    .rodata               const    0x00039454     0x1c  network-steering.o [28]
    .rodata               const    0x00039470     0x24  network-steering.o [28]
    .rodata               const    0x00039494     0x10  network-steering.o [28]
    .rodata               const    0x000394a4     0x10  network-steering.o [28]
    .rodata               const    0x000394b4     0x10  network-steering.o [28]
    .rodata               const    0x000394c4     0x20  se_aes.o [27]
    .rodata               const    0x000394e4      0xc  se_aes.o [27]
    .rodata               const    0x000394f0      0xc  se_aes.o [27]
    .rodata               const    0x000394fc      0xc  se_aes.o [27]
    .rodata               const    0x00039508      0x8  ias-zone-server.o [24]
    .rodata               const    0x00039510      0x8  ias-zone-server.o [24]
    .rodata               const    0x00039518     0x14  hal-config.o [21]
    .rodata               const    0x0003952c     0x10  hal-config.o [21]
    .rodata               const    0x0003953c     0x28  hal-config.o [21]
    .rodata               const    0x00039564     0x1c  bootloader-interface-app.o [18]
    .rodata               const    0x00039580     0x40  bootloader-interface.o [18]
    .rodata               const    0x000395c0     0x20  em_se.o [17]
    .rodata               const    0x000395e0      0xc  em_se.o [17]
    .rodata               const    0x000395ec     0x20  em_se.o [17]
    .rodata               const    0x0003960c     0x10  dmadrv.o [16]
    .rodata               const    0x0003961c     0x10  dmadrv.o [16]
    .rodata               const    0x0003962c     0x10  dmadrv.o [16]
    .rodata               const    0x0003963c      0x4  dmadrv.o [16]
    .rodata               const    0x00039640      0x8  sl_sleeptimer_hal_rtcc.o [16]
    .rodata               const    0x00039648      0x8  sl_sleeptimer_hal_rtcc.o [16]
    .rodata               const    0x00039650      0x8  uartdrv.o [16]
    .rodata               const    0x00039658     0x1c  uartdrv.o [16]
    .rodata               const    0x00039674     0x10  ustimer.o [16]
    .rodata               const    0x00039684     0x10  ustimer.o [16]
    .rodata               const    0x00039694     0x24  ember-printf.o [15]
    .rodata               const    0x000396b8     0x14  assert-crash-handlers.o [14]
    .rodata               const    0x000396cc     0x20  cstartup-common.o [14]
    .rodata               const    0x000396ec     0x40  diagnostic.o [14]
    .rodata               const    0x0003972c     0x38  diagnostic.o [14]
    .rodata               const    0x00039764     0x44  diagnostic.o [14]
    .rodata               const    0x000397a8     0x3c  diagnostic.o [14]
    .rodata               const    0x000397e4     0x30  diagnostic.o [14]
    .rodata               const    0x00039814     0x30  diagnostic.o [14]
    .rodata               const    0x00039844     0x24  diagnostic.o [14]
    .rodata               const    0x00039868     0x28  diagnostic.o [14]
    .rodata               const    0x00039890     0x40  diagnostic.o [14]
    .rodata               const    0x000398d0     0x3c  diagnostic.o [14]
    .rodata               const    0x0003990c     0x30  diagnostic.o [14]
    .rodata               const    0x0003993c     0x38  diagnostic.o [14]
    .rodata               const    0x00039974     0x3c  diagnostic.o [14]
    .rodata               const    0x000399b0     0x30  diagnostic.o [14]
    .rodata               const    0x000399e0     0x38  diagnostic.o [14]
    .rodata               const    0x00039a18     0x30  diagnostic.o [14]
    .rodata               const    0x00039a48     0x40  diagnostic.o [14]
    .rodata               const    0x00039a88     0x14  diagnostic.o [14]
    .rodata               const    0x00039a9c      0xc  diagnostic.o [14]
    .rodata               const    0x00039aa8      0xc  diagnostic.o [14]
    .rodata               const    0x00039ab4     0x10  diagnostic.o [14]
    .rodata               const    0x00039ac4     0x14  diagnostic.o [14]
    .rodata               const    0x00039ad8      0xc  diagnostic.o [14]
    .rodata               const    0x00039ae4      0xc  diagnostic.o [14]
    .rodata               const    0x00039af0      0xc  diagnostic.o [14]
    .rodata               const    0x00039afc      0xc  diagnostic.o [14]
    .rodata               const    0x00039b08      0xc  diagnostic.o [14]
    .rodata               const    0x00039b14      0xc  diagnostic.o [14]
    .rodata               const    0x00039b20     0x10  diagnostic.o [14]
    .rodata               const    0x00039b30     0x10  diagnostic.o [14]
    .rodata               const    0x00039b40     0x10  diagnostic.o [14]
    .rodata               const    0x00039b50     0x10  diagnostic.o [14]
    .rodata               const    0x00039b60     0x10  diagnostic.o [14]
    .rodata               const    0x00039b70     0x10  diagnostic.o [14]
    .rodata               const    0x00039b80     0x10  diagnostic.o [14]
    .rodata               const    0x00039b90      0xc  diagnostic.o [14]
    .rodata               const    0x00039b9c     0x10  diagnostic.o [14]
    .rodata               const    0x00039bac      0xc  diagnostic.o [14]
    .rodata               const    0x00039bb8      0xc  diagnostic.o [14]
    .rodata               const    0x00039bc4      0xc  diagnostic.o [14]
    .rodata               const    0x00039bd0      0xc  diagnostic.o [14]
    .rodata               const    0x00039bdc      0xc  diagnostic.o [14]
    .rodata               const    0x00039be8     0x10  diagnostic.o [14]
    .rodata               const    0x00039bf8     0x10  diagnostic.o [14]
    .rodata               const    0x00039c08      0xc  diagnostic.o [14]
    .rodata               const    0x00039c14      0xc  diagnostic.o [14]
    .rodata               const    0x00039c20      0xc  diagnostic.o [14]
    .rodata               const    0x00039c2c      0xc  diagnostic.o [14]
    .rodata               const    0x00039c38      0xc  diagnostic.o [14]
    .rodata               const    0x00039c44      0xc  diagnostic.o [14]
    .rodata               const    0x00039c50     0x10  diagnostic.o [14]
    .rodata               const    0x00039c60      0xc  diagnostic.o [14]
    .rodata               const    0x00039c6c      0xc  diagnostic.o [14]
    .rodata               const    0x00039c78     0x10  diagnostic.o [14]
    .rodata               const    0x00039c88     0x10  diagnostic.o [14]
    .rodata               const    0x00039c98     0x10  diagnostic.o [14]
    .rodata               const    0x00039ca8      0xc  diagnostic.o [14]
    .rodata               const    0x00039cb4      0xc  diagnostic.o [14]
    .rodata               const    0x00039cc0      0xc  diagnostic.o [14]
    .rodata               const    0x00039ccc      0xc  diagnostic.o [14]
    .rodata               const    0x00039cd8      0xc  diagnostic.o [14]
    .rodata               const    0x00039ce4      0xc  diagnostic.o [14]
    .rodata               const    0x00039cf0      0xc  diagnostic.o [14]
    .rodata               const    0x00039cfc      0xc  diagnostic.o [14]
    .rodata               const    0x00039d08     0x10  diagnostic.o [14]
    .rodata               const    0x00039d18      0xc  diagnostic.o [14]
    .rodata               const    0x00039d24      0xc  diagnostic.o [14]
    .rodata               const    0x00039d30      0xc  diagnostic.o [14]
    .rodata               const    0x00039d3c      0xc  diagnostic.o [14]
    .rodata               const    0x00039d48      0xc  diagnostic.o [14]
    .rodata               const    0x00039d54      0xc  diagnostic.o [14]
    .rodata               const    0x00039d60      0xc  diagnostic.o [14]
    .rodata               const    0x00039d6c      0xc  diagnostic.o [14]
    .rodata               const    0x00039d78      0xc  diagnostic.o [14]
    .rodata               const    0x00039d84     0x10  diagnostic.o [14]
    .rodata               const    0x00039d94     0x10  diagnostic.o [14]
    .rodata               const    0x00039da4     0x10  diagnostic.o [14]
    .rodata               const    0x00039db4     0x10  diagnostic.o [14]
    .rodata               const    0x00039dc4      0x8  diagnostic.o [14]
    .rodata               const    0x00039dcc      0x8  diagnostic.o [14]
    .rodata               const    0x00039dd4      0x8  diagnostic.o [14]
    .rodata               const    0x00039ddc      0x8  diagnostic.o [14]
    .rodata               const    0x00039de4     0x30  diagnostic.o [14]
    .rodata               const    0x00039e14     0x3c  diagnostic.o [14]
    .rodata               const    0x00039e50     0x2c  diagnostic.o [14]
    .rodata               const    0x00039e7c     0x20  diagnostic.o [14]
    .rodata               const    0x00039e9c     0x30  diagnostic.o [14]
    .rodata               const    0x00039ecc     0x18  diagnostic.o [14]
    .rodata               const    0x00039ee4     0x40  diagnostic.o [14]
    .rodata               const    0x00039f24     0x30  diagnostic.o [14]
    .rodata               const    0x00039f54     0x1c  diagnostic.o [14]
    .rodata               const    0x00039f70     0x1c  diagnostic.o [14]
    .rodata               const    0x00039f8c     0x18  diagnostic.o [14]
    .rodata               const    0x00039fa4     0x3c  diagnostic.o [14]
    .rodata               const    0x00039fe0     0x34  diagnostic.o [14]
    .rodata               const    0x0003a014     0x3c  diagnostic.o [14]
    .rodata               const    0x0003a050     0x28  diagnostic.o [14]
    .rodata               const    0x0003a078     0x1c  diagnostic.o [14]
    .rodata               const    0x0003a094      0x8  diagnostic.o [14]
    .rodata               const    0x0003a09c     0x18  diagnostic.o [14]
    .rodata               const    0x0003a0b4     0x48  diagnostic.o [14]
    .rodata               const    0x0003a0fc     0x30  diagnostic.o [14]
    .rodata               const    0x0003a12c     0x1c  diagnostic.o [14]
    .rodata               const    0x0003a148     0x24  diagnostic.o [14]
    .rodata               const    0x0003a16c      0xc  diagnostic.o [14]
    .rodata               const    0x0003a178     0x68  diagnostic.o [14]
    .rodata               const    0x0003a1e0     0xf4  diagnostic.o [14]
    .rodata               const    0x0003a2d4     0xcc  diagnostic.o [14]
    .rodata               const    0x0003a3a0      0xc  mfg-token.o [14]
    .rodata               const    0x0003a3ac      0x8  mfg-token.o [14]
    .rodata               const    0x0003a3b4      0xc  micro-common.o [14]
    .rodata               const    0x0003a3c0      0x8  micro.o [14]
    .rodata               const    0x0003a3c8      0x8  micro.o [14]
    .rodata               const    0x0003a3d0     0x30  micro.o [14]
    .rodata               const    0x0003a400      0x4  micro.o [14]
    .rodata               const    0x0003a404     0x58  micro.o [14]
    .rodata               const    0x0003a45c     0x20  micro.o [14]
    .rodata               const    0x0003a47c      0xc  micro.o [14]
    .rodata               const    0x0003a488      0x8  micro.o [14]
    .rodata               const    0x0003a490      0xc  micro.o [14]
    .rodata               const    0x0003a49c     0x10  micro.o [14]
    .rodata               const    0x0003a4ac      0x8  micro.o [14]
    .rodata               const    0x0003a4b4      0xc  micro.o [14]
    .rodata               const    0x0003a4c0     0x10  micro.o [14]
    .rodata               const    0x0003a4d0     0x20  micro.o [14]
    .rodata               const    0x0003a4f0     0x20  micro.o [14]
    .rodata               const    0x0003a510     0x30  micro.o [14]
    .rodata               const    0x0003a540      0xc  sleep-efm32.o [14]
    .rodata               const    0x0003a54c     0x10  sleep-efm32.o [14]
    .rodata               const    0x0003a55c      0x8  token.o [14]
    .rodata               const    0x0003a564      0xc  eeprom.o [13]
    .rodata               const    0x0003a570     0x14  eeprom.o [13]
    .rodata               const    0x0003a584      0xc  eeprom.o [13]
    .rodata               const    0x0003a590     0x68  diagnostic-server-soc.o [12]
    .rodata               const    0x0003a5f8     0x40  diagnostic-server-soc.o [12]
    .rodata               const    0x0003a638     0x44  diagnostic-server-soc.o [12]
    .rodata               const    0x0003a67c     0x10  counters-soc.o [11]
    .rodata               const    0x0003a68c     0x14  counters-soc.o [11]
    .rodata               const    0x0003a6a0      0x8  antenna-stub.o [7]
    .rodata               const    0x0003a6a8      0xc  SEGGER_RTT.o [5]
    .rodata               const    0x0003a6b4      0x8  SEGGER_RTT.o [5]
    .rodata               const    0x0003a6bc      0xc  ikk-rtt.o [5]
    .rodata               const    0x0003a6c8     0x24  ikk-rtt.o [5]
    .rodata               const    0x0003a6ec     0x1c  ikk-rtt.o [5]
    .rodata               const    0x0003a708     0x1c  ikk-rtt.o [5]
    .rodata               const    0x0003a724     0x24  ikk-rtt.o [5]
    .rodata               const    0x0003a748     0x1c  ikk-rtt.o [5]
    .rodata               const    0x0003a764      0x8  ikk-rtt.o [5]
    .rodata               const    0x0003a76c     0x1c  ikk-rtt.o [5]
    .rodata               const    0x0003a788     0x24  ikk-rtt.o [5]
    .rodata               const    0x0003a7ac      0x8  ikk-cluster.o [4]
    .rodata               const    0x0003a7b4      0x8  ikk-cluster.o [4]
    .rodata               const    0x0003a7bc     0x2c  ikk-cluster.o [4]
    .rodata               const    0x0003a7e8     0x14  ikk-cluster.o [4]
    .rodata               const    0x0003a7fc     0x28  ikk-cluster.o [4]
    .rodata               const    0x0003a824     0x28  ikk-cluster.o [4]
    .rodata               const    0x0003a84c     0x10  ikk-cluster.o [4]
    .rodata               const    0x0003a85c     0x34  ikk-cluster.o [4]
    .rodata               const    0x0003a890     0x2c  ikk-cluster.o [4]
    .rodata               const    0x0003a8bc     0x20  ikk-cluster.o [4]
    .rodata               const    0x0003a8dc     0x20  ikk-cluster.o [4]
    .rodata               const    0x0003a8fc     0x6c  ikk-cluster.o [4]
    .rodata               const    0x0003a968     0x14  ikk-command.o [4]
    .rodata               const    0x0003a97c     0x18  ikk-command.o [4]
    .rodata               const    0x0003a994     0x10  ikk-command.o [4]
    .rodata               const    0x0003a9a4     0x20  ikk-command.o [4]
    .rodata               const    0x0003a9c4     0x20  ikk-command.o [4]
    .rodata               const    0x0003a9e4     0x10  ikk-command.o [4]
    .rodata               const    0x0003a9f4     0x10  ikk-command.o [4]
    .rodata               const    0x0003aa04     0x10  ikk-command.o [4]
    .rodata               const    0x0003aa14     0x1c  ikk-command.o [4]
    .rodata               const    0x0003aa30     0x18  ikk-common-utils.o [4]
    .rodata               const    0x0003aa48     0x1c  ikk-factory-test.o [4]
    .rodata               const    0x0003aa64     0x1c  ikk-factory-test.o [4]
    .rodata               const    0x0003aa80     0x1c  ikk-factory-test.o [4]
    .rodata               const    0x0003aa9c     0x3c  ikk-factory-test.o [4]
    .rodata               const    0x0003aad8     0x2c  ikk-factory-test.o [4]
    .rodata               const    0x0003ab04     0x2c  ikk-factory-test.o [4]
    .rodata               const    0x0003ab30     0x48  ikk-factory-test.o [4]
    .rodata               const    0x0003ab78     0x48  ikk-factory-test.o [4]
    .rodata               const    0x0003abc0     0x1c  ikk-factory-test.o [4]
    .rodata               const    0x0003abdc     0x24  ikk-factory-test.o [4]
    .rodata               const    0x0003ac00     0x28  ikk-factory-test.o [4]
    .rodata               const    0x0003ac28     0x20  ikk-factory-test.o [4]
    .rodata               const    0x0003ac48     0x18  ikk-factory-test.o [4]
    .rodata               const    0x0003ac60     0x1c  ikk-factory-test.o [4]
    .rodata               const    0x0003ac7c     0x10  ikk-factory-test.o [4]
    .rodata               const    0x0003ac8c     0x20  ikk-factory-test.o [4]
    .rodata               const    0x0003acac     0x4c  ikk-factory-test.o [4]
    .rodata               const    0x0003acf8     0x28  ikk-network.o [4]
    .rodata               const    0x0003ad20     0x20  ikk-network.o [4]
    .rodata               const    0x0003ad40     0x24  ikk-network.o [4]
    .rodata               const    0x0003ad64     0x28  ikk-network.o [4]
    .rodata               const    0x0003ad8c     0x28  ikk-network.o [4]
    .rodata               const    0x0003adb4     0x10  ikk-network.o [4]
    .rodata               const    0x0003adc4     0x24  ikk-network.o [4]
    .rodata               const    0x0003ade8     0x28  ikk-network.o [4]
    .rodata               const    0x0003ae10     0x24  ikk-network.o [4]
    .rodata               const    0x0003ae34     0x28  ikk-network.o [4]
    .rodata               const    0x0003ae5c     0x3c  ikk-network.o [4]
    .rodata               const    0x0003ae98     0x38  ikk-network.o [4]
    .rodata               const    0x0003aed0     0x30  ikk-network.o [4]
    .rodata               const    0x0003af00     0x18  ikk-network.o [4]
    .rodata               const    0x0003af18     0x18  ikk-network.o [4]
    .rodata               const    0x0003af30     0x1c  ikk-network.o [4]
    .rodata               const    0x0003af4c     0x18  ikk-network.o [4]
    .rodata               const    0x0003af64     0x30  ikk-network.o [4]
    .rodata               const    0x0003af94     0x30  ikk-network.o [4]
    .rodata               const    0x0003afc4     0x14  ikk-network.o [4]
    .rodata               const    0x0003afd8     0x34  ikk-network.o [4]
    .rodata               const    0x0003b00c     0x28  ikk-network.o [4]
    .rodata               const    0x0003b034      0x8  ikk-network.o [4]
    .rodata               const    0x0003b03c     0x34  ikk-network.o [4]
    .rodata               const    0x0003b070     0x1c  ikk-network.o [4]
    .rodata               const    0x0003b08c     0x14  ikk-network.o [4]
    .rodata               const    0x0003b0a0     0x24  ikk-network.o [4]
    .rodata               const    0x0003b0c4     0x28  ikk-network.o [4]
    .rodata               const    0x0003b0ec     0x30  ikk-network.o [4]
    .rodata               const    0x0003b11c     0x24  ikk-network.o [4]
    .rodata               const    0x0003b140     0x18  ikk-network.o [4]
    .rodata               const    0x0003b158     0x34  ikk-network.o [4]
    .rodata               const    0x0003b18c     0x3c  ikk-network.o [4]
    .rodata               const    0x0003b1c8     0x3c  ikk-network.o [4]
    .rodata               const    0x0003b204     0x24  ikk-network.o [4]
    .rodata               const    0x0003b228     0x1c  ikk-network.o [4]
    .rodata               const    0x0003b244     0x50  ikk-network.o [4]
    .rodata               const    0x0003b294     0x14  ikk-network.o [4]
    .rodata               const    0x0003b2a8      0x8  ikk-network.o [4]
    .rodata               const    0x0003b2b0     0x1c  ikk-network.o [4]
    .rodata               const    0x0003b2cc     0x28  ikk-network.o [4]
    .rodata               const    0x0003b2f4     0x34  ikk-network.o [4]
    .rodata               const    0x0003b328     0x30  ikk-network.o [4]
    .rodata               const    0x0003b358     0x14  ikk-network.o [4]
    .rodata               const    0x0003b36c     0x30  ikk-network.o [4]
    .rodata               const    0x0003b39c     0x14  ikk-network.o [4]
    .rodata               const    0x0003b3b0     0x14  ikk-network.o [4]
    .rodata               const    0x0003b3c4     0x14  ikk-network.o [4]
    .rodata               const    0x0003b3d8     0x28  ikk-network.o [4]
    .rodata               const    0x0003b400     0x30  ikk-network.o [4]
    .rodata               const    0x0003b430     0x20  ikk-network.o [4]
    .rodata               const    0x0003b450     0x20  ikk-network.o [4]
    .rodata               const    0x0003b470     0x1c  ikk-network.o [4]
    .rodata               const    0x0003b48c     0x1c  ikk-network.o [4]
    .rodata               const    0x0003b4a8     0x24  ikk-opt-tunnel.o [4]
    .rodata               const    0x0003b4cc     0x18  ikk-opt-tunnel.o [4]
    .rodata               const    0x0003b4e4     0x10  ikk-opt-tunnel.o [4]
    .rodata               const    0x0003b4f4     0x1c  ikk-opt-tunnel.o [4]
    .rodata               const    0x0003b510     0x28  ikk-opt-tunnel.o [4]
    .rodata               const    0x0003b538     0x2c  ikk-opt-tunnel.o [4]
    .rodata               const    0x0003b564     0x28  ikk-opt-tunnel.o [4]
    .rodata               const    0x0003b58c     0x20  ikk-opt-tunnel.o [4]
    .rodata               const    0x0003b5ac     0x5c  ikk-opt-tunnel.o [4]
    .rodata               const    0x0003b608     0x5c  ikk-opt-tunnel.o [4]
    .rodata               const    0x0003b664     0x5c  ikk-opt-tunnel.o [4]
    .rodata               const    0x0003b6c0     0x38  ikk-opt-tunnel.o [4]
    .rodata               const    0x0003b6f8     0x20  ikk-opt-tunnel.o [4]
    .rodata               const    0x0003b718     0x2c  ikk-opt-tunnel.o [4]
    .rodata               const    0x0003b744     0x2c  ikk-opt-tunnel.o [4]
    .rodata               const    0x0003b770     0x2c  ikk-opt-tunnel.o [4]
    .rodata               const    0x0003b79c     0x34  ikk-opt-tunnel.o [4]
    .rodata               const    0x0003b7d0     0x34  ikk-opt-tunnel.o [4]
    .rodata               const    0x0003b804     0x28  ikk-opt-tunnel.o [4]
    .rodata               const    0x0003b82c     0x34  ikk-opt-tunnel.o [4]
    .rodata               const    0x0003b860     0x1c  ikk-opt-tunnel.o [4]
    .rodata               const    0x0003b87c     0x1c  ikk-opt-tunnel.o [4]
    .rodata               const    0x0003b898     0x14  ikk-opt-tunnel.o [4]
    .rodata               const    0x0003b8ac     0x14  ikk-opt-tunnel.o [4]
    .rodata               const    0x0003b8c0     0x1c  ikk-opt-tunnel.o [4]
    .rodata               const    0x0003b8dc     0x30  ikk-opt-tunnel.o [4]
    .rodata               const    0x0003b90c     0x30  ikk-opt-tunnel.o [4]
    .rodata               const    0x0003b93c     0x24  ikk-opt-tunnel.o [4]
    .rodata               const    0x0003b960     0x1c  ikk-opt-tunnel.o [4]
    .rodata               const    0x0003b97c     0x10  ikk-opt-tunnel.o [4]
    .rodata               const    0x0003b98c     0x1c  ikk-ota.o [4]
    .rodata               const    0x0003b9a8     0x44  ikk-ota.o [4]
    .rodata               const    0x0003b9ec     0x28  ikk-ota.o [4]
    .rodata               const    0x0003ba14     0x30  ikk-ota.o [4]
    .rodata               const    0x0003ba44     0x38  ikk-adc.o [3]
    .rodata               const    0x0003ba7c     0x30  ikk-adc.o [3]
    .rodata               const    0x0003baac     0x2c  ikk-adc.o [3]
    .rodata               const    0x0003bad8     0x18  ikk-adc.o [3]
    .rodata               const    0x0003baf0     0x24  ikk-adc.o [3]
    .rodata               const    0x0003bb14     0x1c  ikk-adc.o [3]
    .rodata               const    0x0003bb30     0x48  ikk-adc.o [3]
    .rodata               const    0x0003bb78     0x34  ikk-adc.o [3]
    .rodata               const    0x0003bbac     0x4c  ikk-button.o [3]
    .rodata               const    0x0003bbf8     0x18  ikk-button.o [3]
    .rodata               const    0x0003bc10     0x50  ikk-button.o [3]
    .rodata               const    0x0003bc60     0x18  ikk-button.o [3]
    .rodata               const    0x0003bc78     0x34  ikk-button.o [3]
    .rodata               const    0x0003bcac     0x18  ikk-button.o [3]
    .rodata               const    0x0003bcc4     0x40  ikk-button.o [3]
    .rodata               const    0x0003bd04     0x54  ikk-button.o [3]
    .rodata               const    0x0003bd58     0x50  ikk-led.o [3]
    .rodata               const    0x0003bda8     0x34  ikk-timer.o [3]
    .rodata               const    0x0003bddc     0x10  ikk-timer.o [3]
    .rodata               const    0x0003bdec     0x18  ikk-uart.o [3]
    .rodata               const    0x0003be04     0x18  ikk-uart.o [3]
    .rodata               const    0x0003be1c     0x28  ikk-uart.o [3]
    .rodata               const    0x0003be44     0x28  ikk-uart.o [3]
    .rodata               const    0x0003be6c     0x50  ikk-uart.o [3]
    .rodata               const    0x0003bebc     0x20  ikk-uart.o [3]
    .rodata               const    0x0003bedc     0x14  ikk-uart.o [3]
    .rodata               const    0x0003bef0     0x38  ikk-user.o [2]
    .rodata               const    0x0003bf28     0x40  ikk-user.o [2]
    .rodata               const    0x0003bf68     0x2c  ikk-user.o [2]
    .rodata               const    0x0003bf94     0x30  ikk-user.o [2]
[...]
sli_hfxo_manager_begin_startup_measurement
                        0x0002ea39     0x12  Code  Gb  sl_hfxo_manager.o [22]
sli_hfxo_manager_end_startup_measurement
                        0x0002ea4b     0x5a  Code  Gb  sl_hfxo_manager.o [22]
sli_hfxo_manager_get_startup_time
                        0x0002eaa5      0x6  Code  Gb  sl_hfxo_manager.o [22]
sli_hfxo_manager_init_hardware
                        0x00033e31     0x20  Code  Gb  sl_hfxo_manager_hal_s2.o [22]
sli_hfxo_manager_is_hfxo_ready
                        0x00033e51     0x1e  Code  Gb  sl_hfxo_manager_hal_s2.o [22]
sli_hfxo_manager_notify_ready_for_power_manager
                        0x0002196b     0x2e  Code  Gb  sl_power_manager.o [21]
sli_mac_energy_scan     0x00009b35     0x32  Code  Gb  scan.o [73]
sli_mac_energy_scan_complete_callback
                        0x2000fbe8      0x4  Data  Gb  scan.o [73]
sli_mac_filter_match_check
                        0x00020e4f    0x104  Code  Gb  mac-header.o [73]
sli_mac_get_current_child_table_network_index
                        0x00012033     0x16  Code  Gb  mac-child.o [73]
sli_mac_init_child_table_pointers
                        0x0001201b     0x18  Code  Gb  mac-child.o [73]
sli_mac_pop_child_table_pointer
                        0x000120b5     0x38  Code  Gb  mac-child.o [73]
sli_mac_push_child_table_pointer
                        0x00012049     0x6c  Code  Gb  mac-child.o [73]
sli_power_manager_apply_em
                        0x0002f219     0x2a  Code  Gb  sl_power_manager_hal_s2.o [21]
sli_power_manager_convert_delay_us_to_tick
                        0x0002180f     0x12  Code  Gb  sl_power_manager.o [21]
sli_power_manager_get_default_high_frequency_minimum_offtime
                        0x0002f243      0x8  Code  Gb  sl_power_manager_hal_s2.o [21]
sli_power_manager_get_wakeup_process_time_overhead
                        0x0002f24b     0x1a  Code  Gb  sl_power_manager_hal_s2.o [21]
sli_power_manager_handle_pre_deepsleep_operations
                        0x0002f1a9      0x8  Code  Gb  sl_power_manager_hal_s2.o [21]
sli_power_manager_init_hardware
                        0x0002f0a1     0xae  Code  Gb  sl_power_manager_hal_s2.o [21]
sli_power_manager_is_high_freq_accuracy_clk_ready
                        0x0002f1df     0x10  Code  Gb  sl_power_manager_hal_s2.o [21]
sli_power_manager_on_wakeup
                        0x0000bc91     0x38  Code  Gb  sleep-efm32.o [14]
sli_power_manager_restore_high_freq_accuracy_clk
                        0x0002f1b1     0x2e  Code  Gb  sl_power_manager_hal_s2.o [21]
sli_power_manager_restore_states
                        0x0002f1ef     0x2a  Code  Gb  sl_power_manager_hal_s2.o [21]
sli_power_manager_save_states
                        0x0002f14f      0x4  Code  Gb  sl_power_manager_hal_s2.o [21]
sli_power_manager_set_high_accuracy_hf_clock_as_used
                        0x0002f265      0x8  Code  Gb  sl_power_manager_hal_s2.o [21]
sli_power_manager_update_em_requirement
                        0x00021787     0x68  Code  Gb  sl_power_manager.o [21]
sli_scan_stop           0x00009ddb     0x38  Code  Gb  scan.o [73]
sli_se_lock_acquire     0x0003186d      0x4  Code  Gb  sl_se_manager.o [27]
sli_se_lock_release     0x00031871      0x4  Code  Gb  sl_se_manager.o [27]
sli_set_lower_mac_params_to_concurrent_networks
                        0x0000ab8b     0x48  Code  Gb  upper-mac.o [73]
sli_set_lower_mac_params_to_current_network
                        0x0000abd3     0x40  Code  Gb  upper-mac.o [73]
sli_sleeptimer_hal_is_int_status_set
                        0x000212c3     0x1e  Code  Gb  sl_sleeptimer_hal_rtcc.o [16]
sli_sleeptimer_is_power_manager_timer_next_to_expire
                        0x0000b5ad      0x8  Code  Gb  sl_sleeptimer.o [16]
sli_upper_mac_update_lower_mac_params
                        0x0000aafd     0x1c  Code  Gb  upper-mac.o [73]
sli_zigbee_routeRecordPolicy
                        0x2000ff2e      0x1  Data  Lc  network.o [73]
srand                   0x00031769     0x20  Code  Gb  srand.o [57]
stackEvents             0x20009704     0xc8  Data  Gb  zigbee-stack.o [73]
stackTokenInfo          0x000178e4     0x3c  Data  Lc  token-cache.o [73]
startNetworkOperation   0x00007e65     0x6e  Code  Lc  association.o [73]
startPanIdScan          0x00020ac1     0x52  Code  Lc  form-and-join.o [19]
startScan               0x00020d59     0x12  Code  Lc  form-and-join.o [19]
startServerDiscovery    0x00022deb     0x68  Code  Lc  ota-client.o [32]
start_channel_scan      0x00009ea3     0x6c  Code  Lc  scan.o [73]
stateMachineRun         0x0002530b     0x52  Code  Lc  network-steering.o [28]
stateTable              0x2000b5cc      0x4  Data  Lc  identify.o [25]
states                  0x2000a554     0x40  Data  Lc  service-discovery-common.o [46]
statesInitialized       0x2000ff47      0x1  Data  Lc  service-discovery-common.o [46]
staticCmd               0x00038d8c     0x20  Data  Lc  util.o [46]
status                  0x000237d9     0x10  Code  Lc  call-command-handler.o [1]
storageHasFullImage     0x2000ff57      0x1  Data  Lc  ota-storage-simple.o [36]
storageSlot             0x2000b678      0x4  Data  Lc  bootloader-interface-app.o [18]
storeAndForwardDelayCount
                        0x2000fc04      0x1  Data  Lc  store-forward.o [73]
storeAndForwardSubmitCount
                        0x2000fc05      0x1  Data  Lc  store-forward.o [73]
storedKeysList          0x2000f8e0      0x2  Data  Lc  aps-keys-transient.o [73]
storedNetworks          0x2000ff06      0x2  Data  Lc  network-steering-soc.o [28]
storedSleepControl      0x2000ff56      0x1  Data  Lc  ota-storage-eeprom-page-erase.o [37]
stringToUnsignedInt     0x0001f6c5     0x7a  Code  Lc  command-interpreter2.o [1]
strlen                  0x000285a9           Code  Gb  strlen.o [69]
submitCount             0x2000fb6d      0x1  Data  Lc  retry.o [73]
superRetriesIntervalForMacDataPoll
                        0x2000f99c      0x4  Data  Lc  network.o [73]
syn_area                0x2000ffbe      0x1  Data  Gb  ikk-user.o [2]
syn_ex                  0x2000ffc1      0x1  Data  Gb  ikk-user.o [2]
syn_fin                 0x2000ffc2      0x1  Data  Gb  ikk-user.o [2]
syn_hold                0x2000ffbf      0x1  Data  Gb  ikk-user.o [2]
syn_led                 0x2000ffc0      0x1  Data  Gb  ikk-user.o [2]
systemTimerId           0x2000f89c     0x18  Data  Lc  system-timer.o [60]
tail                    0x2000ff52      0x1  Data  Lc  scan-dispatch.o [40]
tcBasedClassificationAlgorithm
                        0x0000a7cf     0x62  Code  Lc  beacon-handling.o [73]
tempdrvHighCallbacks    0x2000ba90     0x28  Data  Lc  tempdrv.o [16]
tempdrvLowCallbacks     0x2000bab8     0x28  Data  Lc  tempdrv.o [16]
terminateScanRequest    0x00031e49     0x18  Code  Lc  zdo-channel.o [73]
thrHard                 0x00012b9b     0x20  Code  Lc  nvm3.o [62]
thrSize                 0x00012be9      0xa  Code  Lc  nvm3.o [62]
thrSoftMinimum          0x00012bbb     0x20  Code  Lc  nvm3.o [62]
thrSoftUser             0x00012bdb      0xe  Code  Lc  nvm3.o [62]
timeElapsed             0x2000ff8a      0x1  Data  Lc  ustimer.o [16]
timeoutPools            0x0001b227    0x10c  Code  Lc  indirect-queue.o [73]
timerPrsConfig          0x00021485     0x3a  Code  Lc  em_timer.o [17]
timer_frequency         0x2000ba80      0x4  Data  Lc  sl_sleeptimer.o [16]
timer_head              0x2000ba84      0x4  Data  Lc  sl_sleeptimer.o [16]
tokenArraySize          0x0003d634     0x34  Data  Gb  token-def.o [1]
tokenDefaults           0x0003d8dc     0xcc  Data  Gb  token-def.o [1]
tokenFlagsToSizeArray   0x0002da60      0x4  Data  Lc  install-code-tokens.o [61]
tokenIsCnt              0x0003d598     0x34  Data  Gb  token-def.o [1]
tokenIsIdx              0x0003d5cc     0x34  Data  Gb  token-def.o [1]
tokenLength             0x0001f315      0xe  Code  Lc  command-interpreter2.o [1]
tokenNvm3Keys           0x0003d4cc     0xcc  Data  Gb  token-def.o [1]
tokenPointer            0x0001f323     0x10  Code  Lc  command-interpreter2.o [1]
tokenSize               0x0003d600     0x34  Data  Gb  token-def.o [1]
tokensActive            0x2000ff8c      0x1  Data  Lc  token.o [14]
tolower                 0x0003175d      0xc  Code  Gb  tolower.o [57]
totalImageSize          0x2000a9dc      0x4  Data  Lc  ota-client.o [32]
traceClkGet             0x00012403     0x30  Code  Lc  em_cmu.o [17]
tracePhase              0x2000f7a4      0x1  Data  Lc  buffer-management.o [73]
transientKeyFinish      0x0002dcfd     0x38  Code  Lc  aps-keys-transient.o [73]
transportKeyFrameSizes  0x0002c19c      0x8  Data  Lc  packet-validate.o [68]
tryNextMethod           0x000252af     0x2c  Code  Lc  network-steering.o [28]
tryToJoinNetwork        0x0002507f     0x8c  Code  Gb  network-steering.o [28]
tryTxCurrentPacket      0x0001df7b     0x5e  Code  Lc  lower-mac-rail-802.15.4.o [73]
txBuffer                0x00021b25     0x42  Code  Lc  com.o [41]
txCallback              0x00021ce5     0x46  Code  Lc  com.o [41]
txCatchUp               0x00021c7f     0x66  Code  Lc  com.o [41]
txCompleteStatusPending
                        0x200097de      0x1  Data  Lc  lower-mac-rail-802.15.4.o [73]
txCompleted             0x0001dd27     0x1a  Code  Lc  lower-mac-rail-802.15.4.o [73]
txCurrentPacket         0x0001dc83     0x96  Code  Lc  lower-mac-rail-802.15.4.o [73]
txFailedCallback        0x0001d401     0x72  Code  Lc  lower-mac-rail-802.15.4.o [73]
txSchedulerInfo         0x200097e0      0xc  Data  Lc  lower-mac-rail-802.15.4.o [73]
tx_complete_callback    0x00009aa5     0x42  Code  Lc  scan.o [73]
typeSensitiveMemCopy    0x00004c91     0x76  Code  Lc  attribute-storage.o [46]
uart_recv_flag          0x20009ac6      0x1  Data  Lc  ikk-user.o [2]
uartdrvHandle           0x2000bb08     0x10  Data  Lc  uartdrv.o [16]
uartdrvHandleIsInitialized
                        0x2000ff89      0x1  Data  Lc  uartdrv.o [16]
uarthandledata          0x2000a890     0x78  Data  Lc  com.o [41]
unicastHead             0x2000ffec      0x1  Data  Lc  unicast-table.o [73]
uninitializedIsr        0x000383b5           Code  Gb  faults-v7m.o [14]
unsolicitedChannelReport
                        0x2000fbf2      0x1  Data  Lc  zdo-channel.o [73]
unusedOriginalChannelMaskCache
                        0x2000f8fc      0x4  Data  Lc  zigbee-scan.o [73]
unusedPanIdCache        0x2000f8ec      0x2  Data  Lc  zigbee-scan.o [73]
updateBuffer            0x00021af5     0x30  Code  Lc  com.o [41]
updateCurrentOffset     0x00022c37     0x18  Code  Lc  ota-client.o [32]
updateDownloadFileVersion
                        0x00022c4f      0x8  Code  Lc  ota-client.o [32]
updateEnrollState       0x00025733     0x12  Code  Lc  ias-zone-server.o [24]
updateEvents            0x0001cd6d     0x54  Code  Lc  lower-mac-rail-802.15.4.o [73]
updateInterrupts        0x0002eb3f     0x94  Code  Lc  tempdrv.o [16]
updateTcLinkKeyState    0x2000ffe3      0x1  Data  Lc  aps-keys.o [73]
update_em1_requirement  0x00021901     0x12  Code  Lc  sl_power_manager.o [21]
update_first_timer_delta
                        0x0000b86b     0x24  Code  Lc  sl_sleeptimer.o [16]
upgradeEndResponseParse
                        0x0002367f     0xbc  Code  Lc  ota-client.o [32]
useLegacyTimeoutMethod  0x2000ffe0      0x1  Data  Gb  child-handling.o [73]
usePageRequest          0x2000ff5e      0x1  Data  Lc  ota-client.o [32]
userData                0x2000f7bc      0x4  Data  Lc  buffer-management.o [73]
userDataCount           0x2000f7aa      0x2  Data  Lc  buffer-management.o [73]
vFillBuffer             0x0000bef9    0x170  Code  Lc  client-api.o [46]
validateObj             0x000135a3     0x26  Code  Lc  nvm3.o [62]
validateObjFragments    0x0001337b    0x228  Code  Lc  nvm3.o [62]
waitStateMax            0x00012a39      0xe  Code  Lc  em_cmu.o [17]
waitingForResponse      0x2000ff5d      0x1  Data  Lc  ota-client.o [32]
wakeInfo                0x2000bb30      0x4  Data  Lc  sleep-efm32.o [14]
wakeup_time_config_overhead_tick
                        0x2000b650      0x4  Data  Gb  sl_power_manager.o [21]
walkDelayQueue          0x0001b379     0xd2  Code  Lc  retry.o [73]
walkStoreAndForwardQueue
                        0x0002aa79    0x112  Code  Lc  store-forward.o [73]
watchdogDisableInSleep  0x2000ff8b      0x1  Data  Lc  sleep-efm32.o [14]
wdog0ClkGet             0x00012a49     0x3c  Code  Lc  em_cmu.o [17]
wdog1ClkGet             0x00012435     0x40  Code  Lc  em_cmu.o [17]
wordSize                0x2000ff8e      0x1  Data  Lc  eeprom.o [13]
workBegin               0x000142a5     0x16  Code  Lc  nvm3.o [62]
workEnd                 0x000142bb     0x14  Code  Lc  nvm3.o [62]
writeBurst              0x200090ad     0x52  Code  Gb  em_msc.o [17]
writeFullAllowed        0x00012bf3     0x18  Code  Lc  nvm3.o [62]
writeIdentifyTime       0x00030c8b     0x18  Code  Lc  identify.o [25]
writeMessage            0x000207af     0xaa  Code  Lc  legacy-packet-buffer.o [73]
writeObj                0x00012d93    0x2da  Code  Lc  nvm3.o [62]
xferCfg                 0x0003960c     0x10  Data  Gb  dmadrv.o [16]
zclBufferAddBuffer      0x0003162d     0x1e  Code  Gb  zcl-cli.o [46]
zclBufferAddByte        0x00031609     0x12  Code  Gb  zcl-cli.o [46]
zclBufferAddWord        0x0003161b     0x12  Code  Gb  zcl-cli.o [46]
zclBufferSetup          0x000315b5     0x54  Code  Gb  zcl-cli.o [46]
zclCmdIsBuilt           0x2000ff4e      0x1  Data  Gb  zcl-cli.o [46]
zdoConfigurationModeEnabled
                        0x20009aec      0x1  Data  Gb  zigbee-device-util.o [73]
zigDevApsStruct         0x2000f8b8      0x4  Data  Lc  zigbee-device-util.o [73]
zigDevRequestRadius     0x20009ae2      0x1  Data  Gb  zigbee-device-common.o [1]
zigDevRequestSequence   0x2000ffd7      0x1  Data  Lc  zigbee-device-common.o [1]
zigDevRequestSequence   0x2000f8b4      0x1  Data  Lc  zigbee-device-util.o [73]
zigbeeMacFilterList     0x0003f762      0x2  Data  Gb  ember-configuration.o [1]
zllActiveScanCompleteHandler
                        0x000056bb     0x16  Code  Lc  zigbee-scan.o [73]
zll_channel_stay        0x0000552f     0x2e  Code  Gb  zigbee-scan.o [73]
zll_scan_request_callback
                        0x0000555d     0xa8  Code  Lc  zigbee-scan.o [73]


[1] = D:\simplicity studio5\s5\KKHumanBody\IAR ARM - Default - EFR32MG21A010F768IM32
[2] = D:\simplicity studio5\s5\KKHumanBody\IAR ARM - Default - EFR32MG21A010F768IM32\00ikonke-app
[3] = D:\simplicity studio5\s5\KKHumanBody\IAR ARM - Default - EFR32MG21A010F768IM32\00ikonke-app\driver
[4] = D:\simplicity studio5\s5\KKHumanBody\IAR ARM - Default - EFR32MG21A010F768IM32\00ikonke-app\general
[5] = D:\simplicity studio5\s5\KKHumanBody\IAR ARM - Default - EFR32MG21A010F768IM32\00ikonke-app\tools
[6] = D:\simplicity studio5\s5\KKHumanBody\IAR ARM - Default - EFR32MG21A010F768IM32\address-table
[7] = D:\simplicity studio5\s5\KKHumanBody\IAR ARM - Default - EFR32MG21A010F768IM32\antenna-stub
[8] = D:\simplicity studio5\s5\KKHumanBody\IAR ARM - Default - EFR32MG21A010F768IM32\basic
[9] = D:\simplicity studio5\s5\KKHumanBody\IAR ARM - Default - EFR32MG21A010F768IM32\ccm-encryption
[10] = D:\simplicity studio5\s5\KKHumanBody\IAR ARM - Default - EFR32MG21A010F768IM32\coexistence-stub\EFR32
[11] = D:\simplicity studio5\s5\KKHumanBody\IAR ARM - Default - EFR32MG21A010F768IM32\counters
[12] = D:\simplicity studio5\s5\KKHumanBody\IAR ARM - Default - EFR32MG21A010F768IM32\diagnostic-server
[13] = D:\simplicity studio5\s5\KKHumanBody\IAR ARM - Default - EFR32MG21A010F768IM32\eeprom
[14] = D:\simplicity studio5\s5\KKHumanBody\IAR ARM - Default - EFR32MG21A010F768IM32\efr32
[15] = D:\simplicity studio5\s5\KKHumanBody\IAR ARM - Default - EFR32MG21A010F768IM32\ember-minimal-printf
[16] = D:\simplicity studio5\s5\KKHumanBody\IAR ARM - Default - EFR32MG21A010F768IM32\emdrv
[17] = D:\simplicity studio5\s5\KKHumanBody\IAR ARM - Default - EFR32MG21A010F768IM32\emlib
[18] = D:\simplicity studio5\s5\KKHumanBody\IAR ARM - Default - EFR32MG21A010F768IM32\external-generated-files
[19] = D:\simplicity studio5\s5\KKHumanBody\IAR ARM - Default - EFR32MG21A010F768IM32\form-and-join
[20] = D:\simplicity studio5\s5\KKHumanBody\IAR ARM - Default - EFR32MG21A010F768IM32\generic-interrupt-control\EFR32
[21] = D:\simplicity studio5\s5\KKHumanBody\IAR ARM - Default - EFR32MG21A010F768IM32\hal-library\EFR32
[22] = D:\simplicity studio5\s5\KKHumanBody\IAR ARM - Default - EFR32MG21A010F768IM32\hal-library\EFR32_2
[23] = D:\simplicity studio5\s5\KKHumanBody\IAR ARM - Default - EFR32MG21A010F768IM32\heartbeat
[24] = D:\simplicity studio5\s5\KKHumanBody\IAR ARM - Default - EFR32MG21A010F768IM32\ias-zone-server
[25] = D:\simplicity studio5\s5\KKHumanBody\IAR ARM - Default - EFR32MG21A010F768IM32\identify
[26] = D:\simplicity studio5\s5\KKHumanBody\IAR ARM - Default - EFR32MG21A010F768IM32\idle-sleep
[27] = D:\simplicity studio5\s5\KKHumanBody\IAR ARM - Default - EFR32MG21A010F768IM32\mbedtls\EFR32
[28] = D:\simplicity studio5\s5\KKHumanBody\IAR ARM - Default - EFR32MG21A010F768IM32\network-steering
[29] = D:\simplicity studio5\s5\KKHumanBody\IAR ARM - Default - EFR32MG21A010F768IM32\nvm3
[30] = D:\simplicity studio5\s5\KKHumanBody\IAR ARM - Default - EFR32MG21A010F768IM32\nvm3\EFR32
[31] = D:\simplicity studio5\s5\KKHumanBody\IAR ARM - Default - EFR32MG21A010F768IM32\ota-bootload
[32] = D:\simplicity studio5\s5\KKHumanBody\IAR ARM - Default - EFR32MG21A010F768IM32\ota-client
[33] = D:\simplicity studio5\s5\KKHumanBody\IAR ARM - Default - EFR32MG21A010F768IM32\ota-client-policy
[34] = D:\simplicity studio5\s5\KKHumanBody\IAR ARM - Default - EFR32MG21A010F768IM32\ota-common
[35] = D:\simplicity studio5\s5\KKHumanBody\IAR ARM - Default - EFR32MG21A010F768IM32\ota-storage-common
[36] = D:\simplicity studio5\s5\KKHumanBody\IAR ARM - Default - EFR32MG21A010F768IM32\ota-storage-simple
[37] = D:\simplicity studio5\s5\KKHumanBody\IAR ARM - Default - EFR32MG21A010F768IM32\ota-storage-simple-eeprom
[38] = D:\simplicity studio5\s5\KKHumanBody\IAR ARM - Default - EFR32MG21A010F768IM32\packet-handoff
[39] = D:\simplicity studio5\s5\KKHumanBody\IAR ARM - Default - EFR32MG21A010F768IM32\reporting
[40] = D:\simplicity studio5\s5\KKHumanBody\IAR ARM - Default - EFR32MG21A010F768IM32\scan-dispatch
[41] = D:\simplicity studio5\s5\KKHumanBody\IAR ARM - Default - EFR32MG21A010F768IM32\serial
[42] = D:\simplicity studio5\s5\KKHumanBody\IAR ARM - Default - EFR32MG21A010F768IM32\serial\EFR32
[43] = D:\simplicity studio5\s5\KKHumanBody\IAR ARM - Default - EFR32MG21A010F768IM32\simple-main
[44] = D:\simplicity studio5\s5\KKHumanBody\IAR ARM - Default - EFR32MG21A010F768IM32\strong-random
[45] = D:\simplicity studio5\s5\KKHumanBody\IAR ARM - Default - EFR32MG21A010F768IM32\update-tc-link-key
[46] = D:\simplicity studio5\s5\KKHumanBody\IAR ARM - Default - EFR32MG21A010F768IM32\zcl-framework-core
[47] = command line
[48] = binding-table-library.a
[49] = cbke-163k1-stub-library.a
[50] = cbke-283k1-stub-library.a
[51] = cbke-library-dsa-sign-stub.a
[52] = cbke-library-dsa-verify-283k1-stub.a
[53] = cbke-library-dsa-verify-stub.a
[54] = cbke-stub-library.a
[55] = debug-basic-stub-library.a
[56] = debug-extended-stub-library.a
[57] = dl7M_tln.a
[58] = end-device-bind-stub-library.a
[59] = gp-stub-library.a
[60] = hal-library.a
[61] = install-code-library.a
[62] = libnvm3_CM33_iar.a
[63] = librail_efr32xg21_iar_release.a
[64] = m7M_tls.a
[65] = mfglib-library.a
[66] = multi-network-stub-library.a
[67] = multi-pan-stub-library.a
[68] = packet-validate-library.a
[69] = rt7M_tl.a
[70] = security-library-link-keys-stub.a
[71] = sim-eeprom2-to-nvm3-upgrade-stub-library.a
[72] = source-route-stub-library.a
[73] = zigbee-pro-stack.a
[74] = zigbee-r22-support-stub-library.a
[75] = zll-stub-library.a

  213 190 bytes of readonly  code memory
      324 bytes of readwrite code memory
   31 295 bytes of readonly  data memory
  114 862 bytes of readwrite data memory

Errors: none
Warnings: 1
