###############################################################################
#
# IAR ELF Linker V7.80.4.12462/W32 for ARM                11/Jul/2022  18:16:18
# Copyright 2007-2017 IAR Systems AB.
#
#    Output file  =  KKHumanBody.out
#    Map file     =  
#        D:/simplicity studio5/s5/KKHumanBody/IAR ARM - Default -
#        EFR32MG13P732F512GM32/KKHumanBody.map
#    Command line =  
#        "D:/simplicity
#        studio5/s5/developer/sdks/v3.1//protocol/zigbee/build/gp-stub-library-cortexm3-iar-efr32mg13p-rail/gp-stub-library.a"
#        "D:/simplicity
#        studio5/s5/developer/sdks/v3.1//protocol/zigbee/build/source-route-stub-library-cortexm3-iar-efr32mg13p-rail/source-route-stub-library.a"
#        "D:/simplicity
#        studio5/s5/developer/sdks/v3.1//protocol/zigbee/build/security-library-link-keys-stub-cortexm3-iar-efr32mg13p-rail/security-library-link-keys-stub.a"
#        "D:/simplicity
#        studio5/s5/developer/sdks/v3.1//platform/emdrv/nvm3/lib/libnvm3_CM4_iar.a"
#        "D:/simplicity
#        studio5/s5/developer/sdks/v3.1//protocol/zigbee/build/sim-eeprom2-to-nvm3-upgrade-stub-library-cortexm3-iar-efr32mg13p-rail/sim-eeprom2-to-nvm3-upgrade-stub-library.a"
#        "D:/simplicity
#        studio5/s5/developer/sdks/v3.1//protocol/zigbee/build/cbke-283k1-stub-library-cortexm3-iar-efr32mg13p-rail/cbke-283k1-stub-library.a"
#        "D:/simplicity
#        studio5/s5/developer/sdks/v3.1//protocol/zigbee/build/end-device-bind-stub-library-cortexm3-iar-efr32mg13p-rail/end-device-bind-stub-library.a"
#        "D:/simplicity
#        studio5/s5/developer/sdks/v3.1//protocol/zigbee/build/zigbee-pro-leaf-stack-cortexm3-iar-efr32mg13p-rail/zigbee-pro-leaf-stack.a"
#        "D:/simplicity
#        studio5/s5/developer/sdks/v3.1//protocol/zigbee/build/zigbee-r22-support-stub-library-cortexm3-iar-efr32mg13p-rail/zigbee-r22-support-stub-library.a"
#        "D:/simplicity
#        studio5/s5/developer/sdks/v3.1//protocol/zigbee/build/cbke-stub-library-cortexm3-iar-efr32mg13p-rail/cbke-stub-library.a"
#        "D:/simplicity
#        studio5/s5/developer/sdks/v3.1//protocol/zigbee/build/multi-network-stub-library-cortexm3-iar-efr32mg13p-rail/multi-network-stub-library.a"
#        "D:/simplicity
#        studio5/s5/developer/sdks/v3.1//protocol/zigbee/build/debug-basic-stub-library-cortexm3-iar-efr32mg13p-rail/debug-basic-stub-library.a"
#        "D:/simplicity
#        studio5/s5/developer/sdks/v3.1//protocol/zigbee/build/cbke-163k1-stub-library-cortexm3-iar-efr32mg13p-rail/cbke-163k1-stub-library.a"
#        "D:/simplicity
#        studio5/s5/developer/sdks/v3.1//platform/radio/rail_lib/autogen/librail_release/librail_efr32xg13_iar_release.a"
#        "D:/simplicity
#        studio5/s5/developer/sdks/v3.1//protocol/zigbee/build/binding-table-library-cortexm3-iar-efr32mg13p-rail/binding-table-library.a"
#        "D:/simplicity
#        studio5/s5/developer/sdks/v3.1//protocol/zigbee/build/hal-library-cortexm3-iar-efr32mg13p-rail/hal-library.a"
#        "D:/simplicity
#        studio5/s5/developer/sdks/v3.1//protocol/zigbee/build/install-code-library-cortexm3-iar-efr32mg13p-rail/install-code-library.a"
#        "D:/simplicity
#        studio5/s5/developer/sdks/v3.1//protocol/zigbee/build/debug-extended-stub-library-cortexm3-iar-efr32mg13p-rail/debug-extended-stub-library.a"
#        "D:/simplicity
#        studio5/s5/developer/sdks/v3.1//protocol/zigbee/build/packet-validate-library-cortexm3-iar-efr32mg13p-rail/packet-validate-library.a"
#        "D:/simplicity
#        studio5/s5/developer/sdks/v3.1//protocol/zigbee/build/cbke-library-dsa-verify-stub-cortexm3-iar-efr32mg13p-rail/cbke-library-dsa-verify-stub.a"
#        "D:/simplicity
#        studio5/s5/developer/sdks/v3.1//protocol/zigbee/build/cbke-library-dsa-sign-stub-cortexm3-iar-efr32mg13p-rail/cbke-library-dsa-sign-stub.a"
#        "D:/simplicity
#        studio5/s5/developer/sdks/v3.1//protocol/zigbee/build/zll-stub-library-cortexm3-iar-efr32mg13p-rail/zll-stub-library.a"
#        "D:/simplicity
#        studio5/s5/developer/sdks/v3.1//protocol/zigbee/build/cbke-library-dsa-verify-283k1-stub-cortexm3-iar-efr32mg13p-rail/cbke-library-dsa-verify-283k1-stub.a"
#        "D:/simplicity
#        studio5/s5/developer/sdks/v3.1//protocol/zigbee/build/multi-pan-stub-library-cortexm3-iar-efr32mg13p-rail/multi-pan-stub-library.a"
#        ./zcl-framework-core/af-event.o ./zcl-framework-core/af-main-common.o
#        ./zcl-framework-core/af-main-soc.o ./zcl-framework-core/af-node.o
#        ./zcl-framework-core/af-security-common.o
#        ./zcl-framework-core/af-trust-center.o
#        ./zcl-framework-core/attribute-size.o
#        ./zcl-framework-core/attribute-storage.o
#        ./zcl-framework-core/attribute-table.o
#        ./zcl-framework-core/client-api.o ./zcl-framework-core/core-cli.o
#        ./zcl-framework-core/crypto-state.o ./zcl-framework-core/message.o
#        ./zcl-framework-core/multi-network.o
#        ./zcl-framework-core/network-cli.o ./zcl-framework-core/option-cli.o
#        ./zcl-framework-core/plugin-cli.o
#        ./zcl-framework-core/print-formatter.o ./zcl-framework-core/print.o
#        ./zcl-framework-core/process-cluster-message.o
#        ./zcl-framework-core/process-global-message.o
#        ./zcl-framework-core/security-cli.o
#        ./zcl-framework-core/service-discovery-common.o
#        ./zcl-framework-core/service-discovery-soc.o
#        ./zcl-framework-core/time-util.o ./zcl-framework-core/util.o
#        ./zcl-framework-core/zcl-cli.o ./zcl-framework-core/zdo-cli.o
#        ./update-tc-link-key/update-tc-link-key-cli.o
#        ./update-tc-link-key/update-tc-link-key.o
#        ./strong-random/strong-random-api.o ./simple-main/simple-main.o
#        ./serial/EFR32/serial.o ./serial/com.o ./scan-dispatch/scan-dispatch.o
#        ./reporting/reporting-cli.o
#        ./reporting/reporting-default-configuration.o ./reporting/reporting.o
#        ./packet-handoff/packet-handoff.o
#        ./ota-storage-simple-eeprom/ota-storage-eeprom-page-erase.o
#        ./ota-storage-simple-eeprom/ota-storage-eeprom-read-modify-write.o
#        ./ota-storage-simple-eeprom/ota-storage-eeprom.o
#        ./ota-storage-simple/ota-storage-simple.o
#        ./ota-storage-common/ota-storage-common-cli.o
#        ./ota-storage-common/ota-storage-common.o ./ota-common/ota-common.o
#        ./ota-client-policy/ota-client-policy.o ./ota-client/ota-client-cli.o
#        ./ota-client/ota-client-page-request.o
#        ./ota-client/ota-client-signature-verify.o ./ota-client/ota-client.o
#        ./ota-bootload/ota-bootload-cli.o ./ota-bootload/ota-bootload-soc.o
#        ./nvm3/EFR32/nvm3_default.o ./nvm3/EFR32/nvm3_hal_flash.o
#        ./nvm3/nvm3_lock.o ./network-steering/network-steering-cli.o
#        ./network-steering/network-steering-soc.o
#        ./network-steering/network-steering-v2.o
#        ./network-steering/network-steering.o ./mbedtls/EFR32/aes.o
#        ./mbedtls/EFR32/aes_aes.o ./mbedtls/EFR32/asn1parse.o
#        ./mbedtls/EFR32/asn1write.o ./mbedtls/EFR32/base64.o
#        ./mbedtls/EFR32/bignum.o ./mbedtls/EFR32/ccm.o
#        ./mbedtls/EFR32/chacha20.o ./mbedtls/EFR32/chachapoly.o
#        ./mbedtls/EFR32/cipher.o ./mbedtls/EFR32/cipher_wrap.o
#        ./mbedtls/EFR32/cmac.o ./mbedtls/EFR32/crypto_aes.o
#        ./mbedtls/EFR32/crypto_ecp.o ./mbedtls/EFR32/crypto_gcm.o
#        ./mbedtls/EFR32/crypto_management.o ./mbedtls/EFR32/cryptoacc_aes.o
#        ./mbedtls/EFR32/cryptoacc_ccm.o ./mbedtls/EFR32/cryptoacc_gcm.o
#        ./mbedtls/EFR32/cryptoacc_management.o ./mbedtls/EFR32/ctr_drbg.o
#        ./mbedtls/EFR32/des.o ./mbedtls/EFR32/ecdh.o ./mbedtls/EFR32/ecdsa.o
#        ./mbedtls/EFR32/ecjpake.o ./mbedtls/EFR32/ecp.o
#        ./mbedtls/EFR32/ecp_curves.o ./mbedtls/EFR32/entropy.o
#        ./mbedtls/EFR32/error.o ./mbedtls/EFR32/gcm.o
#        ./mbedtls/EFR32/mbedtls_cmac.o ./mbedtls/EFR32/mbedtls_ecdsa_ecdh.o
#        ./mbedtls/EFR32/mbedtls_sha.o ./mbedtls/EFR32/md.o
#        ./mbedtls/EFR32/md5.o ./mbedtls/EFR32/oid.o ./mbedtls/EFR32/pem.o
#        ./mbedtls/EFR32/pk.o ./mbedtls/EFR32/pk_wrap.o
#        ./mbedtls/EFR32/pkparse.o ./mbedtls/EFR32/platform_util.o
#        ./mbedtls/EFR32/poly1305.o ./mbedtls/EFR32/psa_crypto.o
#        ./mbedtls/EFR32/psa_crypto_driver_wrappers.o
#        ./mbedtls/EFR32/psa_crypto_slot_management.o
#        ./mbedtls/EFR32/psa_crypto_storage.o ./mbedtls/EFR32/rsa.o
#        ./mbedtls/EFR32/rsa_internal.o ./mbedtls/EFR32/se_aes.o
#        ./mbedtls/EFR32/se_ccm.o ./mbedtls/EFR32/se_gcm.o
#        ./mbedtls/EFR32/se_jpake.o ./mbedtls/EFR32/sha1.o
#        ./mbedtls/EFR32/sha256.o ./mbedtls/EFR32/sha512.o
#        ./mbedtls/EFR32/sl_entropy.o ./mbedtls/EFR32/sl_mbedtls.o
#        ./mbedtls/EFR32/sl_psa_its_nvm3.o ./mbedtls/EFR32/sl_se_management.o
#        ./mbedtls/EFR32/sl_se_manager.o
#        ./mbedtls/EFR32/sl_se_manager_attestation.o
#        ./mbedtls/EFR32/sl_se_manager_cipher.o
#        ./mbedtls/EFR32/sl_se_manager_entropy.o
#        ./mbedtls/EFR32/sl_se_manager_hash.o
#        ./mbedtls/EFR32/sl_se_manager_key_derivation.o
#        ./mbedtls/EFR32/sl_se_manager_key_handling.o
#        ./mbedtls/EFR32/sl_se_manager_signature.o
#        ./mbedtls/EFR32/sl_se_manager_util.o
#        ./mbedtls/EFR32/sli_crypto_transparent_driver_aead.o
#        ./mbedtls/EFR32/sli_crypto_transparent_driver_cipher.o
#        ./mbedtls/EFR32/sli_crypto_transparent_driver_hash.o
#        ./mbedtls/EFR32/sli_crypto_transparent_driver_mac.o
#        ./mbedtls/EFR32/sli_cryptoacc_transparent_driver_aead.o
#        ./mbedtls/EFR32/sli_cryptoacc_transparent_driver_cipher.o
#        ./mbedtls/EFR32/sli_cryptoacc_transparent_driver_hash.o
#        ./mbedtls/EFR32/sli_cryptoacc_transparent_driver_key_derivation.o
#        ./mbedtls/EFR32/sli_cryptoacc_transparent_driver_key_management.o
#        ./mbedtls/EFR32/sli_cryptoacc_transparent_driver_mac.o
#        ./mbedtls/EFR32/sli_cryptoacc_transparent_driver_signature.o
#        ./mbedtls/EFR32/sli_protocol_crypto_crypto.o
#        ./mbedtls/EFR32/sli_protocol_crypto_radioaes.o
#        ./mbedtls/EFR32/sli_psa_driver_init.o
#        ./mbedtls/EFR32/sli_radioaes_management.o
#        ./mbedtls/EFR32/sli_se_driver_aead.o
#        ./mbedtls/EFR32/sli_se_driver_builtin_keys.o
#        ./mbedtls/EFR32/sli_se_driver_cipher.o
#        ./mbedtls/EFR32/sli_se_driver_key_derivation.o
#        ./mbedtls/EFR32/sli_se_driver_key_management.o
#        ./mbedtls/EFR32/sli_se_driver_mac.o
#        ./mbedtls/EFR32/sli_se_driver_signature.o
#        ./mbedtls/EFR32/sli_se_opaque_driver_aead.o
#        ./mbedtls/EFR32/sli_se_opaque_driver_cipher.o
#        ./mbedtls/EFR32/sli_se_opaque_driver_mac.o
#        ./mbedtls/EFR32/sli_se_opaque_key_derivation.o
#        ./mbedtls/EFR32/sli_se_transparent_driver_aead.o
#        ./mbedtls/EFR32/sli_se_transparent_driver_cipher.o
#        ./mbedtls/EFR32/sli_se_transparent_driver_hash.o
#        ./mbedtls/EFR32/sli_se_transparent_driver_mac.o
#        ./mbedtls/EFR32/sli_se_transparent_key_derivation.o
#        ./mbedtls/EFR32/ssl_cache.o ./mbedtls/EFR32/ssl_ciphersuites.o
#        ./mbedtls/EFR32/ssl_cli.o ./mbedtls/EFR32/ssl_cookie.o
#        ./mbedtls/EFR32/ssl_msg.o ./mbedtls/EFR32/ssl_srv.o
#        ./mbedtls/EFR32/ssl_ticket.o ./mbedtls/EFR32/ssl_tls.o
#        ./mbedtls/EFR32/threading.o ./mbedtls/EFR32/x509.o
#        ./mbedtls/EFR32/x509_create.o ./mbedtls/EFR32/x509_crl.o
#        ./mbedtls/EFR32/x509_crt.o ./mbedtls/EFR32/x509_csr.o
#        ./mbedtls/EFR32/x509write_crt.o ./mbedtls/EFR32/x509write_csr.o
#        ./idle-sleep/idle-sleep-cli.o ./idle-sleep/idle-sleep-soc.o
#        ./idle-sleep/idle-sleep.o ./identify/identify-cli.o
#        ./identify/identify.o ./ias-zone-server/ias-zone-server-cli.o
#        ./ias-zone-server/ias-zone-server.o ./heartbeat/heartbeat.o
#        ./hal-library/EFR32/hal-config-gpio.o ./hal-library/EFR32/hal-config.o
#        ./hal-library/EFR32/sl_mpu.o ./hal-library/EFR32/sl_power_manager.o
#        ./hal-library/EFR32/sl_power_manager_debug.o
#        ./hal-library/EFR32/sl_power_manager_hal_s0_s1.o
#        ./hal-library/EFR32/sl_power_manager_hal_s2.o
#        ./hal-library/EFR32/sl_slist.o
#        ./generic-interrupt-control/EFR32/generic-interrupt-control-efr32.o
#        ./form-and-join/form-and-join-afv2.o
#        ./form-and-join/form-and-join-node-adapter.o
#        ./form-and-join/form-and-join.o
#        ./external-generated-files/bootloader-interface-app.o
#        ./external-generated-files/bootloader-interface.o
#        ./external-generated-files/btl_interface.o
#        ./external-generated-files/btl_interface_storage.o
#        ./end-device-support/end-device-move.o
#        ./end-device-support/end-device-support-cli.o
#        ./end-device-support/end-device-support.o
#        ./end-device-support/polling-common.o
#        ./end-device-support/polling-soc.o ./emlib/em_adc.o ./emlib/em_cmu.o
#        ./emlib/em_core.o ./emlib/em_cryotimer.o ./emlib/em_emu.o
#        ./emlib/em_eusart.o ./emlib/em_gpio.o ./emlib/em_i2c.o
#        ./emlib/em_ldma.o ./emlib/em_leuart.o ./emlib/em_msc.o
#        ./emlib/em_prs.o ./emlib/em_rmu.o ./emlib/em_rtcc.o ./emlib/em_se.o
#        ./emlib/em_system.o ./emlib/em_timer.o ./emlib/em_usart.o
#        ./emlib/em_wdog.o ./emlib/system_efr32mg13p.o ./emdrv/dmadrv.o
#        ./emdrv/gpiointerrupt.o ./emdrv/sl_sleeptimer.o
#        ./emdrv/sl_sleeptimer_hal_rtcc.o ./emdrv/tempdrv.o ./emdrv/uartdrv.o
#        ./emdrv/ustimer.o ./ember-minimal-printf/ember-printf.o
#        ./efr32/assert-crash-handlers.o ./efr32/button.o
#        ./efr32/buzzer-efr32.o ./efr32/cstartup-common.o ./efr32/diagnostic.o
#        ./efr32/ext-device.o ./efr32/faults-v7m.o ./efr32/isr-stubs.o
#        ./efr32/led.o ./efr32/mfg-token.o ./efr32/micro-common.o
#        ./efr32/micro.o ./efr32/sleep-efm32.o ./efr32/token.o
#        ./eeprom/eeprom-afv2.o ./eeprom/eeprom-cli.o ./eeprom/eeprom.o
#        ./diagnostic-server/diagnostic-server-soc.o ./counters/counters-cli.o
#        ./counters/counters-ota.o ./counters/counters-soc.o
#        ./coexistence-stub/EFR32/coexistence-802154.o
#        ./coexistence-stub/EFR32/coulomb-counter-802154.o
#        ./ccm-encryption/ccm-star.o ./basic/basic.o
#        ./antenna-stub/antenna-stub.o ./address-table/address-table-cli.o
#        ./address-table/address-table.o ./adc/EFR32/adc-efr32.o
#        ./00ikonke-app/general/ikk-cluster.o
#        ./00ikonke-app/general/ikk-command.o
#        ./00ikonke-app/general/ikk-common-utils.o
#        ./00ikonke-app/general/ikk-factory-test.o
#        ./00ikonke-app/general/ikk-network.o
#        ./00ikonke-app/general/ikk-opt-tunnel.o
#        ./00ikonke-app/general/ikk-ota.o ./00ikonke-app/general/ikk-sequence.o
#        ./00ikonke-app/general/ikk-tick-handler.o
#        ./00ikonke-app/driver/ikk-adc.o ./00ikonke-app/driver/ikk-button.o
#        ./00ikonke-app/driver/ikk-led.o ./00ikonke-app/driver/ikk-pwm.o
#        ./00ikonke-app/driver/ikk-relay.o ./00ikonke-app/driver/ikk-timer.o
#        ./00ikonke-app/driver/ikk-uart.o ./00ikonke-app/ikk-p824m.o
#        ./00ikonke-app/ikk-user.o ./KKTemplateCodeProject_callbacks.o
#        ./call-command-handler.o ./callback-stub.o ./command-interpreter2.o
#        ./crc.o ./ember-base-configuration.o ./ember-configuration.o
#        ./endian.o ./library.o ./mem-util.o ./random.o
#        ./security-address-cache.o ./stack-handler-stub.o ./token-def.o
#        ./zigbee-device-common.o ./zigbee-device-library.o
#        ./znet-bookkeeping.o ./znet-cli.o -o KKHumanBody.out --config
#        "D:/simplicity
#        studio5/s5/developer/sdks/v3.1//platform/base/hal/micro/cortexm3/efm32/iar-cfg.icf"
#        --config_def APP_GECKO_INFO_PAGE_BTL=1 --config_def FLASH_SIZE=524288
#        --config_def RAM_SIZE=65536 --config_def SIMEEPROM_SIZE=36864
#        --config_def LOCKBITS_IN_MAINFLASH_SIZE=0 --config_def
#        EMBER_MALLOC_HEAP_SIZE=0 --config_def HEADER_SIZE=256 --config_def
#        PSSTORE_SIZE=0 --config_def LONGTOKEN_SIZE=0 --config_def
#        BTL_SIZE=16384 --no_wrap_diagnostics --entry __iar_program_start --map
#        "D:/simplicity studio5/s5/KKHumanBody/IAR ARM - Default -
#        EFR32MG13P732F512GM32/KKHumanBody.map" --log_file "D:/simplicity
#        studio5/s5/KKHumanBody/IAR ARM - Default -
#        EFR32MG13P732F512GM32/KKHumanBody.log" --log
#        initialization,modules,sections,veneers --diag_suppress=Lp012
#        --redirect _Printf=_PrintfSmallNoMb --redirect _Scanf=_ScanfFullNoMb
#
###############################################################################

*******************************************************************************
*** MESSAGES
***

Warning[Lt009]: Inconsistent wchar_t size
            af-event.o and 311 other objects have wchar_t size 16 bits
            event-control.o(zigbee-pro-leaf-stack.a) and 149 other objects have wchar_t size 32 bits


*******************************************************************************
*** RUNTIME MODEL ATTRIBUTES
***

CppFlavor       = *
__SystemLibrary = DLib
__dlib_version  = 6


*******************************************************************************
*** PLACEMENT SUMMARY
***

"HEADERS":
       place at start of [0x00000000-0x000000ff] { block HEADER_block };
"APP ro":
       place at start of [0x00000100-0x0007ffff] { block APPRO_block };
"SIMEE&LOCKBITS":
       place at end of [0x00000100-0x0007ffff] {
          zi section SIMEE, zi section INTERNAL_STORAGE, zi section LONGTOKEN,
          zi section PSSTORE, zi section LOCKBITS_IN_MAINFLASH };
"ResetHeap":
       place at start of [0x20000000-0x2000ffef] { block RESETHEAP };
"Guard":
       place in [from 0x20000000 to 0x2000ffef] { rw section GUARD_REGION };
"APP rw":
       place at end of [0x20000000-0x2000ffef] { block APPRW_block };
do not initialize {
   rw section .noinitlegacy, rw section .noinitnew, rw section CSTACK,
   rw section RESETINFO, rw section EMHEAP, zi section SIMEE,
   zi section INTERNAL_STORAGE, zi section LONGTOKEN, zi section PSSTORE,
   zi section LOCKBITS_IN_MAINFLASH };
initialize by copy { rw };

  Section                 Kind        Address     Size  Object
  -------                 ----        -------     ----  ------
"HEADERS":                                        0xac
  HEADER_block                     0x00000000     0xac  <Block>
    AAT                   const    0x00000000     0xac  cstartup-common.o [14]
                                 - 0x000000ac     0xac

"APP ro":                                      0x31258
  APPRO_block                      0x00000100  0x31258  <Block>
    .intvec               const    0x00000100     0xfc  startup_efr32mg13p.o [60]
    Initializer bytes     const    0x000001fc     0x16  <for .textrw-1>
    .text                          0x00000214  0x2d186  <Block>
      .text               ro code  0x00000214    0x1b2  af-event.o [46]
      .text               ro code  0x000003c6      0x2  zigbee-stack.o [72]
      .text               ro code  0x000003c8     0x68  multi-network.o [46]
      .text               ro code  0x00000430    0x25c  event-control.o [72]
      .text               ro code  0x0000068c     0x10  crypto-state.o [46]
      .text               ro code  0x0000069c    0xadc  attribute-storage.o [46]
      .text               ro code  0x00001178      0xc  em_core.o [17]
      .text               ro code  0x00001184      0x6  em_core.o [17]
      .text               ro code  0x0000118a      0x2  zigbee-stack.o [72]
      .text               ro code  0x0000118c    0x138  system-timer.o [60]
      .text               ro code  0x000012c4    0x1f0  assert-crash-handlers.o [14]
      .text               ro code  0x000014b4     0x1a  em_core.o [17]
      .text               ro code  0x000014ce     0x38  ember-configuration.o [1]
      .text               ro code  0x00001506      0x8  em_core.o [17]
      .text               ro code  0x0000150e      0x2  zigbee-stack.o [72]
      .text               ro code  0x00001510     0xde  callback-stub.o [1]
      .text               ro code  0x000015ee      0x2  zigbee-stack.o [72]
      .text               ro code  0x000015f0    0x710  util.o [46]
      .text               ro code  0x00001d00      0x6  ABImemclr.o [68]
      .text               ro code  0x00001d06      0x2  zigbee-stack.o [72]
      .text               ro code  0x00001d08     0x78  ABImemmove_unaligned.o [68]
      .text               ro code  0x00001d80     0x6a  znet-bookkeeping.o [1]
      .text               ro code  0x00001dea      0x2  zigbee-stack.o [72]
      .text               ro code  0x00001dec    0x2ce  ember-multi-network-stub.o [65]
      .text               ro code  0x000020ba      0x2  zigbee-stack.o [72]
      .text               ro code  0x000020bc     0xa8  micro-common.o [14]
      .text               ro code  0x00002164    0x2fc  token.o [14]
      .text               ro code  0x00002460    0x3f6  attribute-table.o [46]
      .text               ro code  0x00002856      0x2  zigbee-stack.o [72]
      .text               ro code  0x00002858    0x5a4  sl_sleeptimer.o [16]
      .text               ro code  0x00002dfc    0x224  ustimer.o [16]
      .text               ro code  0x00003020    0x9e4  em_cmu.o [17]
      .text               ro code  0x00003a04    0x1c0  sleep-efm32.o [14]
      .text               ro code  0x00003bc4   0x138e  lower-mac-rail-802.15.4.o [72]
      .text               ro code  0x00004f52      0x8  em_core.o [17]
      .text               ro code  0x00004f5a      0x6  debug-stub.o [55]
      .text               ro code  0x00004f60     0x4c  serial.o [42]
      .text               ro code  0x00004fac     0x4c  micro-internal.o [60]
      .text               ro code  0x00004ff8     0x66  ABImemset.o [68]
      .text               ro code  0x0000505e      0x2  zigbee-stack.o [72]
      .text               ro code  0x00005060    0x208  client-api.o [46]
      .text               ro code  0x00005268    0x348  eeprom.o [13]
      .text               ro code  0x000055b0    0xa48  reporting.o [39]
      .text               ro code  0x00005ff8     0x3e  idle-sleep-soc.o [26]
      .text               ro code  0x00006036      0x2  startup_efr32mg13p.o [60]
      .text               ro code  0x00006038    0x15c  counters-soc.o [11]
      .text               ro code  0x00006194   0x1830  association.o [72]
      .text               ro code  0x000079c4    0x250  ember-stack-common.o [72]
      .text               ro code  0x00007c14     0x42  process-cluster-message.o [46]
      .text               ro code  0x00007c56      0x2  startup_efr32mg13p.o [60]
      .text               ro code  0x00007c58    0x498  process-global-message.o [46]
      .text               ro code  0x000080f0    0x140  message.o [46]
      .text               ro code  0x00008230      0x6  ABImemclr4.o [68]
      .text               ro code  0x00008236      0x2  startup_efr32mg13p.o [60]
      .text               ro code  0x00008238    0x5f4  af-main-common.o [46]
      .text               ro code  0x0000882c    0x400  address-table.o [72]
      .text               ro code  0x00008c2c    0x4e0  binding-table.o [48]
      .text               ro code  0x0000910c     0x76  ABImemcpy_unaligned.o [68]
      .text               ro code  0x00009182      0x2  startup_efr32mg13p.o [60]
      .text               ro code  0x00009184    0xb78  ikk-user.o [2]
      .text               ro code  0x00009cfc    0x194  end-device-support.o [18]
      .text               ro code  0x00009e90     0x72  polling-soc.o [18]
      .text               ro code  0x00009f02      0x2  startup_efr32mg13p.o [60]
      .text               ro code  0x00009f04     0x20  heartbeat.o [23]
      .text               ro code  0x00009f24      0xe  form-and-join-afv2.o [20]
      .text               ro code  0x00009f32      0x2  startup_efr32mg13p.o [60]
      .text               ro code  0x00009f34     0x54  network-steering-soc.o [28]
      .text               ro code  0x00009f88    0x5d0  ikk-cluster.o [4]
      .text               ro code  0x0000a558     0x78  update-tc-link-key.o [45]
      .text               ro code  0x0000a5d0     0x50  random.o [1]
      .text               ro code  0x0000a620     0x92  multi-pan-stub.o [66]
      .text               ro code  0x0000a6b2      0x2  startup_efr32mg13p.o [60]
      .text               ro code  0x0000a6b4     0x42  mac-child-stub.o [72]
      .text               ro code  0x0000a6f8    0xa24  upper-mac.o [72]
      .text               ro code  0x0000b11c    0x238  zigbee-neighbor.o [72]
      .text               ro code  0x0000b354    0x514  af-main-soc.o [46]
      .text               ro code  0x0000b868      0x4  faults-v7m.o [14]
      .text               ro code  0x0000b86c     0x84  em_rmu.o [17]
      .text               ro code  0x0000b8f0     0xc6  em_wdog.o [17]
      .text               ro code  0x0000b9b6      0x4  sim-eeprom2-to-nvm3-upgrade-stub.o [70]
      .text               ro code  0x0000b9bc   0x1c72  nvm3.o [62]
      .text               ro code  0x0000d630    0x1b2  mfg-token.o [14]
      .text               ro code  0x0000d7e4      0x6  ember-base-configuration.o [1]
      .text               ro code  0x0000d7ec     0x6c  attribute-size.o [46]
      .text               ro code  0x0000d858    0x190  sl_sleeptimer_hal_rtcc.o [16]
      .text               ro code  0x0000d9e8     0xee  I64DivMod.o [68]
      .text               ro code  0x0000dad8     0x1e  U64Shr.o [68]
      .text               ro code  0x0000daf8    0x120  em_timer.o [17]
      .text               ro code  0x0000dc18     0xc4  system_efr32mg13p.o [17]
      Veneer              ro code  0x0000dcdc      0x8  - Linker created -
      .text               ro code  0x0000dce4    0x506  em_emu.o [17]
      .text               ro code  0x0000e1ec     0x34  em_system.o [17]
      .text               ro code  0x0000e220    0x384  sl_power_manager.o [22]
      .text               ro code  0x0000e5a4     0x28  com.o [41]
      .text               ro code  0x0000e5cc      0x4  em_core.o [17]
      .text               ro code  0x0000e5d0      0x4  em_core.o [17]
      .text               ro code  0x0000e5d4     0x10  coexistence-802154.o [10]
      .text               ro code  0x0000e5e4    0x18c  rail_singleprotocol.o [63]
      .text               ro code  0x0000e770    0x484  rail_rf.o [63]
      .text               ro code  0x0000ebf4     0xd8  hal-config.o [22]
      .text               ro code  0x0000eccc     0xd0  rail_tx.o [63]
      .text               ro code  0x0000ed9c    0x174  rail_ieee802154.o [63]
      .text               ro code  0x0000ef10     0xe4  rail_data.o [63]
      .text               ro code  0x0000eff4     0x96  rail_calibration.o [63]
      .text               ro code  0x0000f08c    0x3bc  mac-header.o [72]
      .text               ro code  0x0000f448      0x8  rail_timer.o [63]
      .text               ro code  0x0000f450      0xc  mac-header.o [72]
      .text               ro code  0x0000f45c      0xc  antenna-stub.o [7]
      .text               ro code  0x0000f468    0x82c  buffer-management.o [72]
      .text               ro code  0x0000fc94    0x4b8  micro.o [14]
      .text               ro code  0x0001014c     0xb0  rail_autoack.o [63]
      .text               ro code  0x000101fc     0xb0  mac-flat-header.o [72]
      .text               ro code  0x000102ac    0x49c  scan.o [72]
      .text               ro code  0x00010748    0x290  legacy-packet-buffer.o [72]
      .text               ro code  0x000109d8     0x18  indirect-queue-stub.o [72]
      .text               ro code  0x000109f0     0x3a  rail_rx.o [63]
      .text               ro code  0x00010a2a      0x4  led.o [14]
      .text               ro code  0x00010a2e     0x1c  rail_rssi.o [63]
      .text               ro code  0x00010a4c    0x2b6  ember-printf.o [15]
      .text               ro code  0x00010d04    0x194  bootloader-interface-app.o [19]
      .text               ro code  0x00010e98     0x3a  ABImemset48.o [68]
      .text               ro code  0x00010ed4     0xc0  reporting-default-configuration.o [39]
      .text               ro code  0x00010f94     0xd4  idle-sleep.o [26]
      .text               ro code  0x00011068     0x10  enhanced-beacon-request-stub.o [73]
      .text               ro code  0x00011078    0xa24  beacon-handling.o [72]
      .text               ro code  0x00011a9c    0x3e4  child-handling.o [72]
      .text               ro code  0x00011e80   0x1bdc  network.o [72]
      .text               ro code  0x00013a5c    0x958  zigbee-device-util.o [72]
      .text               ro code  0x000143b4    0x188  token-cache.o [72]
      .text               ro code  0x0001453c    0x3a6  management.o [72]
      .text               ro code  0x000148e4    0x496  leave.o [72]
      .text               ro code  0x00014d7a      0x6  debug-extended-stub.o [56]
      .text               ro code  0x00014d80    0x4e8  zigbee-stack.o [72]
      .text               ro code  0x00015268    0x42c  random-id.o [72]
      .text               ro code  0x00015694    0xf8c  aps-security.o [72]
      .text               ro code  0x00016620     0x24  child-stub.o [72]
      .text               ro code  0x00016644    0x34e  zigbee-scan.o [72]
      .text               ro code  0x00016994      0xe  zdo-r22-stub.o [73]
      .text               ro code  0x000169a4    0x124  command.o [72]
      .text               ro code  0x00016ac8    0x210  child-aging.o [72]
      .text               ro code  0x00016cd8      0x8  ember-multi-phy-stub.o [72]
      .text               ro code  0x00016ce0      0x8  mac-header.o [72]
      .text               ro code  0x00016ce8    0x660  zigbee-packet-header.o [72]
      .text               ro code  0x00017348    0x212  mac-packet-header.o [72]
      .text               ro code  0x0001755c    0x32e  retry.o [72]
      .text               ro code  0x0001788c    0x984  neighbor.o [72]
      .text               ro code  0x00018210     0x38  trust-center-util-stub.o [72]
      .text               ro code  0x00018248     0x62  memcmp_unaligned.o [68]
      .text               ro code  0x000182aa     0x34  mac-info-element-parsing-stub.o [73]
      .text               ro code  0x000182de      0x8  packet-handoff.o [38]
      .text               ro code  0x000182e8    0x280  mac-dispatch.o [72]
      .text               ro code  0x00018568     0x2e  zll-stubs.o [74]
      .text               ro code  0x00018598    0x250  zigbee-upper-mac.o [72]
      .text               ro code  0x000187e8    0x79c  aps-keys.o [72]
      .text               ro code  0x00018f84      0xe  gp-stub.o [59]
      .text               ro code  0x00018f94    0xd04  ota-client.o [32]
      .text               ro code  0x00019c98    0x124  call-command-handler.o [1]
      .text               ro code  0x00019dbc      0x4  time-util.o [46]
      .text               ro code  0x00019dc0    0x194  zigbee-device-library.o [1]
      .text               ro code  0x00019f54     0xf8  zigbee-dispatch.o [72]
      .text               ro code  0x0001a04c     0x50  diagnostic-server-soc.o [12]
      .text               ro code  0x0001a09c    0x444  service-discovery-common.o [46]
      .text               ro code  0x0001a4e0    0xea0  ikk-network.o [4]
      .text               ro code  0x0001b380     0xda  end-device-move.o [18]
      .text               ro code  0x0001b45c    0x4ac  network-steering.o [28]
      .text               ro code  0x0001b908    0x3f4  ias-zone-server.o [24]
      .text               ro code  0x0001bcfc    0xa94  aps-retry.o [72]
      .text               ro code  0x0001c790    0x618  ikk-button.o [3]
      .text               ro code  0x0001cda8    0x47c  ikk-led.o [3]
      .text               ro code  0x0001d224    0x734  ikk-opt-tunnel.o [4]
      .text               ro code  0x0001d958    0x312  ota-storage-simple.o [36]
      .text               ro code  0x0001dc6c     0xe0  ikk-ota.o [4]
      .text               ro code  0x0001dd4c    0x720  ikk-factory-test.o [4]
      .text               ro code  0x0001e46c    0x4e8  ikk-uart.o [3]
      .text               ro code  0x0001e954     0xa4  cstartup-common.o [14]
      .text               ro code  0x0001e9f8    0x6d4  ikk-adc.o [3]
      .text               ro code  0x0001f0cc     0x74  print.o [46]
      .text               ro code  0x0001f140     0x4e  FltToDbl.o [64]
      .text               ro code  0x0001f190     0x2e  DblCmpGe.o [64]
      .text               ro code  0x0001f1c0     0x36  strlen.o [68]
      .text               ro code  0x0001f1f6    0x22a  ikk-command.o [4]
      .text               ro code  0x0001f420    0x264  ikk-p824m.o [2]
      .text               ro code  0x0001f684     0x90  DblToFlt.o [64]
      .text               ro code  0x0001f714     0xa0  polling-common.o [18]
      .text               ro code  0x0001f7b4    0x336  form-and-join.o [20]
      .text               ro code  0x0001faec     0x54  form-and-join-node-adapter.o [20]
      .text               ro code  0x0001fb40    0x2ac  ikk-common-utils.o [4]
      .text               ro code  0x0001fdec     0x54  ikk-tick-handler.o [4]
      .text               ro code  0x0001fe40     0x8c  multi-network.o [72]
      .text               ro code  0x0001fecc    0x3fc  mac-command.o [72]
      .text               ro code  0x000202c8    0x39c  diagnostic.o [14]
      .text               ro code  0x00020664     0x9c  security-address-cache.o [1]
      .text               ro code  0x00020700    0x6aa  command-interpreter2.o [1]
      .text               ro code  0x00020dac    0xb6c  application-support.o [72]
      .text               ro code  0x00021918    0x164  aes-mmo.o [72]
      .text               ro code  0x00021a7c     0x58  source-route-stub.o [71]
      .text               ro code  0x00021ad4    0x17c  scan-dispatch.o [40]
      .text               ro code  0x00021c50     0x70  faults-v7m.o [14]
      .text               ro code  0x00021cc0    0x242  nvm3_page.o [62]
      .text               ro code  0x00021f04    0x1ba  nvm3_object.o [62]
      .text               ro code  0x000220c0    0x242  nvm3_cache.o [62]
      .text               ro code  0x00022302     0x3e  nvm3_utils.o [62]
      .text               ro code  0x00022340     0x10  nvm3_lock.o [29]
      .text               ro code  0x00022350      0xc  nvm3_lock.o [29]
      .text               ro code  0x0002235c      0x2  nvm3_lock.o [29]
      .text               ro code  0x0002235e     0xc0  flash.o [60]
      .text               ro code  0x00022420     0x78  em_rtcc.o [17]
      .text               ro code  0x00022498      0x2  I64DivZer.o [68]
      .text               ro code  0x0002249a      0x8  em_core.o [17]
      .text               ro code  0x000224a2      0x6  em_core.o [17]
      .text               ro code  0x000224a8    0x1d0  sl_power_manager_hal_s0_s1.o [22]
      .text               ro code  0x00022678     0x10  sl_slist.o [22]
      .text               ro code  0x00022688      0x4  sl_power_manager.o [22]
      .text               ro code  0x0002268c   0x16ec  rail_rf_hal.o [63]
      .text               ro code  0x00023d78     0x28  rfhal_module.o [63]
      .text               ro code  0x00023da0     0x18  rail_assert.o [63]
      .text               ro code  0x00023db8     0xd8  pa_conversions_efr32.o [63]
      .text               ro code  0x00023e90     0x54  micro-common-internal.o [60]
      .text               ro code  0x00023ee4      0x6  rail_pti.o [63]
      .text               ro code  0x00023eec     0xc8  pa_conversions_efr32.o [63]
      .text               ro code  0x00023fb4    0x1f4  rail_ieee802154_rf_hal.o [63]
      .text               ro code  0x000241a8     0x5c  rfhal_ircal.o [63]
      .text               ro code  0x00024204     0x42  strcmp_unaligned.o [68]
      .text               ro code  0x00024248    0x16c  buffer-queue.o [72]
      .text               ro code  0x000243b4    0x174  sl_mpu.o [22]
      .text               ro code  0x00024528    0x1ec  tempdrv.o [16]
      .text               ro code  0x00024714    0x2d8  rail_power_manager.o [63]
      .text               ro code  0x000249ec     0x1c  pa_conversions_efr32.o [63]
      .text               ro code  0x00024a08     0x4c  btl_interface.o [19]
      .text               ro code  0x00024a54     0x4e  leaf-routing-stub.o [72]
      .text               ro code  0x00024aa4    0x254  broadcast.o [72]
      .text               ro code  0x00024cf8     0xa0  unicast-table.o [72]
      .text               ro code  0x00024d98    0x452  crypto.o [72]
      .text               ro code  0x000251ec    0x248  store-forward.o [72]
      .text               ro code  0x00025434    0x5e4  aps-encryption.o [72]
      .text               ro code  0x00025a18    0x358  jit.o [72]
      .text               ro code  0x00025d70    0x118  zigbee-mac-header.o [72]
      .text               ro code  0x00025e88    0x2d0  packet-validate.o [67]
      .text               ro code  0x00026158    0x17c  route-error.o [72]
      .text               ro code  0x000262d4    0xb34  zigbee-device.o [72]
      .text               ro code  0x00026e08      0x8  end-device-bind-stub.o [58]
      .text               ro code  0x00026e10     0x54  af-trust-center.o [46]
      .text               ro code  0x00026e64      0x4  debug-platform-stub.o [55]
      .text               ro code  0x00026e68     0x94  ember-library.o [72]
      .text               ro code  0x00026efc     0x18  eui64.o [72]
      .text               ro code  0x00026f14     0x12  phy-util.o [72]
      .text               ro code  0x00026f28    0x126  multi-pan-common.o [66]
      .text               ro code  0x0002704e      0x6  cbke-crypto-engine-163k1-stub.o [49]
      .text               ro code  0x00027054      0x6  cbke-crypto-engine-283k1-stub.o [50]
      .text               ro code  0x0002705a      0xa  cbke-crypto-engine-stub.o [54]
      .text               ro code  0x00027064     0x68  install-code-tokens.o [61]
      .text               ro code  0x000270cc    0x448  aps-keys-transient.o [72]
      .text               ro code  0x00027514     0x62  hmac.o [72]
      .text               ro code  0x00027576     0x12  aps-keys-full-stub.o [69]
      .text               ro code  0x00027588     0x90  aes-efm32.o [72]
      .text               ro code  0x00027618      0x2  symbol-timer.o [72]
      .text               ro code  0x0002761c     0x70  security-config-mfg.o [72]
      .text               ro code  0x0002768c     0x9c  ota-client-policy.o [33]
      .text               ro code  0x00027728     0x20  ota-client-page-request.o [32]
      .text               ro code  0x00027748     0xbe  ota-common.o [34]
      .text               ro code  0x00027808    0x2d0  ota-storage-eeprom-page-erase.o [37]
      .text               ro code  0x00027ad8    0x24a  ota-storage-eeprom.o [37]
      .text               ro code  0x00027d24    0x198  ota-storage-common.o [35]
      .text               ro code  0x00027ebc      0x4  ota-client-signature-verify.o [32]
      .text               ro code  0x00027ec0     0x28  basic.o [8]
      .text               ro code  0x00027ee8    0x124  identify.o [25]
      .text               ro code  0x0002800c     0x1c  zigbee-device-common.o [1]
      .text               ro code  0x00028028     0x5c  service-discovery-soc.o [46]
      .text               ro code  0x00028084      0x2  af-security-common.o [46]
      .text               ro code  0x00028088    0x15c  em_gpio.o [17]
      .text               ro code  0x000281e4     0xc0  gpiointerrupt.o [16]
      .text               ro code  0x000282a4     0x9c  ikk-pwm.o [3]
      .text               ro code  0x00028340    0x13c  zcl-cli.o [46]
      .text               ro code  0x0002847c     0x26  crc.o [1]
      .text               ro code  0x000284a4    0x294  em_adc.o [17]
      .text               ro code  0x00028738    0x256  DblDiv.o [64]
      .text               ro code  0x00028990    0x1a2  DblMul.o [64]
      .text               ro code  0x00028b34     0xe8  DblAdd.o [64]
      .text               ro code  0x00028c1c     0x58  DblToI32.o [64]
      .text               ro code  0x00028c74      0xc  tolower.o [57]
      .text               ro code  0x00028c80     0x20  srand.o [57]
      .text               ro code  0x00028ca0     0xe0  rand.o [57]
      .text               ro code  0x00028d80    0x1d0  ikk-relay.o [3]
      .text               ro code  0x00028f50     0x1c  core-cli.o [46]
      .text               ro code  0x00028f6c      0x4  cbke-crypto-engine-dsa-sign-stub.o [51]
      .text               ro code  0x00028f70    0x1a4  em_msc.o [17]
      .text               ro code  0x00029114    0x2ec  rfhal_timings.o [63]
      .text               ro code  0x00029400    0x478  rfhal_radio.o [63]
      .text               ro code  0x00029878    0xfe4  generic_phy.o [63]
      .text               ro code  0x0002a85c    0x6c8  rfhal_pa.o [63]
      .text               ro code  0x0002af24    0x668  rfhal_bufc.o [63]
      .text               ro code  0x0002b58c      0xc  rail_zwave_rf_hal.o [63]
      .text               ro code  0x0002b598    0x53a  rfhal_protimer.o [63]
      .text               ro code  0x0002bad4     0x58  rfhal_tempcal.o [63]
      .text               ro code  0x0002bb2c    0x310  rfhal_synth.o [63]
      .text               ro code  0x0002be3c      0x4  rfhal_antenna.o [63]
      .text               ro code  0x0002be40    0x138  rfhal_rand.o [63]
      .text               ro code  0x0002bf78    0x18c  rfhal_pti.o [63]
      .text               ro code  0x0002c104    0x174  rfhal_rtccsync.o [63]
      .text               ro code  0x0002c278      0x4  faults-v7m.o [14]
      .text               ro code  0x0002c27c    0x1c4  ccm-star.o [9]
      .text               ro code  0x0002c440    0x1c0  zdo-binding-table.o [48]
      .text               ro code  0x0002c600    0x3e4  zdo-channel.o [72]
      .text               ro code  0x0002c9e4    0x1b8  crypto_aes.o [27]
      .text               ro code  0x0002cb9c      0x4  eeprom-afv2.o [13]
      .text               ro code  0x0002cba0      0xa  ota-bootload-soc.o [31]
      .text               ro code  0x0002cbac     0x40  print-formatter.o [46]
      .text               ro code  0x0002cbec    0x16c  DblSub.o [64]
      .text               ro code  0x0002cd58      0x2  xtls.o [57]
      .text               ro code  0x0002cd5c    0x120  ikk-timer.o [3]
      .text               ro code  0x0002ce7c     0x12  rail_ble_rf_hal.o [63]
      .text               ro code  0x0002ce90     0x50  seq_globals.o [63]
      .text               ro code  0x0002cee0     0x22  I64Shl.o [68]
      .text               ro code  0x0002cf02      0x4  rail_mfm_rf_hal.o [63]
      .text               ro code  0x0002cf08     0x54  crypto_management.o [27]
      .text               ro code  0x0002cf5c     0x1c  I32ToDbl.o [64]
      .text               ro code  0x0002cf78     0xf8  nvm3_hal_flash.o [30]
      .text               ro code  0x0002d070     0x70  dmadrv.o [16]
      .text               ro code  0x0002d0e0      0x4  faults-v7m.o [14]
      .text               ro code  0x0002d0e4      0x4  faults-v7m.o [14]
      .text               ro code  0x0002d0e8      0x4  faults-v7m.o [14]
      .text               ro code  0x0002d0ec      0x4  faults-v7m.o [14]
      .text               ro code  0x0002d0f0      0x4  faults-v7m.o [14]
      .text               ro code  0x0002d0f4      0x4  isr-stubs.o [14]
      .text               ro code  0x0002d0f8    0x104  adc-efr32.o [5]
      .text               ro code  0x0002d1fc     0x2c  rfhal_rfsense.o [63]
      .text               ro code  0x0002d228     0x22  fpinit_M.o [64]
      .text               ro code  0x0002d24c     0x1a  cmain.o [68]
      .text               ro code  0x0002d266      0x4  low_level_init.o [57]
      .text               ro code  0x0002d26c     0x28  data_init.o [68]
      .text               ro code  0x0002d294     0x16  simple-main.o [43]
      .text               ro code  0x0002d2aa      0x4  exit.o [57]
      .text               ro code  0x0002d2ae      0x2  sl_mbedtls.o [27]
      .text               ro code  0x0002d2b0      0xa  cexit.o [68]
      .text               ro code  0x0002d2bc      0xc  XXexit.o [68]
      .text               ro code  0x0002d2c8      0xe  startup_efr32mg13p.o [60]
      .text               ro code  0x0002d2d6      0xc  cstartup_M.o [68]
      .text               ro code  0x0002d2e2     0x40  zero_init3.o [68]
      .text               ro code  0x0002d322     0x78  lz77_init_single.o [68]
    .rodata               const    0x0002d39c      0x4  af-main-common.o [46]
    .rodata               const    0x0002d3a0      0x4  af-main-common.o [46]
    .rodata               const    0x0002d3a4     0x10  af-main-common.o [46]
    .rodata               const    0x0002d3b4     0x10  af-main-soc.o [46]
    .rodata               const    0x0002d3c4     0x18  af-main-soc.o [46]
    .rodata               const    0x0002d3dc     0x30  attribute-size.o [46]
    .rodata               const    0x0002d40c     0x70  attribute-storage.o [46]
    .rodata               const    0x0002d47c      0x4  attribute-storage.o [46]
    .rodata               const    0x0002d480      0x8  attribute-storage.o [46]
    .rodata               const    0x0002d488      0x8  attribute-storage.o [46]
    .rodata               const    0x0002d490      0xc  attribute-storage.o [46]
    .rodata               const    0x0002d49c     0x28  attribute-storage.o [46]
    .rodata               const    0x0002d4c4      0x4  attribute-storage.o [46]
    .rodata               const    0x0002d4c8    0x1bc  attribute-storage.o [46]
    .rodata               const    0x0002d684     0x8c  attribute-storage.o [46]
    .rodata               const    0x0002d710      0x8  attribute-storage.o [46]
    .rodata               const    0x0002d718      0x4  attribute-storage.o [46]
    .rodata               const    0x0002d71c      0x4  attribute-storage.o [46]
    .rodata               const    0x0002d720     0x20  util.o [46]
    .rodata               const    0x0002d740     0x14  util.o [46]
    .rodata               const    0x0002d754     0x24  zcl-cli.o [46]
    .rodata               const    0x0002d778      0xc  zcl-cli.o [46]
    .rodata               const    0x0002d784     0x14  reporting-default-configuration.o [39]
    .rodata               const    0x0002d798     0x20  ota-storage-eeprom-page-erase.o [37]
    .rodata               const    0x0002d7b8     0x18  ota-storage-eeprom.o [37]
    .rodata               const    0x0002d7d0      0x4  ota-storage-eeprom.o [37]
    .rodata               const    0x0002d7d4      0xc  ota-storage-eeprom.o [37]
    .rodata               const    0x0002d7e0      0xc  ota-storage-eeprom.o [37]
    .rodata               const    0x0002d7ec      0x4  ota-storage-simple.o [36]
    .rodata               const    0x0002d7f0     0x10  ota-storage-common.o [35]
    .rodata               const    0x0002d800      0xc  ota-common.o [34]
    .rodata               const    0x0002d80c      0xc  ota-client.o [32]
    .rodata               const    0x0002d818      0xc  ota-client.o [32]
    .rodata               const    0x0002d824      0x4  ota-client.o [32]
    .rodata               const    0x0002d828      0x8  ota-client.o [32]
    .rodata               const    0x0002d830     0x1c  nvm3_hal_flash.o [30]
    .rodata               const    0x0002d84c      0x4  nvm3_lock.o [29]
    .rodata               const    0x0002d850     0x10  network-steering.o [28]
    .rodata               const    0x0002d860     0x10  network-steering.o [28]
    .rodata               const    0x0002d870     0x10  crypto_management.o [27]
    .rodata               const    0x0002d880      0x8  ias-zone-server.o [24]
    .rodata               const    0x0002d888      0x8  ias-zone-server.o [24]
    .rodata               const    0x0002d890     0x14  hal-config.o [22]
    .rodata               const    0x0002d8a4     0x14  hal-config.o [22]
    .rodata               const    0x0002d8b8     0x10  hal-config.o [22]
    .rodata               const    0x0002d8c8      0x4  sl_power_manager_hal_s0_s1.o [22]
    .rodata               const    0x0002d8cc      0x4  sl_power_manager_hal_s0_s1.o [22]
    .rodata               const    0x0002d8d0     0x1c  bootloader-interface-app.o [19]
    .rodata               const    0x0002d8ec     0x40  bootloader-interface.o [19]
    .rodata               const    0x0002d92c     0x28  em_cmu.o [17]
    .rodata               const    0x0002d954     0x48  em_rmu.o [17]
    .rodata               const    0x0002d99c      0xc  sl_sleeptimer_hal_rtcc.o [16]
    .rodata               const    0x0002d9a8      0x8  sl_sleeptimer_hal_rtcc.o [16]
    .rodata               const    0x0002d9b0     0x10  ustimer.o [16]
    .rodata               const    0x0002d9c0     0x24  ember-printf.o [15]
    .rodata               const    0x0002d9e4     0x14  assert-crash-handlers.o [14]
    .rodata               const    0x0002d9f8     0x24  cstartup-common.o [14]
    .rodata               const    0x0002da1c     0x40  diagnostic.o [14]
    .rodata               const    0x0002da5c     0x38  diagnostic.o [14]
    .rodata               const    0x0002da94     0x44  diagnostic.o [14]
    .rodata               const    0x0002dad8     0x3c  diagnostic.o [14]
    .rodata               const    0x0002db14     0x30  diagnostic.o [14]
    .rodata               const    0x0002db44     0x30  diagnostic.o [14]
    .rodata               const    0x0002db74     0x24  diagnostic.o [14]
    .rodata               const    0x0002db98     0x28  diagnostic.o [14]
    .rodata               const    0x0002dbc0     0x40  diagnostic.o [14]
    .rodata               const    0x0002dc00     0x3c  diagnostic.o [14]
    .rodata               const    0x0002dc3c     0x30  diagnostic.o [14]
    .rodata               const    0x0002dc6c     0x38  diagnostic.o [14]
    .rodata               const    0x0002dca4     0x3c  diagnostic.o [14]
    .rodata               const    0x0002dce0     0x30  diagnostic.o [14]
    .rodata               const    0x0002dd10     0x38  diagnostic.o [14]
    .rodata               const    0x0002dd48     0x30  diagnostic.o [14]
    .rodata               const    0x0002dd78     0x40  diagnostic.o [14]
    .rodata               const    0x0002ddb8      0xc  diagnostic.o [14]
    .rodata               const    0x0002ddc4     0x10  diagnostic.o [14]
    .rodata               const    0x0002ddd4      0xc  diagnostic.o [14]
    .rodata               const    0x0002dde0      0xc  diagnostic.o [14]
    .rodata               const    0x0002ddec      0xc  diagnostic.o [14]
    .rodata               const    0x0002ddf8      0xc  diagnostic.o [14]
    .rodata               const    0x0002de04     0x10  diagnostic.o [14]
    .rodata               const    0x0002de14     0x10  diagnostic.o [14]
    .rodata               const    0x0002de24      0xc  diagnostic.o [14]
    .rodata               const    0x0002de30      0xc  diagnostic.o [14]
    .rodata               const    0x0002de3c     0x10  diagnostic.o [14]
    .rodata               const    0x0002de4c      0xc  diagnostic.o [14]
    .rodata               const    0x0002de58     0x10  diagnostic.o [14]
    .rodata               const    0x0002de68     0x10  diagnostic.o [14]
    .rodata               const    0x0002de78      0xc  diagnostic.o [14]
    .rodata               const    0x0002de84      0xc  diagnostic.o [14]
    .rodata               const    0x0002de90      0xc  diagnostic.o [14]
    .rodata               const    0x0002de9c      0xc  diagnostic.o [14]
    .rodata               const    0x0002dea8     0x10  diagnostic.o [14]
    .rodata               const    0x0002deb8      0xc  diagnostic.o [14]
    .rodata               const    0x0002dec4     0x10  diagnostic.o [14]
    .rodata               const    0x0002ded4     0x10  diagnostic.o [14]
    .rodata               const    0x0002dee4     0x10  diagnostic.o [14]
    .rodata               const    0x0002def4      0xc  diagnostic.o [14]
    .rodata               const    0x0002df00      0xc  diagnostic.o [14]
    .rodata               const    0x0002df0c      0xc  diagnostic.o [14]
    .rodata               const    0x0002df18     0x10  diagnostic.o [14]
    .rodata               const    0x0002df28     0x10  diagnostic.o [14]
    .rodata               const    0x0002df38      0xc  diagnostic.o [14]
    .rodata               const    0x0002df44     0x10  diagnostic.o [14]
    .rodata               const    0x0002df54      0xc  diagnostic.o [14]
    .rodata               const    0x0002df60      0xc  diagnostic.o [14]
    .rodata               const    0x0002df6c      0xc  diagnostic.o [14]
    .rodata               const    0x0002df78     0x10  diagnostic.o [14]
    .rodata               const    0x0002df88     0x10  diagnostic.o [14]
    .rodata               const    0x0002df98      0xc  diagnostic.o [14]
    .rodata               const    0x0002dfa4      0xc  diagnostic.o [14]
    .rodata               const    0x0002dfb0     0x10  diagnostic.o [14]
    .rodata               const    0x0002dfc0     0x10  diagnostic.o [14]
    .rodata               const    0x0002dfd0     0x10  diagnostic.o [14]
    .rodata               const    0x0002dfe0      0xc  diagnostic.o [14]
    .rodata               const    0x0002dfec      0xc  diagnostic.o [14]
    .rodata               const    0x0002dff8      0xc  diagnostic.o [14]
    .rodata               const    0x0002e004     0x10  diagnostic.o [14]
    .rodata               const    0x0002e014     0x10  diagnostic.o [14]
    .rodata               const    0x0002e024      0xc  diagnostic.o [14]
    .rodata               const    0x0002e030      0x8  diagnostic.o [14]
    .rodata               const    0x0002e038      0x8  diagnostic.o [14]
    .rodata               const    0x0002e040      0x8  diagnostic.o [14]
    .rodata               const    0x0002e048      0x8  diagnostic.o [14]
    .rodata               const    0x0002e050     0x30  diagnostic.o [14]
    .rodata               const    0x0002e080     0x3c  diagnostic.o [14]
    .rodata               const    0x0002e0bc     0x2c  diagnostic.o [14]
    .rodata               const    0x0002e0e8     0x20  diagnostic.o [14]
    .rodata               const    0x0002e108     0x30  diagnostic.o [14]
    .rodata               const    0x0002e138     0x18  diagnostic.o [14]
    .rodata               const    0x0002e150     0x40  diagnostic.o [14]
    .rodata               const    0x0002e190     0x30  diagnostic.o [14]
    .rodata               const    0x0002e1c0     0x1c  diagnostic.o [14]
    .rodata               const    0x0002e1dc     0x1c  diagnostic.o [14]
    .rodata               const    0x0002e1f8     0x18  diagnostic.o [14]
    .rodata               const    0x0002e210     0x3c  diagnostic.o [14]
    .rodata               const    0x0002e24c     0x34  diagnostic.o [14]
    .rodata               const    0x0002e280     0x3c  diagnostic.o [14]
    .rodata               const    0x0002e2bc     0x28  diagnostic.o [14]
    .rodata               const    0x0002e2e4     0x1c  diagnostic.o [14]
    .rodata               const    0x0002e300      0x8  diagnostic.o [14]
    .rodata               const    0x0002e308     0x18  diagnostic.o [14]
    .rodata               const    0x0002e320     0x48  diagnostic.o [14]
    .rodata               const    0x0002e368     0x30  diagnostic.o [14]
    .rodata               const    0x0002e398     0x1c  diagnostic.o [14]
    .rodata               const    0x0002e3b4     0x24  diagnostic.o [14]
    .rodata               const    0x0002e3d8      0xc  diagnostic.o [14]
    .rodata               const    0x0002e3e4     0x68  diagnostic.o [14]
    .rodata               const    0x0002e44c     0xb8  diagnostic.o [14]
    .rodata               const    0x0002e504     0xcc  diagnostic.o [14]
    .rodata               const    0x0002e5d0      0xc  mfg-token.o [14]
    .rodata               const    0x0002e5dc      0x8  mfg-token.o [14]
    .rodata               const    0x0002e5e4      0xc  micro-common.o [14]
    .rodata               const    0x0002e5f0      0x8  micro.o [14]
    .rodata               const    0x0002e5f8      0x8  micro.o [14]
    .rodata               const    0x0002e600      0xc  sleep-efm32.o [14]
    .rodata               const    0x0002e60c     0x10  sleep-efm32.o [14]
    .rodata               const    0x0002e61c      0x8  token.o [14]
    .rodata               const    0x0002e624      0xc  eeprom.o [13]
    .rodata               const    0x0002e630      0xc  eeprom.o [13]
    .rodata               const    0x0002e63c     0x10  counters-soc.o [11]
    .rodata               const    0x0002e64c     0x14  counters-soc.o [11]
    .rodata               const    0x0002e660      0xc  adc-efr32.o [5]
    .rodata               const    0x0002e66c      0x8  adc-efr32.o [5]
    .rodata               const    0x0002e674      0x8  adc-efr32.o [5]
    .rodata               const    0x0002e67c      0x8  ikk-cluster.o [4]
    .rodata               const    0x0002e684      0x8  ikk-cluster.o [4]
    .rodata               const    0x0002e68c     0x24  ikk-cluster.o [4]
    .rodata               const    0x0002e6b0     0x24  ikk-cluster.o [4]
    .rodata               const    0x0002e6d4     0x24  ikk-network.o [4]
    .rodata               const    0x0002e6f8     0x24  ikk-network.o [4]
    .rodata               const    0x0002e71c      0x8  ikk-network.o [4]
    .rodata               const    0x0002e724     0x24  ikk-network.o [4]
    .rodata               const    0x0002e748     0x28  ikk-ota.o [4]
    .rodata               const    0x0002e770      0x8  ikk-adc.o [3]
    .rodata               const    0x0002e778      0xc  ikk-adc.o [3]
    .rodata               const    0x0002e784     0x38  ikk-adc.o [3]
    .rodata               const    0x0002e7bc     0x24  ikk-adc.o [3]
    .rodata               const    0x0002e7e0     0x1c  ikk-adc.o [3]
    .rodata               const    0x0002e7fc     0x48  ikk-adc.o [3]
    .rodata               const    0x0002e844      0xc  ikk-adc.o [3]
    .rodata               const    0x0002e850     0x34  ikk-adc.o [3]
    .rodata               const    0x0002e884     0x10  ikk-button.o [3]
    .rodata               const    0x0002e894     0x10  ikk-timer.o [3]
    .rodata               const    0x0002e8a4     0x24  ikk-user.o [2]
    .rodata               const    0x0002e8c8     0x24  ikk-user.o [2]
    .rodata               const    0x0002e8ec     0x28  ikk-user.o [2]
    .rodata               const    0x0002e914     0x14  command-interpreter2.o [1]
    .rodata               const    0x0002e928     0x10  command-interpreter2.o [1]
    .rodata               const    0x0002e938     0x18  command-interpreter2.o [1]
    .rodata               const    0x0002e950     0x14  command-interpreter2.o [1]
    .rodata               const    0x0002e964     0x14  command-interpreter2.o [1]
    .rodata               const    0x0002e978      0xc  command-interpreter2.o [1]
    .rodata               const    0x0002e984     0x10  command-interpreter2.o [1]
    .rodata               const    0x0002e994      0xc  command-interpreter2.o [1]
    .rodata               const    0x0002e9a0      0xc  command-interpreter2.o [1]
    .rodata               const    0x0002e9ac      0xc  command-interpreter2.o [1]
    .rodata               const    0x0002e9b8      0xc  command-interpreter2.o [1]
    .rodata               const    0x0002e9c4      0xc  command-interpreter2.o [1]
    .rodata               const    0x0002e9d0      0xc  command-interpreter2.o [1]
    .rodata               const    0x0002e9dc      0xc  command-interpreter2.o [1]
    .rodata               const    0x0002e9e8      0xc  command-interpreter2.o [1]
    .rodata               const    0x0002e9f4      0x8  command-interpreter2.o [1]
    .rodata               const    0x0002e9fc     0x1c  command-interpreter2.o [1]
    .rodata               const    0x0002ea18      0x8  command-interpreter2.o [1]
    .rodata               const    0x0002ea20      0x8  command-interpreter2.o [1]
    .rodata               const    0x0002ea28     0x40  command-interpreter2.o [1]
    .rodata               const    0x0002ea68      0x8  command-interpreter2.o [1]
    .rodata               const    0x0002ea70     0xcc  token-def.o [1]
    .rodata               const    0x0002eb3c     0x34  token-def.o [1]
    .rodata               const    0x0002eb70     0x34  token-def.o [1]
    .rodata               const    0x0002eba4     0x34  token-def.o [1]
    .rodata               const    0x0002ebd8     0x34  token-def.o [1]
    .rodata               const    0x0002ec0c      0x4  token-def.o [1]
    .rodata               const    0x0002ec10     0x14  token-def.o [1]
    .rodata               const    0x0002ec24      0x4  token-def.o [1]
    .rodata               const    0x0002ec28      0x4  token-def.o [1]
    .rodata               const    0x0002ec2c     0x14  token-def.o [1]
    .rodata               const    0x0002ec40     0x10  token-def.o [1]
    .rodata               const    0x0002ec50     0x1c  token-def.o [1]
    .rodata               const    0x0002ec6c      0x8  token-def.o [1]
    .rodata               const    0x0002ec74      0xc  token-def.o [1]
    .rodata               const    0x0002ec80     0x18  token-def.o [1]
    .rodata               const    0x0002ec98     0x14  token-def.o [1]
    .rodata               const    0x0002ecac     0x10  token-def.o [1]
    .rodata               const    0x0002ecbc     0x14  token-def.o [1]
    .rodata               const    0x0002ecd0     0x1c  token-def.o [1]
    .rodata               const    0x0002ecec      0x8  token-def.o [1]
    .rodata               const    0x0002ecf4      0xc  token-def.o [1]
    .rodata               const    0x0002ed00      0x4  token-def.o [1]
    .rodata               const    0x0002ed04     0x10  token-def.o [1]
    .rodata               const    0x0002ed14      0xc  token-def.o [1]
    .rodata               const    0x0002ed20     0x1c  token-def.o [1]
    .rodata               const    0x0002ed3c     0x5c  token-def.o [1]
    .rodata               const    0x0002ed98     0x10  token-def.o [1]
    .rodata               const    0x0002eda8     0x28  token-def.o [1]
    .rodata               const    0x0002edd0     0x14  token-def.o [1]
    .rodata               const    0x0002ede4     0x34  token-def.o [1]
    .rodata               const    0x0002ee18      0x4  token-def.o [1]
    .rodata               const    0x0002ee1c     0x30  token-def.o [1]
    .rodata               const    0x0002ee4c      0x4  token-def.o [1]
    .rodata               const    0x0002ee50      0xc  token-def.o [1]
    .rodata               const    0x0002ee5c      0x8  token-def.o [1]
    .rodata               const    0x0002ee64     0x14  token-def.o [1]
    .rodata               const    0x0002ee78      0x8  token-def.o [1]
    .rodata               const    0x0002ee80     0xcc  token-def.o [1]
    .rodata               const    0x0002ef4c     0x14  znet-cli.o [1]
    .rodata               const    0x0002ef60      0x1  binding-table.o [48]
    .rodata               const    0x0002ef62      0x2  attribute-storage.o [46]
    .rodata               const    0x0002ef64     0x20  pa_curves_efr32.o [63]
    .rodata               const    0x0002ef84     0x98  pa_curves_efr32.o [63]
    .rodata               const    0x0002f01c      0xc  leaf-routing-stub.o [72]
    .rodata               const    0x0002f028      0x8  rail_ieee802154_rf_hal.o [63]
    .rodata               const    0x0002f030     0x10  rail_ble_rf_hal.o [63]
    .rodata               const    0x0002f040    0x2b8  ieee802154_efr32xg13_configurator_out.o [63]
    .rodata               const    0x0002f2f8   0x1b34  generic_efr32xg13_seq.o [63]
    .rodata               const    0x00030e2c      0x2  attribute-storage.o [46]
    .rodata               const    0x00030e2e      0x2  attribute-storage.o [46]
    .rodata               const    0x00030e30      0x2  mfg-token.o [14]
    .rodata               const    0x00030e32      0x2  mfg-token.o [14]
    .rodata               const    0x00030e34      0x2  mfg-token.o [14]
    .rodata               const    0x00030e36      0x2  mfg-token.o [14]
    .rodata               const    0x00030e38      0x2  mfg-token.o [14]
    .rodata               const    0x00030e3a      0x2  mfg-token.o [14]
    .rodata               const    0x00030e3c      0x2  mfg-token.o [14]
    .rodata               const    0x00030e3e      0x2  mfg-token.o [14]
    .rodata               const    0x00030e40      0x2  mfg-token.o [14]
    .rodata               const    0x00030e42      0x2  mfg-token.o [14]
    .rodata               const    0x00030e44      0x2  ikk-user.o [2]
    .rodata               const    0x00030e46      0x2  ember-configuration.o [1]
    .rodata               const    0x00030e48      0x2  token-def.o [1]
    .rodata               const    0x00030e4a      0x2  token-def.o [1]
    .rodata               const    0x00030e4c      0x2  token-def.o [1]
    .rodata               const    0x00030e4e      0x2  token-def.o [1]
    .rodata               const    0x00030e50      0x2  token-def.o [1]
    .rodata               const    0x00030e52      0x2  token-def.o [1]
    .rodata               const    0x00030e54      0x2  token-def.o [1]
    .rodata               const    0x00030e56      0x1  attribute-storage.o [46]
    .rodata               const    0x00030e57      0x1  attribute-storage.o [46]
    .rodata               const    0x00030e58      0x1  nvm3_lock.o [29]
    .rodata               const    0x00030e59      0x1  diagnostic.o [14]
    .rodata               const    0x00030e5a      0x1  diagnostic-server-soc.o [12]
    .rodata               const    0x00030e5b      0x1  command-interpreter2.o [1]
    .rodata               const    0x00030e5c      0x1  ember-configuration.o [1]
    .rodata               const    0x00030e5d      0x1  token-def.o [1]
    .rodata               const    0x00030e5e      0x1  token-def.o [1]
    .rodata               const    0x00030e5f      0x1  token-def.o [1]
    .rodata               const    0x00030e60      0x1  token-def.o [1]
    .rodata               const    0x00030e61      0x1  token-def.o [1]
    .rodata               const    0x00030e62      0x1  token-def.o [1]
    .rodata               const    0x00030e63      0x1  token-def.o [1]
    .rodata               const    0x00030e64      0x1  token-def.o [1]
    .rodata               const    0x00030e65      0x1  token-def.o [1]
    .rodata               const    0x00030e66      0x1  token-def.o [1]
    .rodata               const    0x00030e67      0x1  token-def.o [1]
    .rodata               const    0x00030e68      0x1  token-def.o [1]
    .rodata               const    0x00030e69      0x1  ember-multi-network-stub.o [65]
    .rodata               const    0x00030e6a      0x1  multi-pan-stub.o [66]
    .rodata               const    0x00030e6b      0x1  aps-keys-full-stub.o [69]
    .rodata               const    0x00030e6c      0x1  ember-library.o [72]
    .rodata               const    0x00030e6d      0x1  trust-center-util-stub.o [72]
    .rodata               const    0x00030e6e      0x1  enhanced-beacon-request-stub.o [73]
    .rodata               const    0x00030e6f      0x1  zll-stubs.o [74]
    .rodata               const    0x00030e70      0x1  cbke-crypto-engine-stub.o [54]
    .rodata               const    0x00030e71      0x1  cbke-crypto-engine-163k1-stub.o [49]
    .rodata               const    0x00030e72      0x1  cbke-crypto-engine-283k1-stub.o [50]
    .rodata               const    0x00030e73      0x1  end-device-bind-stub.o [58]
    .rodata               const    0x00030e74      0x1  cbke-crypto-engine-dsa-sign-stub.o [51]
    .rodata               const    0x00030e75      0x1  packet-validate.o [67]
    .rodata               const    0x00030e76      0x1  install-code-tokens.o [61]
    .rodata               const    0x00030e77      0x1  cbke-crypto-engine-dsa-verify-283k1-stub.o [52]
    .rodata               const    0x00030e78      0x1  cbke-crypto-engine-dsa-verify-stub.o [53]
    .rodata               const    0x00030e79      0x0  zero_init3.o [68]
    .rodata               const    0x00030e79      0x0  lz77_init_single.o [68]
    .data_init                     0x00030e79    0x48d  <Block>
      Initializer bytes   const    0x00030e79    0x48d  <for rw section .data-1>
    .iar.init_table       const    0x00031308     0x48  - Linker created -
    Initializer bytes     const    0x00031350      0x8  <for DLIB_PERTHREAD_INITIALIZED_DATA-1>
                                 - 0x00031358  0x31258

"SIMEE&LOCKBITS":                               0x9000
  SIMEE                            0x00077000   0x9000  <Block>
    SIMEE                 uninit   0x00077000   0x9000  nvm3_default.o [30]
                                 - 0x00080000   0x9000

"ResetHeap":                                    0x1634
  RESETHEAP                        0x20000000   0x1634  <Block>
    RESETINFO                      0x20000000     0x9c  <Block>
      RESETINFO           rw data  0x20000000      0x0  faults-v7m.o [14]
      RESETINFO           rw data  0x20000000      0x0  isr-stubs.o [14]
      RESETINFO           uninit   0x20000000     0x9c  cstartup-common.o [14]
    ALIGN_EMHEAP                   0x200000a0   0x1594  <Block>
      EMHEAP                       0x200000a0   0x1594  <Block>
        EMHEAP            uninit   0x200000a0   0x1594  ember-configuration.o [1]
                                 - 0x20001634   0x1634

"Guard":                                          0x20
  GUARD_REGION            zero     0x20001640     0x20  cstartup-common.o [14]
                                 - 0x20001660     0x20

"APP rw":                                       0x55ec
  APPRW_block                      0x2000aa00   0x55ec  <Block>
    ALIGN_CSTACK                   0x2000aa00    0x960  <Block>
      CSTACK                       0x2000aa00    0x960  <Block>
        CSTACK            rw data  0x2000aa00      0x0  faults-v7m.o [14]
        CSTACK            rw data  0x2000aa00      0x0  isr-stubs.o [14]
        CSTACK            uninit   0x2000aa00    0x960  cstartup-common.o [14]
    .textrw                        0x2000b360     0x14  <Block>
      .textrw-1                    0x2000b360     0x14  <Init block>
        .textrw           inited   0x2000b360     0x14  em_emu.o [17]
    rw section .data-1             0x2000b374    0x86f  <Init block>
      .data               inited   0x2000b374     0x24  af-event.o [46]
      .data               inited   0x2000b398     0xf0  af-event.o [46]
      .data               inited   0x2000b488      0x4  update-tc-link-key.o [45]
      .data               inited   0x2000b48c      0x4  ota-storage-eeprom-page-erase.o [37]
      .data               inited   0x2000b490      0x4  nvm3_default.o [30]
      .data               inited   0x2000b494     0x1c  nvm3_default.o [30]
      .data               inited   0x2000b4b0      0x4  nvm3_default.o [30]
      .data               inited   0x2000b4b4      0x4  network-steering.o [28]
      .data               inited   0x2000b4b8      0x4  network-steering.o [28]
      .data               inited   0x2000b4bc      0x4  em_cmu.o [17]
      .data               inited   0x2000b4c0      0x4  system_efr32mg13p.o [17]
      .data               inited   0x2000b4c4      0x4  system_efr32mg13p.o [17]
      .data               inited   0x2000b4c8      0x4  system_efr32mg13p.o [17]
      .data               inited   0x2000b4cc      0x4  system_efr32mg13p.o [17]
      .data               inited   0x2000b4d0      0x4  micro.o [14]
      .data               inited   0x2000b4d4      0x8  sleep-efm32.o [14]
      .data               inited   0x2000b4dc      0x8  ikk-network.o [4]
      .data               inited   0x2000b4e4    0x260  ikk-adc.o [3]
      .data               inited   0x2000b744     0x10  ikk-pwm.o [3]
      .data               inited   0x2000b754     0x10  ikk-pwm.o [3]
      .data               inited   0x2000b764     0x10  ikk-relay.o [3]
      .data               inited   0x2000b774     0x10  ikk-relay.o [3]
      .data               inited   0x2000b784      0x4  ikk-timer.o [3]
      .data               inited   0x2000b788     0x18  ikk-uart.o [3]
      .data               inited   0x2000b7a0      0x4  ikk-p824m.o [2]
      .data               inited   0x2000b7a4     0x20  ikk-user.o [2]
      .data               inited   0x2000b7c4     0x38  ikk-user.o [2]
      .data               inited   0x2000b7fc      0x8  ikk-user.o [2]
      .data               inited   0x2000b804     0x18  ikk-user.o [2]
      .data               inited   0x2000b81c      0x4  ikk-user.o [2]
      .data               inited   0x2000b820     0x20  command-interpreter2.o [1]
      .data               inited   0x2000b840      0x4  ember-configuration.o [1]
      .data               inited   0x2000b844      0x4  ember-configuration.o [1]
      .data               inited   0x2000b848      0x4  ember-configuration.o [1]
      .data               inited   0x2000b84c      0x4  ember-configuration.o [1]
      .data               inited   0x2000b850      0x4  ember-configuration.o [1]
      .data               inited   0x2000b854      0x4  ember-configuration.o [1]
      .data               inited   0x2000b858      0x4  ember-configuration.o [1]
      .data               inited   0x2000b85c      0x4  ember-configuration.o [1]
      .data               inited   0x2000b860      0x4  ember-configuration.o [1]
      .data               inited   0x2000b864      0x4  ember-configuration.o [1]
      .data               inited   0x2000b868      0x4  ember-configuration.o [1]
      .data               inited   0x2000b86c      0x4  ember-configuration.o [1]
      .data               inited   0x2000b870      0x4  ember-configuration.o [1]
      .data               inited   0x2000b874      0x4  ember-configuration.o [1]
      .data               inited   0x2000b878      0x4  ember-configuration.o [1]
      .data               inited   0x2000b87c      0x4  ember-configuration.o [1]
      .data               inited   0x2000b880      0x4  ember-configuration.o [1]
      .data               inited   0x2000b884      0x4  ember-configuration.o [1]
      .data               inited   0x2000b888      0x4  ember-configuration.o [1]
      .data               inited   0x2000b88c      0x4  ember-configuration.o [1]
      .data               inited   0x2000b890      0x4  ember-configuration.o [1]
      .data               inited   0x2000b894      0x4  ember-configuration.o [1]
      .data               inited   0x2000b898      0x4  buffer-management.o [72]
      .data               inited   0x2000b89c      0x4  association.o [72]
      .data               inited   0x2000b8a0     0x90  zigbee-stack.o [72]
      .data               inited   0x2000b930      0xc  application-support.o [72]
      .data               inited   0x2000b93c     0x14  lower-mac-rail-802.15.4.o [72]
      .data               inited   0x2000b950    0x174  lower-mac-rail-802.15.4.o [72]
      .data               inited   0x2000bac4      0x4  lower-mac-rail-802.15.4.o [72]
      .data               inited   0x2000bac8     0x3c  rail_power_manager.o [63]
      .data               inited   0x2000bb04      0x4  beacon-handling.o [72]
      .data               inited   0x2000bb08      0x4  mac-flat-header.o [72]
      .data               inited   0x2000bb0c      0x8  scan.o [72]
      .data               inited   0x2000bb14     0x10  rail_rf.o [63]
      .data               inited   0x2000bb24     0x20  rail_rf_hal.o [63]
      .data               inited   0x2000bb44      0x8  rail_rf_hal.o [63]
      .data               inited   0x2000bb4c      0x8  rail_assert.o [63]
      .data               inited   0x2000bb54     0x1c  rfhal_pa.o [63]
      .data               inited   0x2000bb70      0x4  rfhal_radio.o [63]
      .data               inited   0x2000bb74      0x8  rfhal_radio.o [63]
      .data               inited   0x2000bb7c      0x4  rail_zwave_rf_hal.o [63]
      .data               inited   0x2000bb80      0x4  ieee802154_efr32xg13_configurator_out.o [63]
      .data               inited   0x2000bb84      0x2  af-event.o [46]
      .data               inited   0x2000bb86      0x2  ota-client.o [32]
      .data               inited   0x2000bb88      0x2  ember-configuration.o [1]
      .data               inited   0x2000bb8a      0x2  ember-configuration.o [1]
      .data               inited   0x2000bb8c      0x2  ember-configuration.o [1]
      .data               inited   0x2000bb8e      0x2  random.o [1]
      .data               inited   0x2000bb90      0x2  random.o [1]
      .data               inited   0x2000bb92      0x8  zigbee-device.o [72]
      .data               inited   0x2000bb9a      0x2  aps-security.o [72]
      .data               inited   0x2000bb9c      0x2  leave.o [72]
      .data               inited   0x2000bb9e      0x2  child-handling.o [72]
      .data               inited   0x2000bba0      0x2  management.o [72]
      .data               inited   0x2000bba2      0x2  mac-command.o [72]
      .data               inited   0x2000bba4      0x4  rail_rf_hal.o [63]
      .data               inited   0x2000bba8      0x2  zigbee-mac-header.o [72]
      .data               inited   0x2000bbaa      0x1  print.o [46]
      .data               inited   0x2000bbab      0x1  util.o [46]
      .data               inited   0x2000bbac      0x1  util.o [46]
      .data               inited   0x2000bbad      0x1  util.o [46]
      .data               inited   0x2000bbae      0x1  ota-common.o [34]
      .data               inited   0x2000bbaf      0x1  ota-client.o [32]
      .data               inited   0x2000bbb0      0x1  ota-client.o [32]
      .data               inited   0x2000bbb1      0x1  hal-config.o [22]
      .data               inited   0x2000bbb2      0x1  hal-config.o [22]
      .data               inited   0x2000bbb3      0x1  sl_power_manager_hal_s0_s1.o [22]
      .data               inited   0x2000bbb4      0x1  end-device-support.o [18]
      .data               inited   0x2000bbb5      0x1  sl_sleeptimer_hal_rtcc.o [16]
      .data               inited   0x2000bbb6      0x1  eeprom.o [13]
      .data               inited   0x2000bbb7      0x1  ikk-network.o [4]
      .data               inited   0x2000bbb8      0x1  ikk-network.o [4]
      .data               inited   0x2000bbb9      0x1  ikk-relay.o [3]
      .data               inited   0x2000bbba      0x1  command-interpreter2.o [1]
      .data               inited   0x2000bbbb      0x1  ember-configuration.o [1]
      .data               inited   0x2000bbbc      0x1  ember-configuration.o [1]
      .data               inited   0x2000bbbd      0x1  ember-configuration.o [1]
      .data               inited   0x2000bbbe      0x1  ember-configuration.o [1]
      .data               inited   0x2000bbbf      0x1  ember-configuration.o [1]
      .data               inited   0x2000bbc0      0x1  ember-configuration.o [1]
      .data               inited   0x2000bbc1      0x1  ember-configuration.o [1]
      .data               inited   0x2000bbc2      0x1  ember-configuration.o [1]
      .data               inited   0x2000bbc3      0x1  ember-configuration.o [1]
      .data               inited   0x2000bbc4      0x1  ember-configuration.o [1]
      .data               inited   0x2000bbc5      0x1  ember-configuration.o [1]
[...]
sl_sleeptimer_ms32_to_tick
                        0x00002ae1    0x2a  Code  Gb  sl_sleeptimer.o [16]
sl_sleeptimer_restart_timer
                        0x000028e7    0x1c  Code  Gb  sl_sleeptimer.o [16]
sl_sleeptimer_restart_timer_ms
                        0x000011a1    0x14  Code  Lc  system-timer.o [60]
sl_sleeptimer_start_timer
                        0x000028b9    0x2e  Code  Gb  sl_sleeptimer.o [16]
sl_sleeptimer_start_timer_ms
                        0x0000118d    0x14  Code  Lc  system-timer.o [60]
sl_sleeptimer_stop_timer
                        0x0000293b    0x4a  Code  Gb  sl_sleeptimer.o [16]
sl_sleeptimer_tick64_to_ms
                        0x00002b43    0x52  Code  Gb  sl_sleeptimer.o [16]
sl_sleeptimer_tick_to_ms
                        0x00002b0b    0x38  Code  Gb  sl_sleeptimer.o [16]
sl_slist_init           0x00022679     0x6  Code  Gb  sl_slist.o [22]
sl_slist_push           0x0002267f     0x4  Code  Gb  sl_slist.o [22]
sl_zll_scan_attempts    0x2000bbdb     0x1  Data  Lc  zigbee-scan.o [72]
sleepTimerInterruptOccurred
                        0x2000f93c     0x1  Data  Lc  system-timer.o [60]
sleep_on_isr_exit       0x2000ff8a     0x1  Data  Lc  sl_sleeptimer.o [16]
sleeptimer_frequency    0x2000cf2c     0x4  Data  Lc  sl_power_manager.o [22]
sleeptimer_hal_disable_int
                        0x0000d935    0x28  Code  Gb  sl_sleeptimer_hal_rtcc.o [16]
sleeptimer_hal_enable_int
                        0x0000d91b    0x1a  Code  Gb  sl_sleeptimer_hal_rtcc.o [16]
sleeptimer_hal_get_counter
                        0x0000d8cf     0x6  Code  Gb  sl_sleeptimer_hal_rtcc.o [16]
sleeptimer_hal_get_timer_frequency
                        0x0000d9ad    0x16  Code  Gb  sl_sleeptimer_hal_rtcc.o [16]
sleeptimer_hal_init_timer
                        0x0000d865    0x6a  Code  Gb  sl_sleeptimer_hal_rtcc.o [16]
sleeptimer_hal_set_compare
                        0x0000d8d5    0x46  Code  Gb  sl_sleeptimer_hal_rtcc.o [16]
sleepyBroadcastInfo     0x2000fa38     0x1  Data  Lc  jit.o [72]
sli_build_zll_scan_request_payload
                        0x00018593     0x4  Code  Gb  zll-stubs.o [74]
sli_mac_energy_scan     0x00010355    0x32  Code  Gb  scan.o [72]
sli_mac_energy_scan_complete_callback
                        0x2000fc34     0x4  Data  Gb  scan.o [72]
sli_mac_filter_match_check
                        0x0000f0e3   0x104  Code  Gb  mac-header.o [72]
sli_mac_init_child_table_pointers
                        0x0000a6eb     0x4  Code  Gb  mac-child-stub.o [72]
sli_mac_pop_child_table_pointer
                        0x0000a6f3     0x4  Code  Gb  mac-child-stub.o [72]
sli_mac_push_child_table_pointer
                        0x0000a6ef     0x4  Code  Gb  mac-child-stub.o [72]
sli_power_manager_apply_em
                        0x000225f9    0x2a  Code  Gb  sl_power_manager_hal_s0_s1.o [22]
sli_power_manager_convert_delay_us_to_tick
                        0x0000e403    0x12  Code  Gb  sl_power_manager.o [22]
sli_power_manager_em23_voltage_scaling_enable_fast_wakeup
                        0x00022537    0x48  Code  Gb  sl_power_manager_hal_s0_s1.o [22]
sli_power_manager_get_default_high_frequency_minimum_offtime
                        0x00022623     0x8  Code  Gb  sl_power_manager_hal_s0_s1.o [22]
sli_power_manager_get_wakeup_process_time_overhead
                        0x0002262b    0x14  Code  Gb  sl_power_manager_hal_s0_s1.o [22]
sli_power_manager_handle_pre_deepsleep_operations
                        0x000225b5     0x2  Code  Gb  sl_power_manager_hal_s0_s1.o [22]
sli_power_manager_init_hardware
                        0x000224a9    0x8e  Code  Gb  sl_power_manager_hal_s0_s1.o [22]
sli_power_manager_is_high_freq_accuracy_clk_ready
                        0x000225b9     0x4  Code  Gb  sl_power_manager_hal_s0_s1.o [22]
sli_power_manager_on_wakeup
                        0x00003b0d    0x38  Code  Gb  sleep-efm32.o [14]
sli_power_manager_restore_high_freq_accuracy_clk
                        0x000225b7     0x2  Code  Gb  sl_power_manager_hal_s0_s1.o [22]
sli_power_manager_restore_states
                        0x000225bd    0x3c  Code  Gb  sl_power_manager_hal_s0_s1.o [22]
sli_power_manager_save_states
                        0x0002257f     0x4  Code  Gb  sl_power_manager_hal_s0_s1.o [22]
sli_power_manager_update_em_requirement
                        0x0000e37b    0x68  Code  Gb  sl_power_manager.o [22]
sli_scan_stop           0x000105fb    0x38  Code  Gb  scan.o [72]
sli_set_lower_mac_params_to_concurrent_networks
                        0x0000a92d    0x46  Code  Gb  upper-mac.o [72]
sli_set_lower_mac_params_to_current_network
                        0x0000a973    0x3c  Code  Gb  upper-mac.o [72]
sli_sleeptimer_hal_is_int_status_set
                        0x0000d95d    0x1e  Code  Gb  sl_sleeptimer_hal_rtcc.o [16]
sli_sleeptimer_is_power_manager_timer_next_to_expire
                        0x00002a85     0x8  Code  Gb  sl_sleeptimer.o [16]
sli_upper_mac_update_lower_mac_params
                        0x0000a89f    0x1c  Code  Gb  upper-mac.o [72]
sli_zigbee_routeRecordPolicy
                        0x2000ff38     0x1  Data  Lc  network.o [72]
srand                   0x00028c81    0x20  Code  Gb  srand.o [57]
stackEvents             0x2000b8a0    0x90  Data  Gb  zigbee-stack.o [72]
stackTokenInfo          0x00014500    0x3c  Data  Lc  token-cache.o [72]
startNetworkOperation   0x0000633d    0x6e  Code  Lc  association.o [72]
startPanIdScan          0x0001f845    0x4e  Code  Lc  form-and-join.o [20]
startScan               0x0001fad9    0x12  Code  Lc  form-and-join.o [20]
startServerDiscovery    0x000192e5    0x66  Code  Lc  ota-client.o [32]
start_channel_scan      0x000106c3    0x6c  Code  Lc  scan.o [72]
stateMachineRun         0x0001b6f1    0x36  Code  Lc  network-steering.o [28]
stateTable              0x2000cef4     0x4  Data  Lc  identify.o [25]
states                  0x2000c5fc    0x40  Data  Lc  service-discovery-common.o [46]
states                  0x2000ff85     0x1  Data  Lc  end-device-move.o [18]
states                  0x2000d0f0    0x18  Data  Lc  end-device-support.o [18]
statesInitialized       0x2000ff4e     0x1  Data  Lc  service-discovery-common.o [46]
staticCmd               0x0002d720    0x20  Data  Lc  util.o [46]
status                  0x00019c99    0x10  Code  Lc  call-command-handler.o [1]
storageHasFullImage     0x2000ff5e     0x1  Data  Lc  ota-storage-simple.o [36]
storageSlot             0x2000cf54     0x4  Data  Lc  bootloader-interface-app.o [19]
storeAndForwardDelayCount
                        0x2000fc50     0x1  Data  Lc  store-forward.o [72]
storeAndForwardSubmitCount
                        0x2000fc51     0x1  Data  Lc  store-forward.o [72]
storedKeysList          0x2000f984     0x2  Data  Lc  aps-keys-transient.o [72]
storedNetworks          0x2000ff16     0x2  Data  Lc  network-steering-soc.o [28]
storedSleepControl      0x2000ff5d     0x1  Data  Lc  ota-storage-eeprom-page-erase.o [37]
stringToUnsignedInt     0x00020af5    0x7a  Code  Lc  command-interpreter2.o [1]
strlen                  0x0001f1c1          Code  Gb  strlen.o [68]
submitCount             0x2000fbe9     0x1  Data  Lc  retry.o [72]
superRetriesIntervalForMacDataPoll
                        0x2000f9d0     0x4  Data  Lc  network.o [72]
syncReg                 0x00003193    0x12  Code  Lc  em_cmu.o [17]
systemTimerId           0x2000f940    0x18  Data  Lc  system-timer.o [60]
tail                    0x2000ff59     0x1  Data  Lc  scan-dispatch.o [40]
tcBasedClassificationAlgorithm
                        0x00011919    0x62  Code  Lc  beacon-handling.o [72]
tempdrvHighCallbacks    0x2000d2ec    0x28  Data  Lc  tempdrv.o [16]
tempdrvLowCallbacks     0x2000d314    0x28  Data  Lc  tempdrv.o [16]
terminateScanRequest    0x0002c81f    0x18  Code  Lc  zdo-channel.o [72]
thrHard                 0x0000b9d7    0x20  Code  Lc  nvm3.o [62]
thrSize                 0x0000ba25     0xa  Code  Lc  nvm3.o [62]
thrSoftMinimum          0x0000b9f7    0x20  Code  Lc  nvm3.o [62]
thrSoftUser             0x0000ba17     0xe  Code  Lc  nvm3.o [62]
timeElapsed             0x2000ff8c     0x1  Data  Lc  ustimer.o [16]
timer_frequency         0x2000d2dc     0x4  Data  Lc  sl_sleeptimer.o [16]
timer_head              0x2000d2e0     0x4  Data  Lc  sl_sleeptimer.o [16]
tokenArraySize          0x0002ebd8    0x34  Data  Gb  token-def.o [1]
tokenDefaults           0x0002ee80    0xcc  Data  Gb  token-def.o [1]
tokenFlagsToSizeArray   0x000270c8     0x4  Data  Lc  install-code-tokens.o [61]
tokenIsCnt              0x0002eb3c    0x34  Data  Gb  token-def.o [1]
tokenIsIdx              0x0002eb70    0x34  Data  Gb  token-def.o [1]
tokenLength             0x00020745     0xe  Code  Lc  command-interpreter2.o [1]
tokenNvm3Keys           0x0002ea70    0xcc  Data  Gb  token-def.o [1]
tokenPointer            0x00020753    0x10  Code  Lc  command-interpreter2.o [1]
tokenSize               0x0002eba4    0x34  Data  Gb  token-def.o [1]
tokensActive            0x2000ff8e     0x1  Data  Lc  token.o [14]
tolower                 0x00028c75     0xc  Code  Gb  tolower.o [57]
totalImageSize          0x2000c7b4     0x4  Data  Lc  ota-client.o [32]
tracePhase              0x2000f850     0x1  Data  Lc  buffer-management.o [72]
transientKeyFinish      0x00027277    0x38  Code  Lc  aps-keys-transient.o [72]
transportKeyFrameSizes  0x00026120     0x8  Data  Lc  packet-validate.o [67]
tryNextMethod           0x0001b6a1    0x2c  Code  Lc  network-steering.o [28]
tryToJoinNetwork        0x0001b4f3    0x6e  Code  Gb  network-steering.o [28]
tryTxCurrentPacket      0x00004e27    0x5c  Code  Lc  lower-mac-rail-802.15.4.o [72]
txCompleteStatusPending
                        0x2000b942     0x1  Data  Lc  lower-mac-rail-802.15.4.o [72]
txCompleted             0x00004bff    0x1a  Code  Lc  lower-mac-rail-802.15.4.o [72]
txCurrentPacket         0x00004b61    0x98  Code  Lc  lower-mac-rail-802.15.4.o [72]
txFailedCallback        0x000042e5    0x78  Code  Lc  lower-mac-rail-802.15.4.o [72]
txSchedulerInfo         0x2000b944     0xc  Data  Lc  lower-mac-rail-802.15.4.o [72]
tx_complete_callback    0x000102c5    0x42  Code  Lc  scan.o [72]
typeSensitiveMemCopy    0x000008f5    0x76  Code  Lc  attribute-storage.o [46]
u64LastReportMsgTime    0x2000bfa8     0x8  Data  Lc  ikk-user.o [2]
unicastHead             0x2000ffe6     0x1  Data  Lc  unicast-table.o [72]
uninitializedIsr        0x0002d0f1          Code  Gb  faults-v7m.o [14]
unsolicitedChannelReport
                        0x2000fc3e     0x1  Data  Lc  zdo-channel.o [72]
unusedOriginalChannelMaskCache
                        0x2000f9a0     0x4  Data  Lc  zigbee-scan.o [72]
unusedPanIdCache        0x2000f990     0x2  Data  Lc  zigbee-scan.o [72]
updateCurrentOffset     0x00019131    0x1e  Code  Lc  ota-client.o [32]
updateDownloadFileVersion
                        0x0001914f     0x8  Code  Lc  ota-client.o [32]
updateEnrollState       0x0001ba6f    0x12  Code  Lc  ias-zone-server.o [24]
updateEvents            0x00003c2b    0x4e  Code  Lc  lower-mac-rail-802.15.4.o [72]
updateInterrupts        0x000245a1    0x9c  Code  Lc  tempdrv.o [16]
updateTcLinkKeyState    0x2000ffe0     0x1  Data  Lc  aps-keys.o [72]
update_em1_requirement  0x0000e4f5    0x12  Code  Lc  sl_power_manager.o [22]
update_first_timer_delta
                        0x00002d43    0x24  Code  Lc  sl_sleeptimer.o [16]
upgradeEndResponseParse
                        0x00019b31    0xbc  Code  Lc  ota-client.o [32]
useLegacyTimeoutMethod  0x2000ffdd     0x1  Data  Gb  child-handling.o [72]
usePageRequest          0x2000ff64     0x1  Data  Lc  ota-client.o [32]
userData                0x2000f868     0x4  Data  Lc  buffer-management.o [72]
userDataCount           0x2000f856     0x2  Data  Lc  buffer-management.o [72]
vFillBuffer             0x00005061   0x13a  Code  Lc  client-api.o [46]
vScaleAfterWakeup       0x0000de27    0x24  Code  Lc  em_emu.o [17]
vScaleDownEM23Setup     0x0000ddf9    0x2e  Code  Lc  em_emu.o [17]
vScaleEM01Config        0x2000d110     0x4  Data  Lc  em_emu.o [17]
validateObj             0x0000c3db    0x26  Code  Lc  nvm3.o [62]
validateObjFragments    0x0000c1b3   0x228  Code  Lc  nvm3.o [62]
waitingForResponse      0x2000ff63     0x1  Data  Lc  ota-client.o [32]
wakeInfo                0x2000d36c     0x4  Data  Lc  sleep-efm32.o [14]
wakeup_time_config_overhead_tick
                        0x2000cf28     0x4  Data  Gb  sl_power_manager.o [22]
walkDelayQueue          0x00017581    0xd2  Code  Lc  retry.o [72]
walkStoreAndForwardQueue
                        0x00025231   0x112  Code  Lc  store-forward.o [72]
watchdogDisableInSleep  0x2000ff8d     0x1  Data  Lc  sleep-efm32.o [14]
wordSize                0x2000ff90     0x1  Data  Lc  eeprom.o [13]
workBegin               0x0000d0cd    0x16  Code  Lc  nvm3.o [62]
workEnd                 0x0000d0e3    0x14  Code  Lc  nvm3.o [62]
writeFullAllowed        0x0000ba2f    0x18  Code  Lc  nvm3.o [62]
writeIdentifyTime       0x00027f81    0x18  Code  Lc  identify.o [25]
writeMessage            0x00010913    0xaa  Code  Lc  legacy-packet-buffer.o [72]
writeObj                0x0000bbcd   0x2da  Code  Lc  nvm3.o [62]
zclBufferAddBuffer      0x00028439    0x1e  Code  Gb  zcl-cli.o [46]
zclBufferAddByte        0x00028415    0x12  Code  Gb  zcl-cli.o [46]
zclBufferAddWord        0x00028427    0x12  Code  Gb  zcl-cli.o [46]
zclBufferSetup          0x000283c1    0x54  Code  Gb  zcl-cli.o [46]
zclCmdIsBuilt           0x2000ff55     0x1  Data  Gb  zcl-cli.o [46]
zdoConfigurationModeEnabled
                        0x2000bbd8     0x1  Data  Gb  zigbee-device-util.o [72]
zigDevApsStruct         0x2000f95c     0x4  Data  Lc  zigbee-device-util.o [72]
zigDevRequestRadius     0x2000bbcf     0x1  Data  Gb  zigbee-device-common.o [1]
zigDevRequestSequence   0x2000ffd4     0x1  Data  Lc  zigbee-device-common.o [1]
zigDevRequestSequence   0x2000f958     0x1  Data  Lc  zigbee-device-util.o [72]
zigbeeMacFilterList     0x00030e46     0x2  Data  Gb  ember-configuration.o [1]
zllActiveScanCompleteHandler
                        0x000167ef    0x16  Code  Lc  zigbee-scan.o [72]
zll_channel_stay        0x00016663    0x2e  Code  Gb  zigbee-scan.o [72]
zll_scan_request_callback
                        0x00016691    0xa8  Code  Lc  zigbee-scan.o [72]


[1] = D:\simplicity studio5\s5\KKHumanBody\IAR ARM - Default - EFR32MG13P732F512GM32
[2] = D:\simplicity studio5\s5\KKHumanBody\IAR ARM - Default - EFR32MG13P732F512GM32\00ikonke-app
[3] = D:\simplicity studio5\s5\KKHumanBody\IAR ARM - Default - EFR32MG13P732F512GM32\00ikonke-app\driver
[4] = D:\simplicity studio5\s5\KKHumanBody\IAR ARM - Default - EFR32MG13P732F512GM32\00ikonke-app\general
[5] = D:\simplicity studio5\s5\KKHumanBody\IAR ARM - Default - EFR32MG13P732F512GM32\adc\EFR32
[6] = D:\simplicity studio5\s5\KKHumanBody\IAR ARM - Default - EFR32MG13P732F512GM32\address-table
[7] = D:\simplicity studio5\s5\KKHumanBody\IAR ARM - Default - EFR32MG13P732F512GM32\antenna-stub
[8] = D:\simplicity studio5\s5\KKHumanBody\IAR ARM - Default - EFR32MG13P732F512GM32\basic
[9] = D:\simplicity studio5\s5\KKHumanBody\IAR ARM - Default - EFR32MG13P732F512GM32\ccm-encryption
[10] = D:\simplicity studio5\s5\KKHumanBody\IAR ARM - Default - EFR32MG13P732F512GM32\coexistence-stub\EFR32
[11] = D:\simplicity studio5\s5\KKHumanBody\IAR ARM - Default - EFR32MG13P732F512GM32\counters
[12] = D:\simplicity studio5\s5\KKHumanBody\IAR ARM - Default - EFR32MG13P732F512GM32\diagnostic-server
[13] = D:\simplicity studio5\s5\KKHumanBody\IAR ARM - Default - EFR32MG13P732F512GM32\eeprom
[14] = D:\simplicity studio5\s5\KKHumanBody\IAR ARM - Default - EFR32MG13P732F512GM32\efr32
[15] = D:\simplicity studio5\s5\KKHumanBody\IAR ARM - Default - EFR32MG13P732F512GM32\ember-minimal-printf
[16] = D:\simplicity studio5\s5\KKHumanBody\IAR ARM - Default - EFR32MG13P732F512GM32\emdrv
[17] = D:\simplicity studio5\s5\KKHumanBody\IAR ARM - Default - EFR32MG13P732F512GM32\emlib
[18] = D:\simplicity studio5\s5\KKHumanBody\IAR ARM - Default - EFR32MG13P732F512GM32\end-device-support
[19] = D:\simplicity studio5\s5\KKHumanBody\IAR ARM - Default - EFR32MG13P732F512GM32\external-generated-files
[20] = D:\simplicity studio5\s5\KKHumanBody\IAR ARM - Default - EFR32MG13P732F512GM32\form-and-join
[21] = D:\simplicity studio5\s5\KKHumanBody\IAR ARM - Default - EFR32MG13P732F512GM32\generic-interrupt-control\EFR32
[22] = D:\simplicity studio5\s5\KKHumanBody\IAR ARM - Default - EFR32MG13P732F512GM32\hal-library\EFR32
[23] = D:\simplicity studio5\s5\KKHumanBody\IAR ARM - Default - EFR32MG13P732F512GM32\heartbeat
[24] = D:\simplicity studio5\s5\KKHumanBody\IAR ARM - Default - EFR32MG13P732F512GM32\ias-zone-server
[25] = D:\simplicity studio5\s5\KKHumanBody\IAR ARM - Default - EFR32MG13P732F512GM32\identify
[26] = D:\simplicity studio5\s5\KKHumanBody\IAR ARM - Default - EFR32MG13P732F512GM32\idle-sleep
[27] = D:\simplicity studio5\s5\KKHumanBody\IAR ARM - Default - EFR32MG13P732F512GM32\mbedtls\EFR32
[28] = D:\simplicity studio5\s5\KKHumanBody\IAR ARM - Default - EFR32MG13P732F512GM32\network-steering
[29] = D:\simplicity studio5\s5\KKHumanBody\IAR ARM - Default - EFR32MG13P732F512GM32\nvm3
[30] = D:\simplicity studio5\s5\KKHumanBody\IAR ARM - Default - EFR32MG13P732F512GM32\nvm3\EFR32
[31] = D:\simplicity studio5\s5\KKHumanBody\IAR ARM - Default - EFR32MG13P732F512GM32\ota-bootload
[32] = D:\simplicity studio5\s5\KKHumanBody\IAR ARM - Default - EFR32MG13P732F512GM32\ota-client
[33] = D:\simplicity studio5\s5\KKHumanBody\IAR ARM - Default - EFR32MG13P732F512GM32\ota-client-policy
[34] = D:\simplicity studio5\s5\KKHumanBody\IAR ARM - Default - EFR32MG13P732F512GM32\ota-common
[35] = D:\simplicity studio5\s5\KKHumanBody\IAR ARM - Default - EFR32MG13P732F512GM32\ota-storage-common
[36] = D:\simplicity studio5\s5\KKHumanBody\IAR ARM - Default - EFR32MG13P732F512GM32\ota-storage-simple
[37] = D:\simplicity studio5\s5\KKHumanBody\IAR ARM - Default - EFR32MG13P732F512GM32\ota-storage-simple-eeprom
[38] = D:\simplicity studio5\s5\KKHumanBody\IAR ARM - Default - EFR32MG13P732F512GM32\packet-handoff
[39] = D:\simplicity studio5\s5\KKHumanBody\IAR ARM - Default - EFR32MG13P732F512GM32\reporting
[40] = D:\simplicity studio5\s5\KKHumanBody\IAR ARM - Default - EFR32MG13P732F512GM32\scan-dispatch
[41] = D:\simplicity studio5\s5\KKHumanBody\IAR ARM - Default - EFR32MG13P732F512GM32\serial
[42] = D:\simplicity studio5\s5\KKHumanBody\IAR ARM - Default - EFR32MG13P732F512GM32\serial\EFR32
[43] = D:\simplicity studio5\s5\KKHumanBody\IAR ARM - Default - EFR32MG13P732F512GM32\simple-main
[44] = D:\simplicity studio5\s5\KKHumanBody\IAR ARM - Default - EFR32MG13P732F512GM32\strong-random
[45] = D:\simplicity studio5\s5\KKHumanBody\IAR ARM - Default - EFR32MG13P732F512GM32\update-tc-link-key
[46] = D:\simplicity studio5\s5\KKHumanBody\IAR ARM - Default - EFR32MG13P732F512GM32\zcl-framework-core
[47] = command line
[48] = binding-table-library.a
[49] = cbke-163k1-stub-library.a
[50] = cbke-283k1-stub-library.a
[51] = cbke-library-dsa-sign-stub.a
[52] = cbke-library-dsa-verify-283k1-stub.a
[53] = cbke-library-dsa-verify-stub.a
[54] = cbke-stub-library.a
[55] = debug-basic-stub-library.a
[56] = debug-extended-stub-library.a
[57] = dl7M_tln.a
[58] = end-device-bind-stub-library.a
[59] = gp-stub-library.a
[60] = hal-library.a
[61] = install-code-library.a
[62] = libnvm3_CM4_iar.a
[63] = librail_efr32xg13_iar_release.a
[64] = m7M_tls.a
[65] = multi-network-stub-library.a
[66] = multi-pan-stub-library.a
[67] = packet-validate-library.a
[68] = rt7M_tl.a
[69] = security-library-link-keys-stub.a
[70] = sim-eeprom2-to-nvm3-upgrade-stub-library.a
[71] = source-route-stub-library.a
[72] = zigbee-pro-leaf-stack.a
[73] = zigbee-r22-support-stub-library.a
[74] = zll-stub-library.a

  184 710 bytes of readonly  code memory
       20 bytes of readwrite code memory
   16 764 bytes of readonly  data memory
   64 548 bytes of readwrite data memory

Errors: none
Warnings: 1
