###############################################################################
#
# IAR ELF Linker V7.80.4.12462/W32 for ARM                27/Dec/2022  16:17:19
# Copyright 2007-2017 IAR Systems AB.
#
#    Output file  =  KKHumanBody.out
#    Map file     =  
#        D:/simplicity studio5/s5/KKHumanBody/IAR ARM - Default -
#        EFR32MG21A010F1024IM32/KKHumanBody.map
#    Command line =  
#        "D:/simplicity
#        studio5/s5/developer/sdks/gecko_sdk_suite/v3.1//protocol/zigbee/build/cbke-163k1-stub-library-cortexm3-iar-efr32mg21-rail/cbke-163k1-stub-library.a"
#        "D:/simplicity
#        studio5/s5/developer/sdks/gecko_sdk_suite/v3.1//protocol/zigbee/build/source-route-stub-library-cortexm3-iar-efr32mg21-rail/source-route-stub-library.a"
#        "D:/simplicity
#        studio5/s5/developer/sdks/gecko_sdk_suite/v3.1//protocol/zigbee/build/cbke-library-dsa-sign-stub-cortexm3-iar-efr32mg21-rail/cbke-library-dsa-sign-stub.a"
#        "D:/simplicity
#        studio5/s5/developer/sdks/gecko_sdk_suite/v3.1//protocol/zigbee/build/binding-table-library-cortexm3-iar-efr32mg21-rail/binding-table-library.a"
#        "D:/simplicity
#        studio5/s5/developer/sdks/gecko_sdk_suite/v3.1//protocol/zigbee/build/security-library-link-keys-stub-cortexm3-iar-efr32mg21-rail/security-library-link-keys-stub.a"
#        "D:/simplicity
#        studio5/s5/developer/sdks/gecko_sdk_suite/v3.1//protocol/zigbee/build/packet-validate-library-cortexm3-iar-efr32mg21-rail/packet-validate-library.a"
#        "D:/simplicity
#        studio5/s5/developer/sdks/gecko_sdk_suite/v3.1//protocol/zigbee/build/zigbee-pro-stack-cortexm3-iar-efr32mg21-rail/zigbee-pro-stack.a"
#        "D:/simplicity
#        studio5/s5/developer/sdks/gecko_sdk_suite/v3.1//protocol/zigbee/build/sim-eeprom2-to-nvm3-upgrade-stub-library-cortexm3-iar-efr32mg21-rail/sim-eeprom2-to-nvm3-upgrade-stub-library.a"
#        "D:/simplicity
#        studio5/s5/developer/sdks/gecko_sdk_suite/v3.1//platform/emdrv/nvm3/lib/libnvm3_CM33_iar.a"
#        "D:/simplicity
#        studio5/s5/developer/sdks/gecko_sdk_suite/v3.1//protocol/zigbee/build/multi-pan-stub-library-cortexm3-iar-efr32mg21-rail/multi-pan-stub-library.a"
#        "D:/simplicity
#        studio5/s5/developer/sdks/gecko_sdk_suite/v3.1//protocol/zigbee/build/multi-network-stub-library-cortexm3-iar-efr32mg21-rail/multi-network-stub-library.a"
#        "D:/simplicity
#        studio5/s5/developer/sdks/gecko_sdk_suite/v3.1//platform/radio/rail_lib/autogen/librail_release/librail_efr32xg21_iar_release.a"
#        "D:/simplicity
#        studio5/s5/developer/sdks/gecko_sdk_suite/v3.1//protocol/zigbee/build/zll-stub-library-cortexm3-iar-efr32mg21-rail/zll-stub-library.a"
#        "D:/simplicity
#        studio5/s5/developer/sdks/gecko_sdk_suite/v3.1//protocol/zigbee/build/hal-library-cortexm3-iar-efr32mg21-rail/hal-library.a"
#        "D:/simplicity
#        studio5/s5/developer/sdks/gecko_sdk_suite/v3.1//protocol/zigbee/build/cbke-library-dsa-verify-283k1-stub-cortexm3-iar-efr32mg21-rail/cbke-library-dsa-verify-283k1-stub.a"
#        "D:/simplicity
#        studio5/s5/developer/sdks/gecko_sdk_suite/v3.1//protocol/zigbee/build/end-device-bind-stub-library-cortexm3-iar-efr32mg21-rail/end-device-bind-stub-library.a"
#        "D:/simplicity
#        studio5/s5/developer/sdks/gecko_sdk_suite/v3.1//protocol/zigbee/build/cbke-283k1-stub-library-cortexm3-iar-efr32mg21-rail/cbke-283k1-stub-library.a"
#        "D:/simplicity
#        studio5/s5/developer/sdks/gecko_sdk_suite/v3.1//protocol/zigbee/build/debug-extended-stub-library-cortexm3-iar-efr32mg21-rail/debug-extended-stub-library.a"
#        "D:/simplicity
#        studio5/s5/developer/sdks/gecko_sdk_suite/v3.1//protocol/zigbee/build/debug-basic-stub-library-cortexm3-iar-efr32mg21-rail/debug-basic-stub-library.a"
#        "D:/simplicity
#        studio5/s5/developer/sdks/gecko_sdk_suite/v3.1//protocol/zigbee/build/mfglib-library-cortexm3-iar-efr32mg21-rail/mfglib-library.a"
#        "D:/simplicity
#        studio5/s5/developer/sdks/gecko_sdk_suite/v3.1//protocol/zigbee/build/gp-library-cortexm3-iar-efr32mg21-rail/gp-library.a"
#        "D:/simplicity
#        studio5/s5/developer/sdks/gecko_sdk_suite/v3.1//protocol/zigbee/build/cbke-library-dsa-verify-stub-cortexm3-iar-efr32mg21-rail/cbke-library-dsa-verify-stub.a"
#        "D:/simplicity
#        studio5/s5/developer/sdks/gecko_sdk_suite/v3.1//protocol/zigbee/build/cbke-stub-library-cortexm3-iar-efr32mg21-rail/cbke-stub-library.a"
#        "D:/simplicity
#        studio5/s5/developer/sdks/gecko_sdk_suite/v3.1//protocol/zigbee/build/install-code-library-cortexm3-iar-efr32mg21-rail/install-code-library.a"
#        "D:/simplicity
#        studio5/s5/developer/sdks/gecko_sdk_suite/v3.1//protocol/zigbee/build/zigbee-r22-support-stub-library-cortexm3-iar-efr32mg21-rail/zigbee-r22-support-stub-library.a"
#        ./zcl-framework-core/af-event.o ./zcl-framework-core/af-main-common.o
#        ./zcl-framework-core/af-main-soc.o ./zcl-framework-core/af-node.o
#        ./zcl-framework-core/af-security-common.o
#        ./zcl-framework-core/af-trust-center.o
#        ./zcl-framework-core/attribute-size.o
#        ./zcl-framework-core/attribute-storage.o
#        ./zcl-framework-core/attribute-table.o
#        ./zcl-framework-core/client-api.o ./zcl-framework-core/core-cli.o
#        ./zcl-framework-core/crypto-state.o ./zcl-framework-core/message.o
#        ./zcl-framework-core/multi-network.o
#        ./zcl-framework-core/network-cli.o ./zcl-framework-core/option-cli.o
#        ./zcl-framework-core/plugin-cli.o
#        ./zcl-framework-core/print-formatter.o ./zcl-framework-core/print.o
#        ./zcl-framework-core/process-cluster-message.o
#        ./zcl-framework-core/process-global-message.o
#        ./zcl-framework-core/security-cli.o
#        ./zcl-framework-core/service-discovery-common.o
#        ./zcl-framework-core/service-discovery-soc.o
#        ./zcl-framework-core/time-util.o ./zcl-framework-core/util.o
#        ./zcl-framework-core/zcl-cli.o ./zcl-framework-core/zdo-cli.o
#        ./update-tc-link-key/update-tc-link-key-cli.o
#        ./update-tc-link-key/update-tc-link-key.o
#        ./strong-random/strong-random-api.o ./simple-main/simple-main.o
#        ./serial/EFR32/serial.o ./serial/com.o ./scenes/scenes-cli.o
#        ./scenes/scenes.o ./scan-dispatch/scan-dispatch.o
#        ./reporting/reporting-cli.o
#        ./reporting/reporting-default-configuration.o ./reporting/reporting.o
#        ./packet-handoff/packet-handoff.o ./on-off/on-off.o
#        ./nvm3/EFR32/nvm3_default.o ./nvm3/EFR32/nvm3_hal_flash.o
#        ./nvm3/nvm3_lock.o ./network-steering/network-steering-cli.o
#        ./network-steering/network-steering-soc.o
#        ./network-steering/network-steering-v2.o
#        ./network-steering/network-steering.o ./mbedtls/EFR32/aes.o
#        ./mbedtls/EFR32/aes_aes.o ./mbedtls/EFR32/asn1parse.o
#        ./mbedtls/EFR32/asn1write.o ./mbedtls/EFR32/base64.o
#        ./mbedtls/EFR32/bignum.o ./mbedtls/EFR32/ccm.o
#        ./mbedtls/EFR32/chacha20.o ./mbedtls/EFR32/chachapoly.o
#        ./mbedtls/EFR32/cipher.o ./mbedtls/EFR32/cipher_wrap.o
#        ./mbedtls/EFR32/cmac.o ./mbedtls/EFR32/crypto_aes.o
#        ./mbedtls/EFR32/crypto_ecp.o ./mbedtls/EFR32/crypto_gcm.o
#        ./mbedtls/EFR32/crypto_management.o ./mbedtls/EFR32/cryptoacc_aes.o
#        ./mbedtls/EFR32/cryptoacc_ccm.o ./mbedtls/EFR32/cryptoacc_gcm.o
#        ./mbedtls/EFR32/cryptoacc_management.o ./mbedtls/EFR32/ctr_drbg.o
#        ./mbedtls/EFR32/des.o ./mbedtls/EFR32/ecdh.o ./mbedtls/EFR32/ecdsa.o
#        ./mbedtls/EFR32/ecjpake.o ./mbedtls/EFR32/ecp.o
#        ./mbedtls/EFR32/ecp_curves.o ./mbedtls/EFR32/entropy.o
#        ./mbedtls/EFR32/error.o ./mbedtls/EFR32/gcm.o
#        ./mbedtls/EFR32/mbedtls_cmac.o ./mbedtls/EFR32/mbedtls_ecdsa_ecdh.o
#        ./mbedtls/EFR32/mbedtls_sha.o ./mbedtls/EFR32/md.o
#        ./mbedtls/EFR32/md5.o ./mbedtls/EFR32/oid.o ./mbedtls/EFR32/pem.o
#        ./mbedtls/EFR32/pk.o ./mbedtls/EFR32/pk_wrap.o
#        ./mbedtls/EFR32/pkparse.o ./mbedtls/EFR32/platform_util.o
#        ./mbedtls/EFR32/poly1305.o ./mbedtls/EFR32/psa_crypto.o
#        ./mbedtls/EFR32/psa_crypto_driver_wrappers.o
#        ./mbedtls/EFR32/psa_crypto_slot_management.o
#        ./mbedtls/EFR32/psa_crypto_storage.o ./mbedtls/EFR32/rsa.o
#        ./mbedtls/EFR32/rsa_internal.o ./mbedtls/EFR32/se_aes.o
#        ./mbedtls/EFR32/se_ccm.o ./mbedtls/EFR32/se_gcm.o
#        ./mbedtls/EFR32/se_jpake.o ./mbedtls/EFR32/sha1.o
#        ./mbedtls/EFR32/sha256.o ./mbedtls/EFR32/sha512.o
#        ./mbedtls/EFR32/sl_entropy.o ./mbedtls/EFR32/sl_mbedtls.o
#        ./mbedtls/EFR32/sl_psa_its_nvm3.o ./mbedtls/EFR32/sl_se_management.o
#        ./mbedtls/EFR32/sl_se_manager.o
#        ./mbedtls/EFR32/sl_se_manager_attestation.o
#        ./mbedtls/EFR32/sl_se_manager_cipher.o
#        ./mbedtls/EFR32/sl_se_manager_entropy.o
#        ./mbedtls/EFR32/sl_se_manager_hash.o
#        ./mbedtls/EFR32/sl_se_manager_key_derivation.o
#        ./mbedtls/EFR32/sl_se_manager_key_handling.o
#        ./mbedtls/EFR32/sl_se_manager_signature.o
#        ./mbedtls/EFR32/sl_se_manager_util.o
#        ./mbedtls/EFR32/sli_crypto_transparent_driver_aead.o
#        ./mbedtls/EFR32/sli_crypto_transparent_driver_cipher.o
#        ./mbedtls/EFR32/sli_crypto_transparent_driver_hash.o
#        ./mbedtls/EFR32/sli_crypto_transparent_driver_mac.o
#        ./mbedtls/EFR32/sli_cryptoacc_transparent_driver_aead.o
#        ./mbedtls/EFR32/sli_cryptoacc_transparent_driver_cipher.o
#        ./mbedtls/EFR32/sli_cryptoacc_transparent_driver_hash.o
#        ./mbedtls/EFR32/sli_cryptoacc_transparent_driver_key_derivation.o
#        ./mbedtls/EFR32/sli_cryptoacc_transparent_driver_key_management.o
#        ./mbedtls/EFR32/sli_cryptoacc_transparent_driver_mac.o
#        ./mbedtls/EFR32/sli_cryptoacc_transparent_driver_signature.o
#        ./mbedtls/EFR32/sli_protocol_crypto_crypto.o
#        ./mbedtls/EFR32/sli_protocol_crypto_radioaes.o
#        ./mbedtls/EFR32/sli_psa_driver_init.o
#        ./mbedtls/EFR32/sli_radioaes_management.o
#        ./mbedtls/EFR32/sli_se_driver_aead.o
#        ./mbedtls/EFR32/sli_se_driver_builtin_keys.o
#        ./mbedtls/EFR32/sli_se_driver_cipher.o
#        ./mbedtls/EFR32/sli_se_driver_key_derivation.o
#        ./mbedtls/EFR32/sli_se_driver_key_management.o
#        ./mbedtls/EFR32/sli_se_driver_mac.o
#        ./mbedtls/EFR32/sli_se_driver_signature.o
#        ./mbedtls/EFR32/sli_se_opaque_driver_aead.o
#        ./mbedtls/EFR32/sli_se_opaque_driver_cipher.o
#        ./mbedtls/EFR32/sli_se_opaque_driver_mac.o
#        ./mbedtls/EFR32/sli_se_opaque_key_derivation.o
#        ./mbedtls/EFR32/sli_se_transparent_driver_aead.o
#        ./mbedtls/EFR32/sli_se_transparent_driver_cipher.o
#        ./mbedtls/EFR32/sli_se_transparent_driver_hash.o
#        ./mbedtls/EFR32/sli_se_transparent_driver_mac.o
#        ./mbedtls/EFR32/sli_se_transparent_key_derivation.o
#        ./mbedtls/EFR32/ssl_cache.o ./mbedtls/EFR32/ssl_ciphersuites.o
#        ./mbedtls/EFR32/ssl_cli.o ./mbedtls/EFR32/ssl_cookie.o
#        ./mbedtls/EFR32/ssl_msg.o ./mbedtls/EFR32/ssl_srv.o
#        ./mbedtls/EFR32/ssl_ticket.o ./mbedtls/EFR32/ssl_tls.o
#        ./mbedtls/EFR32/threading.o ./mbedtls/EFR32/x509.o
#        ./mbedtls/EFR32/x509_create.o ./mbedtls/EFR32/x509_crl.o
#        ./mbedtls/EFR32/x509_crt.o ./mbedtls/EFR32/x509_csr.o
#        ./mbedtls/EFR32/x509write_crt.o ./mbedtls/EFR32/x509write_csr.o
#        ./idle-sleep/idle-sleep-cli.o ./idle-sleep/idle-sleep-soc.o
#        ./idle-sleep/idle-sleep.o ./identify/identify-cli.o
#        ./identify/identify.o ./ias-zone-server/ias-zone-server-cli.o
#        ./ias-zone-server/ias-zone-server.o ./heartbeat/heartbeat.o
#        ./hal-library/EFR32_2/sl_hfxo_manager.o
#        ./hal-library/EFR32_2/sl_hfxo_manager_hal_s2.o
#        ./hal-library/EFR32/hal-config-gpio.o ./hal-library/EFR32/hal-config.o
#        ./hal-library/EFR32/sl_mpu.o ./hal-library/EFR32/sl_power_manager.o
#        ./hal-library/EFR32/sl_power_manager_debug.o
#        ./hal-library/EFR32/sl_power_manager_hal_s0_s1.o
#        ./hal-library/EFR32/sl_power_manager_hal_s2.o
#        ./hal-library/EFR32/sl_slist.o ./groups-server/groups-server-cli.o
#        ./groups-server/groups-server.o
#        ./green-power-common/green-power-common.o
#        ./green-power-client/green-power-client-cli.o
#        ./green-power-client/green-power-client.o
#        ./generic-interrupt-control/EFR32/generic-interrupt-control-efr32.o
#        ./form-and-join/form-and-join-afv2.o
#        ./form-and-join/form-and-join-node-adapter.o
#        ./form-and-join/form-and-join.o
#        ./external-generated-files/bootloader-interface-app.o
#        ./external-generated-files/bootloader-interface.o
#        ./external-generated-files/btl_interface.o
#        ./external-generated-files/btl_interface_storage.o ./emlib/em_adc.o
#        ./emlib/em_cmu.o ./emlib/em_core.o ./emlib/em_cryotimer.o
#        ./emlib/em_emu.o ./emlib/em_eusart.o ./emlib/em_gpio.o
#        ./emlib/em_i2c.o ./emlib/em_ldma.o ./emlib/em_leuart.o
#        ./emlib/em_msc.o ./emlib/em_prs.o ./emlib/em_rmu.o ./emlib/em_rtcc.o
#        ./emlib/em_se.o ./emlib/em_system.o ./emlib/em_timer.o
#        ./emlib/em_usart.o ./emlib/em_wdog.o ./emlib/system_efr32mg21.o
#        ./emdrv/dmadrv.o ./emdrv/gpiointerrupt.o ./emdrv/sl_sleeptimer.o
#        ./emdrv/sl_sleeptimer_hal_rtcc.o ./emdrv/tempdrv.o ./emdrv/uartdrv.o
#        ./emdrv/ustimer.o ./ember-minimal-printf/ember-printf.o
#        ./efr32/assert-crash-handlers.o ./efr32/button.o
#        ./efr32/buzzer-efr32.o ./efr32/cstartup-common.o ./efr32/diagnostic.o
#        ./efr32/ext-device.o ./efr32/faults-v7m.o ./efr32/isr-stubs.o
#        ./efr32/led.o ./efr32/mfg-token.o ./efr32/micro-common.o
#        ./efr32/micro.o ./efr32/sleep-efm32.o ./efr32/token.o
#        ./eeprom/eeprom-afv2.o ./eeprom/eeprom-cli.o ./eeprom/eeprom.o
#        ./diagnostic-server/diagnostic-server-soc.o ./counters/counters-cli.o
#        ./counters/counters-ota.o ./counters/counters-soc.o
#        ./coexistence-stub/EFR32/coexistence-802154.o
#        ./coexistence-stub/EFR32/coulomb-counter-802154.o
#        ./ccm-encryption/ccm-star.o ./basic/basic.o
#        ./antenna-stub/antenna-stub.o ./address-table/address-table-cli.o
#        ./address-table/address-table.o ./00ikonke-app/tools/SEGGER_RTT.o
#        ./00ikonke-app/tools/SEGGER_RTT_ASM_ARMv7M.o
#        ./00ikonke-app/tools/SEGGER_RTT_Syscalls_IAR.o
#        ./00ikonke-app/tools/SEGGER_RTT_printf.o
#        ./00ikonke-app/tools/ikk-rtt.o ./00ikonke-app/general/ikk-cluster.o
#        ./00ikonke-app/general/ikk-command.o
#        ./00ikonke-app/general/ikk-common-utils.o
#        ./00ikonke-app/general/ikk-factory-test.o
#        ./00ikonke-app/general/ikk-network.o
#        ./00ikonke-app/general/ikk-opt-tunnel.o
#        ./00ikonke-app/general/ikk-ota.o ./00ikonke-app/general/ikk-sequence.o
#        ./00ikonke-app/general/ikk-tick-handler.o
#        ./00ikonke-app/driver/ikk-adc.o ./00ikonke-app/driver/ikk-button.o
#        ./00ikonke-app/driver/ikk-led.o ./00ikonke-app/driver/ikk-pwm.o
#        ./00ikonke-app/driver/ikk-relay.o ./00ikonke-app/driver/ikk-timer.o
#        ./00ikonke-app/driver/ikk-uart.o ./00ikonke-app/ikk-p824m.o
#        ./00ikonke-app/ikk-user.o ./KKTemplateCodeProject_callbacks.o
#        ./call-command-handler.o ./callback-stub.o ./command-interpreter2.o
#        ./crc.o ./ember-base-configuration.o ./ember-configuration.o
#        ./endian.o ./library.o ./mem-util.o ./random.o
#        ./security-address-cache.o ./stack-handler-stub.o ./token-def.o
#        ./zigbee-device-common.o ./zigbee-device-library.o
#        ./znet-bookkeeping.o ./znet-cli.o -o KKHumanBody.out --config
#        "D:/simplicity
#        studio5/s5/developer/sdks/gecko_sdk_suite/v3.1//platform/base/hal/micro/cortexm3/efm32/iar-cfg.icf"
#        --config_def APP_BTL=1 --config_def FLASH_SIZE=1048576 --config_def
#        RAM_SIZE=98304 --config_def SIMEEPROM_SIZE=65536 --config_def
#        LOCKBITS_IN_MAINFLASH_SIZE=8192 --config_def EMBER_MALLOC_HEAP_SIZE=0
#        --config_def HEADER_SIZE=512 --config_def PSSTORE_SIZE=0 --config_def
#        LONGTOKEN_SIZE=0 --config_def BTL_SIZE=16384 --no_wrap_diagnostics
#        --entry __iar_program_start --map "D:/simplicity
#        studio5/s5/KKHumanBody/IAR ARM - Default -
#        EFR32MG21A010F1024IM32/KKHumanBody.map" --log_file "D:/simplicity
#        studio5/s5/KKHumanBody/IAR ARM - Default -
#        EFR32MG21A010F1024IM32/KKHumanBody.log" --log
#        initialization,modules,sections,veneers --diag_suppress=Lp012
#        --redirect _Printf=_PrintfSmallNoMb --redirect _Scanf=_ScanfFullNoMb
#
###############################################################################

*******************************************************************************
*** MESSAGES
***

Warning[Lt009]: Inconsistent wchar_t size
            af-event.o and 305 other objects have wchar_t size 16 bits
            event-control.o(zigbee-pro-stack.a) and 151 other objects have wchar_t size 32 bits


*******************************************************************************
*** RUNTIME MODEL ATTRIBUTES
***

CppFlavor       = *
__SystemLibrary = DLib
__dlib_version  = 6


*******************************************************************************
*** PLACEMENT SUMMARY
***

"BAT": place at 0x00000000 { section BAT };
"HEADERS":
       place at start of [0x00004000-0x000041ff] { block HEADER_block };
"APP ro":
       place at start of [0x00004200-0x000fffff] { block APPRO_block };
"SIMEE&LOCKBITS":
       place at end of [0x00004200-0x000fffff] {
          zi section SIMEE, zi section INTERNAL_STORAGE, zi section LONGTOKEN,
          zi section PSSTORE, zi section LOCKBITS_IN_MAINFLASH };
"ResetHeap":
       place at start of [0x20000000-0x20017fef] { block RESETHEAP };
"Guard":
       place in [from 0x20000000 to 0x20017fef] { rw section GUARD_REGION };
"APP rw":
       place at end of [0x20000000-0x20017fef] { block APPRW_block };
do not initialize {
   rw section .noinitlegacy, rw section .noinitnew, rw section CSTACK,
   rw section RESETINFO, rw section EMHEAP, zi section SIMEE,
   zi section INTERNAL_STORAGE, zi section LONGTOKEN, zi section PSSTORE,
   zi section LOCKBITS_IN_MAINFLASH };
initialize by copy { rw };

  Section                 Kind        Address     Size  Object
  -------                 ----        -------     ----  ------
"BAT":                                            0x54
  BAT                     uninit   0x00000000     0x54  cstartup-common.o [14]
                                 - 0x00000054     0x54

"HEADERS":                                        0xac
  HEADER_block                     0x00004000     0xac  <Block>
    AAT                   const    0x00004000     0xac  cstartup-common.o [14]
                                 - 0x000040ac     0xac

"APP ro":                                      0x3e90c
  APPRO_block                      0x00004200  0x3e90c  <Block>
    .intvec               const    0x00004200    0x134  startup_efr32mg21.o [58]
    Initializer bytes     const    0x00004334    0x135  <for .textrw-1>
    .text                          0x0000446c  0x35a02  <Block>
      .text               ro code  0x0000446c    0x162  af-event.o [44]
      .text               ro code  0x000045ce      0x2  zigbee-stack.o [71]
      .text               ro code  0x000045d0     0x5c  multi-network.o [44]
      .text               ro code  0x0000462c    0x17c  scan-dispatch.o [37]
      .text               ro code  0x000047a8    0x25c  event-control.o [71]
      .text               ro code  0x00004a04     0x10  crypto-state.o [44]
      .text               ro code  0x00004a14    0xafc  attribute-storage.o [44]
      .text               ro code  0x00005510    0x352  zigbee-scan.o [71]
      .text               ro code  0x00005862      0xc  em_core.o [17]
      .text               ro code  0x0000586e      0x6  em_core.o [17]
      .text               ro code  0x00005874    0x12c  system-timer.o [58]
      .text               ro code  0x000059a0    0x1ec  assert-crash-handlers.o [14]
      .text               ro code  0x00005b8c     0x1a  em_core.o [17]
      .text               ro code  0x00005ba6     0x3e  ember-configuration.o [1]
      .text               ro code  0x00005be4      0x8  em_core.o [17]
      .text               ro code  0x00005bec     0x76  ABImemcpy_unaligned.o [67]
      .text               ro code  0x00005c62      0x2  zigbee-stack.o [71]
      .text               ro code  0x00005c64      0x6  ABImemclr4.o [67]
      .text               ro code  0x00005c6a      0x2  zigbee-stack.o [71]
      .text               ro code  0x00005c6c     0xe6  callback-stub.o [1]
      .text               ro code  0x00005d52      0x2  zigbee-stack.o [71]
      .text               ro code  0x00005d54    0x884  util.o [44]
      .text               ro code  0x000065d8      0x6  ABImemclr.o [67]
      .text               ro code  0x000065de      0x2  zigbee-stack.o [71]
      .text               ro code  0x000065e0     0x78  ABImemmove_unaligned.o [67]
      .text               ro code  0x00006658     0x6e  znet-bookkeeping.o [1]
      .text               ro code  0x000066c6      0x2  zigbee-stack.o [71]
      .text               ro code  0x000066c8    0x2d0  ember-multi-network-stub.o [64]
      .text               ro code  0x00006998     0x94  micro-common.o [14]
      .text               ro code  0x00006a2c    0x2f0  token.o [14]
      .text               ro code  0x00006d1c    0x404  attribute-table.o [44]
      .text               ro code  0x00007120    0x82c  buffer-management.o [71]
      .text               ro code  0x0000794c     0x2a  zll-stubs.o [73]
      .text               ro code  0x00007976      0x2  zigbee-stack.o [71]
      .text               ro code  0x00007978    0x3fc  mac-command.o [71]
      .text               ro code  0x00007d74   0x1858  association.o [71]
      .text               ro code  0x000095cc    0x57c  af-main-soc.o [44]
      .text               ro code  0x00009b48    0x49c  scan.o [71]
      .text               ro code  0x00009fe4    0xa28  beacon-handling.o [71]
      .text               ro code  0x0000aa0c    0xa70  upper-mac.o [71]
      .text               ro code  0x0000b47c      0x2  symbol-timer.o [71]
      .text               ro code  0x0000b47e      0x2  startup_efr32mg21.o [58]
      .text               ro code  0x0000b480    0x5a4  sl_sleeptimer.o [16]
      .text               ro code  0x0000ba24    0x264  ustimer.o [16]
      .text               ro code  0x0000bc88    0x1c4  sleep-efm32.o [14]
      .text               ro code  0x0000be4c      0x8  em_core.o [17]
      .text               ro code  0x0000be54      0x6  debug-stub.o [53]
      .text               ro code  0x0000be5a      0x2  startup_efr32mg21.o [58]
      .text               ro code  0x0000be5c     0xe8  serial.o [40]
      .text               ro code  0x0000bf44     0x4c  micro-internal.o [58]
      .text               ro code  0x0000bf90     0x3a  ABImemset48.o [67]
      .text               ro code  0x0000bfca      0x2  startup_efr32mg21.o [58]
      .text               ro code  0x0000bfcc    0x270  client-api.o [44]
      .text               ro code  0x0000c23c     0xd8  eeprom.o [13]
      .text               ro code  0x0000c314    0xe4c  green-power-client.o [21]
      .text               ro code  0x0000d160    0xabc  reporting.o [36]
      .text               ro code  0x0000dc1c     0x3e  idle-sleep-soc.o [29]
      .text               ro code  0x0000dc5a      0x2  startup_efr32mg21.o [58]
      .text               ro code  0x0000dc5c    0x15c  counters-soc.o [11]
      .text               ro code  0x0000ddb8    0x258  ember-stack-common.o [71]
      .text               ro code  0x0000e010     0x74  print.o [44]
      .text               ro code  0x0000e084     0xd0  groups-server.o [23]
      .text               ro code  0x0000e154     0x50  process-cluster-message.o [44]
      .text               ro code  0x0000e1a4    0x4c4  process-global-message.o [44]
      .text               ro code  0x0000e668    0x1a0  message.o [44]
      .text               ro code  0x0000e808    0x6d8  af-main-common.o [44]
      .text               ro code  0x0000eee0      0x8  time-util.o [44]
      .text               ro code  0x0000eee8     0x40  print-formatter.o [44]
      .text               ro code  0x0000ef28    0x404  address-table.o [71]
      .text               ro code  0x0000f32c    0x4e0  binding-table.o [46]
      .text               ro code  0x0000f80c     0x66  ABImemset.o [67]
      .text               ro code  0x0000f872      0x2  startup_efr32mg21.o [58]
      .text               ro code  0x0000f874   0x2abe  ikk-user.o [2]
      .text               ro code  0x00012332      0x2  startup_efr32mg21.o [58]
      .text               ro code  0x00012334     0x20  heartbeat.o [26]
      .text               ro code  0x00012354      0xe  form-and-join-afv2.o [19]
      .text               ro code  0x00012364     0x64  network-steering-soc.o [31]
      .text               ro code  0x000123c8    0x9b4  ikk-cluster.o [4]
      .text               ro code  0x00012d7c    0x100  update-tc-link-key.o [43]
      .text               ro code  0x00012e7c     0x50  random.o [1]
      .text               ro code  0x00012ecc     0xa6  multi-pan-stub.o [65]
      .text               ro code  0x00012f74    0x550  mac-child.o [71]
      .text               ro code  0x000134c4    0x23c  zigbee-neighbor.o [71]
      .text               ro code  0x00013700      0x4  faults-v7m.o [14]
      .text               ro code  0x00013704    0x78c  em_cmu.o [17]
      .text               ro code  0x00013e90     0xaa  em_wdog.o [17]
      .text               ro code  0x00013f3a      0x4  sim-eeprom2-to-nvm3-upgrade-stub.o [69]
      .text               ro code  0x00013f40   0x1c86  nvm3.o [60]
      .text               ro code  0x00015bc8    0x236  mfg-token.o [14]
      .text               ro code  0x00015dfe      0x6  ember-base-configuration.o [1]
      .text               ro code  0x00015e04     0x6c  attribute-size.o [44]
      .text               ro code  0x00015e70     0x42  strcmp_unaligned.o [67]
      .text               ro code  0x00015eb4    0x18e  buffer-queue.o [71]
      .text               ro code  0x00016042    0x22e  mac-packet-header.o [71]
      .text               ro code  0x00016270     0x32  enhanced-beacon-request-stub.o [72]
      .text               ro code  0x000162a4    0x3e4  child-handling.o [71]
      .text               ro code  0x00016688   0x1b80  network.o [71]
      .text               ro code  0x00018208    0x958  zigbee-device-util.o [71]
      .text               ro code  0x00018b60    0x188  token-cache.o [71]
      .text               ro code  0x00018ce8    0x3b4  management.o [71]
      .text               ro code  0x0001909c    0x496  leave.o [71]
      .text               ro code  0x00019532      0x6  debug-extended-stub.o [54]
      .text               ro code  0x00019538    0x4f0  zigbee-stack.o [71]
      .text               ro code  0x00019a28    0x42c  random-id.o [71]
      .text               ro code  0x00019e54    0xf90  aps-security.o [71]
      .text               ro code  0x0001ade4    0x858  child.o [71]
      .text               ro code  0x0001b63c      0xe  zdo-r22-stub.o [72]
      .text               ro code  0x0001b64c    0x128  command.o [71]
      .text               ro code  0x0001b774    0x210  child-aging.o [71]
      .text               ro code  0x0001b984      0x8  ember-multi-phy-stub.o [71]
      .text               ro code  0x0001b98c      0xc  mac-header.o [71]
      .text               ro code  0x0001b998      0x8  mac-header.o [71]
      .text               ro code  0x0001b9a0    0x680  zigbee-packet-header.o [71]
      .text               ro code  0x0001c020    0x6fc  indirect-queue.o [71]
      .text               ro code  0x0001c71c    0x32e  retry.o [71]
      .text               ro code  0x0001ca4c    0x9b0  neighbor.o [71]
      .text               ro code  0x0001d3fc    0x6b4  trust-center-util.o [71]
      .text               ro code  0x0001dab0     0x62  memcmp_unaligned.o [67]
      .text               ro code  0x0001db14     0xb0  mac-flat-header.o [71]
      .text               ro code  0x0001dbc4     0x34  mac-info-element-parsing-stub.o [72]
      .text               ro code  0x0001dbf8      0x8  packet-handoff.o [35]
      .text               ro code  0x0001dc00    0x280  mac-dispatch.o [71]
      .text               ro code  0x0001de80    0x250  zigbee-upper-mac.o [71]
      .text               ro code  0x0001e0d0   0x13aa  lower-mac-rail-802.15.4.o [71]
      .text               ro code  0x0001f47c    0x790  aps-keys.o [71]
      .text               ro code  0x0001fc0c    0x7e8  gp-proxy-table.o [57]
      .text               ro code  0x000203f4    0x59c  micro.o [14]
      .text               ro code  0x00020990     0xa4  cstartup-common.o [14]
      .text               ro code  0x00020a34    0x39c  diagnostic.o [14]
      .text               ro code  0x00020dd0     0x9c  security-address-cache.o [1]
      .text               ro code  0x00020e6c    0x6ae  command-interpreter2.o [1]
      .text               ro code  0x0002151c    0xb6c  application-support.o [71]
      .text               ro code  0x00022088     0xf8  zigbee-dispatch.o [71]
      .text               ro code  0x00022180    0x298  legacy-packet-buffer.o [71]
      .text               ro code  0x00022418    0x164  aes-mmo.o [71]
      .text               ro code  0x0002257c     0x58  source-route-stub.o [70]
      .text               ro code  0x000225d4    0x33a  form-and-join.o [19]
      .text               ro code  0x00022910     0x8c  multi-network.o [71]
      .text               ro code  0x0002299c    0x3bc  mac-header.o [71]
      .text               ro code  0x00022d58    0x19e  sl_sleeptimer_hal_rtcc.o [16]
      .text               ro code  0x00022ef8     0xee  I64DivMod.o [67]
      .text               ro code  0x00022fe8     0x1e  U64Shr.o [67]
      .text               ro code  0x00023008    0x1c6  em_timer.o [17]
      .text               ro code  0x000231d0    0x3b0  sl_power_manager.o [24]
      .text               ro code  0x00023580    0x9c8  com.o [39]
      .text               ro code  0x00023f48     0x84  em_emu.o [17]
      .text               ro code  0x00023fcc     0x44  em_core.o [17]
      .text               ro code  0x00024010      0x4  em_core.o [17]
      .text               ro code  0x00024014    0x2b6  ember-printf.o [15]
      .text               ro code  0x000242cc     0x98  bootloader-interface-app.o [18]
      .text               ro code  0x00024364    0xd8c  gp-data.o [57]
      .text               ro code  0x000250f0    0x154  green-power-common.o [22]
      .text               ro code  0x00025244     0x7a  gp-util.o [57]
      .text               ro code  0x000252c0      0x4  green-power-client-cli.o [21]
      .text               ro code  0x000252c4    0x108  reporting-default-configuration.o [36]
      .text               ro code  0x000253cc     0xc0  idle-sleep.o [29]
      .text               ro code  0x0002548c     0x10  strong-random-api.o [42]
      .text               ro code  0x0002549c    0x5ce  call-command-handler.o [1]
      .text               ro code  0x00025a6c   0x1078  ikk-network.o [4]
      .text               ro code  0x00026ae4     0x7c  zigbee-device-library.o [1]
      .text               ro code  0x00026b60     0x9c  diagnostic-server-soc.o [12]
      .text               ro code  0x00026bfc    0x3e8  service-discovery-common.o [44]
      .text               ro code  0x00026fe4    0x5fc  network-steering.o [31]
      .text               ro code  0x000275e0    0x3fc  ias-zone-server.o [27]
      .text               ro code  0x000279dc    0xa64  aps-retry.o [71]
      .text               ro code  0x00028440    0x2c8  ikk-rtt.o [5]
      .text               ro code  0x00028708    0xa0c  ikk-opt-tunnel.o [4]
      .text               ro code  0x00029114    0x770  ikk-factory-test.o [4]
      .text               ro code  0x00029884    0x584  ikk-uart.o [3]
      .text               ro code  0x00029e08    0x138  ikk-ota.o [4]
      .text               ro code  0x00029f40    0x36c  ikk-led.o [3]
      .text               ro code  0x0002a2ac     0x36  strlen.o [67]
      .text               ro code  0x0002a2e4    0x458  ikk-adc.o [3]
      .text               ro code  0x0002a73c    0x39c  ikk-command.o [4]
      .text               ro code  0x0002aad8     0x26  crc.o [1]
      .text               ro code  0x0002ab00    0x1d0  mfglib.o [63]
      .text               ro code  0x0002acd0     0x3c  ikk-p824m.o [2]
      .text               ro code  0x0002ad0c      0x4  led.o [14]
      .text               ro code  0x0002ad10     0x54  form-and-join-node-adapter.o [19]
      .text               ro code  0x0002ad64    0x2cc  ikk-common-utils.o [4]
      .text               ro code  0x0002b030    0x1ee  scenes.o [38]
      .text               ro code  0x0002b220    0x12c  ikk-sequence.o [4]
      .text               ro code  0x0002b34c     0x70  faults-v7m.o [14]
      .text               ro code  0x0002b3bc    0x144  system_efr32mg21.o [17]
      .text               ro code  0x0002b500    0x242  nvm3_page.o [60]
      .text               ro code  0x0002b744    0x1ba  nvm3_object.o [60]
      .text               ro code  0x0002b900    0x242  nvm3_cache.o [60]
      .text               ro code  0x0002bb42     0x3e  nvm3_utils.o [60]
      .text               ro code  0x0002bb80     0x10  nvm3_lock.o [32]
      .text               ro code  0x0002bb90      0xc  nvm3_lock.o [32]
      .text               ro code  0x0002bb9c      0x2  nvm3_lock.o [32]
      .text               ro code  0x0002bb9e     0x18  sl_se_management.o [30]
      .text               ro code  0x0002bbb8    0x11c  em_se.o [17]
      Veneer              ro code  0x0002bcd4      0x8  - Linker created -
      .text               ro code  0x0002bcdc     0x68  flash.o [58]
      .text               ro code  0x0002bd44    0x5cc  route-table.o [71]
      .text               ro code  0x0002c310    0x254  broadcast.o [71]
      .text               ro code  0x0002c564     0xa0  unicast-table.o [71]
      .text               ro code  0x0002c604    0x4b6  crypto.o [71]
      .text               ro code  0x0002cabc    0x248  store-forward.o [71]
      .text               ro code  0x0002cd04    0x5e4  aps-encryption.o [71]
      .text               ro code  0x0002d2e8    0x358  jit.o [71]
      .text               ro code  0x0002d640    0x832  route-discovery.o [71]
      .text               ro code  0x0002de74    0x118  zigbee-mac-header.o [71]
      .text               ro code  0x0002df8c    0x2d0  packet-validate.o [66]
      .text               ro code  0x0002e25c    0x17c  route-error.o [71]
      .text               ro code  0x0002e3d8    0x428  neighbor-exchange.o [71]
      .text               ro code  0x0002e800    0xb3c  zigbee-device.o [71]
      .text               ro code  0x0002f33c      0x8  end-device-bind-stub.o [56]
      .text               ro code  0x0002f344     0x54  af-trust-center.o [44]
      .text               ro code  0x0002f398      0x4  debug-platform-stub.o [53]
      .text               ro code  0x0002f39c     0x94  ember-library.o [71]
      .text               ro code  0x0002f430    0x48a  rail_rf.o [61]
      .text               ro code  0x0002f8bc     0x18  eui64.o [71]
      .text               ro code  0x0002f8d4     0x12  phy-util.o [71]
      .text               ro code  0x0002f8e8    0x126  multi-pan-common.o [65]
      .text               ro code  0x0002fa0e      0x6  cbke-crypto-engine-163k1-stub.o [47]
      .text               ro code  0x0002fa14      0x6  cbke-crypto-engine-283k1-stub.o [48]
      .text               ro code  0x0002fa1a      0xe  cbke-crypto-engine-stub.o [52]
      .text               ro code  0x0002fa28     0x58  micro-common-internal.o [58]
      .text               ro code  0x0002fa80     0x6c  install-code-tokens.o [59]
      .text               ro code  0x0002faec    0x548  aps-keys-transient.o [71]
      .text               ro code  0x00030034     0x62  hmac.o [71]
      .text               ro code  0x00030096     0x12  aps-keys-full-stub.o [68]
      .text               ro code  0x000300a8     0x88  aes-efm32.o [71]
      .text               ro code  0x00030130      0x2  ember-duty-cycle-stub.o [71]
      .text               ro code  0x00030134     0x22  I64Shl.o [67]
      .text               ro code  0x00030156     0x10  coexistence-802154.o [10]
      .text               ro code  0x00030168    0x18c  rail_singleprotocol.o [61]
      .text               ro code  0x000302f4     0xe0  hal-config.o [24]
      .text               ro code  0x000303d4     0xd0  rail_tx.o [61]
      .text               ro code  0x000304a4    0x194  rail_ieee802154.o [61]
      .text               ro code  0x00030638     0xe4  rail_data.o [61]
      .text               ro code  0x0003071c     0x96  rail_calibration.o [61]
      .text               ro code  0x000307b2      0x8  rail_timer.o [61]
      .text               ro code  0x000307bc     0x34  antenna-stub.o [7]
      .text               ro code  0x000307f0     0xb0  rail_autoack.o [61]
      .text               ro code  0x000308a0     0x3a  rail_rx.o [61]
      .text               ro code  0x000308da     0x1c  rail_rssi.o [61]
      .text               ro code  0x000308f8     0x70  security-config-mfg.o [71]
      .text               ro code  0x00030968     0xf8  sl_mpu.o [24]
      .text               ro code  0x00030a60     0x1c  em_system.o [17]
      .text               ro code  0x00030a7c     0xde  sl_hfxo_manager.o [25]
      .text               ro code  0x00030b5c    0x1a0  tempdrv.o [16]
      .text               ro code  0x00030cfc    0x2d0  rail_power_manager.o [61]
      .text               ro code  0x00030fcc     0x1c  pa_conversions_efr32.o [61]
      .text               ro code  0x00030fe8     0x1c  em_rmu.o [17]
      .text               ro code  0x00031004     0x1c  core-cli.o [44]
      .text               ro code  0x00031020      0x4  cbke-crypto-engine-dsa-sign-stub.o [49]
      .text               ro code  0x00031024     0xe4  em_rtcc.o [17]
      .text               ro code  0x00031108      0x2  I64DivZer.o [67]
      .text               ro code  0x0003110a      0x8  em_core.o [17]
      .text               ro code  0x00031112      0x6  em_core.o [17]
      .text               ro code  0x00031118     0x10  sl_slist.o [24]
      .text               ro code  0x00031128    0x208  sl_power_manager_hal_s2.o [24]
      .text               ro code  0x00031330      0x4  sl_power_manager.o [24]
      .text               ro code  0x00031334    0xcc4  uartdrv.o [16]
      .text               ro code  0x00031ff8    0x284  em_usart.o [17]
      .text               ro code  0x0003227c    0x140  em_gpio.o [17]
      .text               ro code  0x000323bc     0x40  btl_interface.o [18]
      .text               ro code  0x000323fc     0x28  basic.o [8]
      .text               ro code  0x00032424    0x124  identify.o [28]
      .text               ro code  0x00032548     0xd4  on-off.o [34]
      .text               ro code  0x0003261c     0x38  ikk-tick-handler.o [4]
      .text               ro code  0x00032654    0x450  ikk-button.o [3]
      .text               ro code  0x00032aa4     0x14  zigbee-device-common.o [1]
      .text               ro code  0x00032ab8      0x2  af-security-common.o [44]
      .text               ro code  0x00032abc    0x31a  SEGGER_RTT.o [5]
      .text               ro code  0x00032dd8    0x13c  zcl-cli.o [44]
      .text               ro code  0x00032f14     0xec  ikk-pwm.o [3]
      .text               ro code  0x00033000      0xc  tolower.o [55]
      .text               ro code  0x0003300c     0x20  srand.o [55]
      .text               ro code  0x0003302c     0xe0  rand.o [55]
      .text               ro code  0x0003310c      0xc  sl_se_manager.o [30]
      .text               ro code  0x00033118     0x2c  em_msc.o [17]
      .text               ro code  0x00033144    0x1c4  ccm-star.o [9]
      .text               ro code  0x00033308    0x1c4  zdo-binding-table.o [46]
      .text               ro code  0x000334cc    0x3e4  zdo-channel.o [71]
      .text               ro code  0x000338b0     0x28  rfhal_module.o [61]
      .text               ro code  0x000338d8   0x177c  rail_rf_hal.o [61]
      .text               ro code  0x00035054     0x18  rail_assert.o [61]
      .text               ro code  0x0003506c     0xd4  pa_conversions_efr32.o [61]
      .text               ro code  0x00035140     0xc8  rfhal_antenna.o [61]
      .text               ro code  0x00035208    0x104  se_aes.o [30]
      .text               ro code  0x0003530c     0xb4  pa_conversions_efr32.o [61]
      .text               ro code  0x000353c0    0x228  rail_ieee802154_rf_hal.o [61]
      .text               ro code  0x000355e8     0xe8  rfhal_ircal.o [61]
      .text               ro code  0x000356d0      0x4  faults-v7m.o [14]
      .text               ro code  0x000356d4    0x284  sl_hfxo_manager_hal_s2.o [25]
      .text               ro code  0x00035958    0x418  dmadrv.o [16]
      .text               ro code  0x00035d70     0xc0  gpiointerrupt.o [16]
      .text               ro code  0x00035e30     0x4c  em_core.o [17]
      .text               ro code  0x00035e7c    0x1cc  ikk-relay.o [3]
      .text               ro code  0x00036048      0x2  xtls.o [55]
      .text               ro code  0x0003604c    0x264  rfhal_timings.o [61]
      .text               ro code  0x000362b0     0x12  rail_ble_rf_hal.o [61]
      .text               ro code  0x000362c4    0x5fc  rfhal_radio.o [61]
      .text               ro code  0x000368c0    0xfc0  generic_phy.o [61]
      .text               ro code  0x00037880    0x7cc  rfhal_pa.o [61]
      .text               ro code  0x0003804c    0x650  rfhal_bufc.o [61]
      .text               ro code  0x0003869c    0x54e  rfhal_protimer.o [61]
      .text               ro code  0x00038bec     0x34  rfhal_tempcal.o [61]
      .text               ro code  0x00038c20    0x3b8  rfhal_synth.o [61]
      .text               ro code  0x00038fd8    0x124  rfhal_rand.o [61]
      .text               ro code  0x000390fc    0x168  rfhal_rtccsync.o [61]
      .text               ro code  0x00039264    0x188  em_ldma.o [17]
      .text               ro code  0x000393ec    0x180  ikk-timer.o [3]
      .text               ro code  0x0003956c     0x54  seq_globals.o [61]
      .text               ro code  0x000395c0      0x4  rail_mfm_rf_hal.o [61]
      .text               ro code  0x000395c4    0x10c  rfhal_pti.o [61]
      .text               ro code  0x000396d0     0x18  rfhal_rtccsync.o [61]
      .text               ro code  0x000396e8     0x1c  I32ToDbl.o [62]
      .text               ro code  0x00039704    0x256  DblDiv.o [62]
      .text               ro code  0x0003995c    0x1a2  DblMul.o [62]
      .text               ro code  0x00039b00     0x2c  DblToI32.o [62]
      Veneer              ro code  0x00039b2c      0x8  - Linker created -
      .text               ro code  0x00039b34     0xf8  nvm3_hal_flash.o [33]
      .text               ro code  0x00039c2c      0x4  faults-v7m.o [14]
      .text               ro code  0x00039c30      0x4  faults-v7m.o [14]
      .text               ro code  0x00039c34      0x4  faults-v7m.o [14]
      .text               ro code  0x00039c38      0x4  faults-v7m.o [14]
      .text               ro code  0x00039c3c      0x4  faults-v7m.o [14]
      .text               ro code  0x00039c40      0x4  isr-stubs.o [14]
      .text               ro code  0x00039c44     0xb4  gp-sink-table.o [57]
      .text               ro code  0x00039cf8     0x22  fpinit_M.o [62]
      .text               ro code  0x00039d1c     0x1a  cmain.o [67]
      .text               ro code  0x00039d36      0x4  low_level_init.o [55]
      .text               ro code  0x00039d3c     0x28  data_init.o [67]
      .text               ro code  0x00039d64     0x16  simple-main.o [41]
      .text               ro code  0x00039d7a      0x4  exit.o [55]
      .text               ro code  0x00039d7e      0x4  sl_mbedtls.o [30]
      .text               ro code  0x00039d84      0xa  cexit.o [67]
      .text               ro code  0x00039d90      0xc  XXexit.o [67]
      .text               ro code  0x00039d9c      0xe  startup_efr32mg21.o [58]
      .text               ro code  0x00039daa      0xc  cstartup_M.o [67]
      .text               ro code  0x00039db6     0x40  zero_init3.o [67]
      .text               ro code  0x00039df6     0x78  lz77_init_single.o [67]
    .rodata               const    0x00039e70     0x3c  af-main-common.o [44]
    .rodata               const    0x00039eac     0x3c  af-main-common.o [44]
    .rodata               const    0x00039ee8     0x3c  af-main-common.o [44]
    .rodata               const    0x00039f24     0x3c  af-main-common.o [44]
    .rodata               const    0x00039f60      0x4  af-main-common.o [44]
    .rodata               const    0x00039f64     0x34  af-main-common.o [44]
    .rodata               const    0x00039f98     0x18  af-main-common.o [44]
    .rodata               const    0x00039fb0     0x20  af-main-common.o [44]
    .rodata               const    0x00039fd0      0x4  af-main-common.o [44]
    .rodata               const    0x00039fd4     0x18  af-main-soc.o [44]
    .rodata               const    0x00039fec     0x20  af-main-soc.o [44]
    .rodata               const    0x0003a00c     0x14  af-main-soc.o [44]
    .rodata               const    0x0003a020      0x8  af-main-soc.o [44]
    .rodata               const    0x0003a028     0x10  af-main-soc.o [44]
    .rodata               const    0x0003a038      0xc  af-main-soc.o [44]
    .rodata               const    0x0003a044     0x18  af-main-soc.o [44]
    .rodata               const    0x0003a05c     0x30  attribute-size.o [44]
    .rodata               const    0x0003a08c     0x24  attribute-storage.o [44]
    .rodata               const    0x0003a0b0     0x44  attribute-storage.o [44]
    .rodata               const    0x0003a0f4     0x44  attribute-storage.o [44]
    .rodata               const    0x0003a138     0x24  attribute-storage.o [44]
    .rodata               const    0x0003a15c     0x24  attribute-storage.o [44]
    .rodata               const    0x0003a180     0x7c  attribute-storage.o [44]
    .rodata               const    0x0003a1fc      0x4  attribute-storage.o [44]
    .rodata               const    0x0003a200      0x8  attribute-storage.o [44]
    .rodata               const    0x0003a208      0xc  attribute-storage.o [44]
    .rodata               const    0x0003a214      0x4  attribute-storage.o [44]
    .rodata               const    0x0003a218      0x4  attribute-storage.o [44]
    .rodata               const    0x0003a21c      0x8  attribute-storage.o [44]
    .rodata               const    0x0003a224     0xa4  attribute-storage.o [44]
    .rodata               const    0x0003a2c8      0x4  attribute-storage.o [44]
    .rodata               const    0x0003a2cc    0x2f4  attribute-storage.o [44]
    .rodata               const    0x0003a5c0    0x140  attribute-storage.o [44]
    .rodata               const    0x0003a700     0x18  attribute-storage.o [44]
    .rodata               const    0x0003a718      0x4  attribute-storage.o [44]
    .rodata               const    0x0003a71c      0x4  attribute-storage.o [44]
    .rodata               const    0x0003a720     0x28  client-api.o [44]
    .rodata               const    0x0003a748     0x1c  client-api.o [44]
    .rodata               const    0x0003a764     0x34  client-api.o [44]
    .rodata               const    0x0003a798     0x30  client-api.o [44]
    .rodata               const    0x0003a7c8     0x18  message.o [44]
    .rodata               const    0x0003a7e0     0x10  message.o [44]
    .rodata               const    0x0003a7f0     0x14  message.o [44]
    .rodata               const    0x0003a804     0x10  message.o [44]
    .rodata               const    0x0003a814     0x2c  process-cluster-message.o [44]
    .rodata               const    0x0003a840      0x8  process-cluster-message.o [44]
    .rodata               const    0x0003a848      0xc  process-global-message.o [44]
    .rodata               const    0x0003a854     0x1c  process-global-message.o [44]
    .rodata               const    0x0003a870      0x8  process-global-message.o [44]
    .rodata               const    0x0003a878     0x18  process-global-message.o [44]
    .rodata               const    0x0003a890     0x20  util.o [44]
    .rodata               const    0x0003a8b0     0x1c  util.o [44]
    .rodata               const    0x0003a8cc      0x8  util.o [44]
    .rodata               const    0x0003a8d4     0x28  util.o [44]
    .rodata               const    0x0003a8fc      0x8  util.o [44]
    .rodata               const    0x0003a904      0x8  util.o [44]
    .rodata               const    0x0003a90c      0x8  util.o [44]
    .rodata               const    0x0003a914      0x8  util.o [44]
    .rodata               const    0x0003a91c     0x28  util.o [44]
    .rodata               const    0x0003a944     0x28  util.o [44]
    .rodata               const    0x0003a96c      0x8  util.o [44]
    .rodata               const    0x0003a974     0x28  util.o [44]
    .rodata               const    0x0003a99c     0x1c  util.o [44]
    .rodata               const    0x0003a9b8      0x8  util.o [44]
    .rodata               const    0x0003a9c0     0x10  util.o [44]
    .rodata               const    0x0003a9d0     0x10  util.o [44]
    .rodata               const    0x0003a9e0     0x20  util.o [44]
    .rodata               const    0x0003aa00     0x14  util.o [44]
    .rodata               const    0x0003aa14     0x24  zcl-cli.o [44]
    .rodata               const    0x0003aa38      0xc  zcl-cli.o [44]
    .rodata               const    0x0003aa44     0x14  update-tc-link-key.o [43]
    .rodata               const    0x0003aa58     0x18  update-tc-link-key.o [43]
    .rodata               const    0x0003aa70      0x8  update-tc-link-key.o [43]
    .rodata               const    0x0003aa78      0x8  update-tc-link-key.o [43]
    .rodata               const    0x0003aa80      0xc  update-tc-link-key.o [43]
    .rodata               const    0x0003aa8c     0x10  update-tc-link-key.o [43]
    .rodata               const    0x0003aa9c     0x30  update-tc-link-key.o [43]
    .rodata               const    0x0003aacc     0x28  serial.o [40]
    .rodata               const    0x0003aaf4     0x24  serial.o [40]
    .rodata               const    0x0003ab18      0x8  com.o [39]
    .rodata               const    0x0003ab20      0xc  scenes.o [38]
    .rodata               const    0x0003ab2c      0xc  scenes.o [38]
    .rodata               const    0x0003ab38    0xcbc  reporting-default-configuration.o [36]
    .rodata               const    0x0003b7f4     0x18  reporting.o [36]
    .rodata               const    0x0003b80c     0x24  reporting.o [36]
    .rodata               const    0x0003b830     0x20  reporting.o [36]
    .rodata               const    0x0003b850     0x18  reporting.o [36]
    .rodata               const    0x0003b868     0x1c  nvm3_hal_flash.o [33]
    .rodata               const    0x0003b884      0x4  nvm3_lock.o [32]
    .rodata               const    0x0003b888     0x2c  network-steering-soc.o [31]
    .rodata               const    0x0003b8b4      0x8  network-steering.o [31]
    .rodata               const    0x0003b8bc     0x30  network-steering.o [31]
    .rodata               const    0x0003b8ec     0x30  network-steering.o [31]
    .rodata               const    0x0003b91c     0x2c  network-steering.o [31]
    .rodata               const    0x0003b948     0x30  network-steering.o [31]
    .rodata               const    0x0003b978     0x30  network-steering.o [31]
    .rodata               const    0x0003b9a8     0x30  network-steering.o [31]
    .rodata               const    0x0003b9d8     0x30  network-steering.o [31]
    .rodata               const    0x0003ba08     0x30  network-steering.o [31]
    .rodata               const    0x0003ba38     0x3c  network-steering.o [31]
    .rodata               const    0x0003ba74     0x24  network-steering.o [31]
    .rodata               const    0x0003ba98     0x24  network-steering.o [31]
    .rodata               const    0x0003babc     0x1c  network-steering.o [31]
    .rodata               const    0x0003bad8     0x14  network-steering.o [31]
    .rodata               const    0x0003baec     0x28  network-steering.o [31]
    .rodata               const    0x0003bb14     0x14  network-steering.o [31]
    .rodata               const    0x0003bb28     0x2c  network-steering.o [31]
    .rodata               const    0x0003bb54     0x2c  network-steering.o [31]
    .rodata               const    0x0003bb80     0x18  network-steering.o [31]
    .rodata               const    0x0003bb98     0x10  network-steering.o [31]
    .rodata               const    0x0003bba8     0x2c  network-steering.o [31]
    .rodata               const    0x0003bbd4     0x50  network-steering.o [31]
    .rodata               const    0x0003bc24     0x10  network-steering.o [31]
    .rodata               const    0x0003bc34      0x8  network-steering.o [31]
    .rodata               const    0x0003bc3c     0x44  network-steering.o [31]
    .rodata               const    0x0003bc80     0x1c  network-steering.o [31]
    .rodata               const    0x0003bc9c     0x24  network-steering.o [31]
    .rodata               const    0x0003bcc0     0x10  network-steering.o [31]
    .rodata               const    0x0003bcd0     0x10  network-steering.o [31]
    .rodata               const    0x0003bce0     0x10  network-steering.o [31]
    .rodata               const    0x0003bcf0     0x20  se_aes.o [30]
    .rodata               const    0x0003bd10      0xc  se_aes.o [30]
    .rodata               const    0x0003bd1c      0xc  se_aes.o [30]
    .rodata               const    0x0003bd28      0xc  se_aes.o [30]
    .rodata               const    0x0003bd34      0x8  ias-zone-server.o [27]
    .rodata               const    0x0003bd3c      0x8  ias-zone-server.o [27]
    .rodata               const    0x0003bd44     0x14  hal-config.o [24]
    .rodata               const    0x0003bd58     0x10  hal-config.o [24]
    .rodata               const    0x0003bd68     0x28  hal-config.o [24]
    .rodata               const    0x0003bd90      0xc  green-power-client.o [21]
    .rodata               const    0x0003bd9c      0x8  green-power-client.o [21]
    .rodata               const    0x0003bda4     0x1c  bootloader-interface-app.o [18]
    .rodata               const    0x0003bdc0     0x40  bootloader-interface.o [18]
    .rodata               const    0x0003be00     0x20  em_se.o [17]
    .rodata               const    0x0003be20      0xc  em_se.o [17]
    .rodata               const    0x0003be2c     0x20  em_se.o [17]
    .rodata               const    0x0003be4c     0x10  dmadrv.o [16]
    .rodata               const    0x0003be5c     0x10  dmadrv.o [16]
    .rodata               const    0x0003be6c     0x10  dmadrv.o [16]
    .rodata               const    0x0003be7c      0x4  dmadrv.o [16]
    .rodata               const    0x0003be80      0x8  sl_sleeptimer_hal_rtcc.o [16]
    .rodata               const    0x0003be88      0x8  sl_sleeptimer_hal_rtcc.o [16]
    .rodata               const    0x0003be90      0x8  uartdrv.o [16]
    .rodata               const    0x0003be98     0x1c  uartdrv.o [16]
    .rodata               const    0x0003beb4     0x10  ustimer.o [16]
    .rodata               const    0x0003bec4     0x10  ustimer.o [16]
    .rodata               const    0x0003bed4     0x24  ember-printf.o [15]
    .rodata               const    0x0003bef8     0x14  assert-crash-handlers.o [14]
    .rodata               const    0x0003bf0c     0x20  cstartup-common.o [14]
    .rodata               const    0x0003bf2c     0x40  diagnostic.o [14]
    .rodata               const    0x0003bf6c     0x38  diagnostic.o [14]
    .rodata               const    0x0003bfa4     0x44  diagnostic.o [14]
    .rodata               const    0x0003bfe8     0x3c  diagnostic.o [14]
    .rodata               const    0x0003c024     0x30  diagnostic.o [14]
    .rodata               const    0x0003c054     0x30  diagnostic.o [14]
    .rodata               const    0x0003c084     0x24  diagnostic.o [14]
    .rodata               const    0x0003c0a8     0x28  diagnostic.o [14]
    .rodata               const    0x0003c0d0     0x40  diagnostic.o [14]
    .rodata               const    0x0003c110     0x3c  diagnostic.o [14]
    .rodata               const    0x0003c14c     0x30  diagnostic.o [14]
    .rodata               const    0x0003c17c     0x38  diagnostic.o [14]
    .rodata               const    0x0003c1b4     0x3c  diagnostic.o [14]
    .rodata               const    0x0003c1f0     0x30  diagnostic.o [14]
    .rodata               const    0x0003c220     0x38  diagnostic.o [14]
    .rodata               const    0x0003c258     0x30  diagnostic.o [14]
    .rodata               const    0x0003c288     0x40  diagnostic.o [14]
    .rodata               const    0x0003c2c8     0x14  diagnostic.o [14]
    .rodata               const    0x0003c2dc      0xc  diagnostic.o [14]
    .rodata               const    0x0003c2e8      0xc  diagnostic.o [14]
    .rodata               const    0x0003c2f4     0x10  diagnostic.o [14]
    .rodata               const    0x0003c304     0x14  diagnostic.o [14]
    .rodata               const    0x0003c318      0xc  diagnostic.o [14]
    .rodata               const    0x0003c324      0xc  diagnostic.o [14]
    .rodata               const    0x0003c330      0xc  diagnostic.o [14]
    .rodata               const    0x0003c33c      0xc  diagnostic.o [14]
    .rodata               const    0x0003c348      0xc  diagnostic.o [14]
    .rodata               const    0x0003c354      0xc  diagnostic.o [14]
    .rodata               const    0x0003c360     0x10  diagnostic.o [14]
    .rodata               const    0x0003c370     0x10  diagnostic.o [14]
    .rodata               const    0x0003c380     0x10  diagnostic.o [14]
    .rodata               const    0x0003c390     0x10  diagnostic.o [14]
    .rodata               const    0x0003c3a0     0x10  diagnostic.o [14]
    .rodata               const    0x0003c3b0     0x10  diagnostic.o [14]
    .rodata               const    0x0003c3c0     0x10  diagnostic.o [14]
    .rodata               const    0x0003c3d0      0xc  diagnostic.o [14]
    .rodata               const    0x0003c3dc     0x10  diagnostic.o [14]
    .rodata               const    0x0003c3ec      0xc  diagnostic.o [14]
    .rodata               const    0x0003c3f8      0xc  diagnostic.o [14]
    .rodata               const    0x0003c404      0xc  diagnostic.o [14]
    .rodata               const    0x0003c410      0xc  diagnostic.o [14]
    .rodata               const    0x0003c41c      0xc  diagnostic.o [14]
    .rodata               const    0x0003c428     0x10  diagnostic.o [14]
    .rodata               const    0x0003c438     0x10  diagnostic.o [14]
    .rodata               const    0x0003c448      0xc  diagnostic.o [14]
    .rodata               const    0x0003c454      0xc  diagnostic.o [14]
    .rodata               const    0x0003c460      0xc  diagnostic.o [14]
    .rodata               const    0x0003c46c      0xc  diagnostic.o [14]
    .rodata               const    0x0003c478      0xc  diagnostic.o [14]
    .rodata               const    0x0003c484      0xc  diagnostic.o [14]
    .rodata               const    0x0003c490     0x10  diagnostic.o [14]
    .rodata               const    0x0003c4a0      0xc  diagnostic.o [14]
    .rodata               const    0x0003c4ac      0xc  diagnostic.o [14]
    .rodata               const    0x0003c4b8     0x10  diagnostic.o [14]
    .rodata               const    0x0003c4c8     0x10  diagnostic.o [14]
    .rodata               const    0x0003c4d8     0x10  diagnostic.o [14]
    .rodata               const    0x0003c4e8      0xc  diagnostic.o [14]
    .rodata               const    0x0003c4f4      0xc  diagnostic.o [14]
    .rodata               const    0x0003c500      0xc  diagnostic.o [14]
    .rodata               const    0x0003c50c      0xc  diagnostic.o [14]
    .rodata               const    0x0003c518      0xc  diagnostic.o [14]
    .rodata               const    0x0003c524      0xc  diagnostic.o [14]
    .rodata               const    0x0003c530      0xc  diagnostic.o [14]
    .rodata               const    0x0003c53c      0xc  diagnostic.o [14]
    .rodata               const    0x0003c548     0x10  diagnostic.o [14]
    .rodata               const    0x0003c558      0xc  diagnostic.o [14]
    .rodata               const    0x0003c564      0xc  diagnostic.o [14]
    .rodata               const    0x0003c570      0xc  diagnostic.o [14]
    .rodata               const    0x0003c57c      0xc  diagnostic.o [14]
    .rodata               const    0x0003c588      0xc  diagnostic.o [14]
    .rodata               const    0x0003c594      0xc  diagnostic.o [14]
    .rodata               const    0x0003c5a0      0xc  diagnostic.o [14]
    .rodata               const    0x0003c5ac      0xc  diagnostic.o [14]
    .rodata               const    0x0003c5b8      0xc  diagnostic.o [14]
    .rodata               const    0x0003c5c4     0x10  diagnostic.o [14]
    .rodata               const    0x0003c5d4     0x10  diagnostic.o [14]
    .rodata               const    0x0003c5e4     0x10  diagnostic.o [14]
    .rodata               const    0x0003c5f4     0x10  diagnostic.o [14]
    .rodata               const    0x0003c604      0x8  diagnostic.o [14]
    .rodata               const    0x0003c60c      0x8  diagnostic.o [14]
    .rodata               const    0x0003c614      0x8  diagnostic.o [14]
    .rodata               const    0x0003c61c      0x8  diagnostic.o [14]
    .rodata               const    0x0003c624     0x30  diagnostic.o [14]
    .rodata               const    0x0003c654     0x3c  diagnostic.o [14]
    .rodata               const    0x0003c690     0x2c  diagnostic.o [14]
    .rodata               const    0x0003c6bc     0x20  diagnostic.o [14]
    .rodata               const    0x0003c6dc     0x30  diagnostic.o [14]
    .rodata               const    0x0003c70c     0x18  diagnostic.o [14]
    .rodata               const    0x0003c724     0x40  diagnostic.o [14]
    .rodata               const    0x0003c764     0x30  diagnostic.o [14]
    .rodata               const    0x0003c794     0x1c  diagnostic.o [14]
    .rodata               const    0x0003c7b0     0x1c  diagnostic.o [14]
    .rodata               const    0x0003c7cc     0x18  diagnostic.o [14]
    .rodata               const    0x0003c7e4     0x3c  diagnostic.o [14]
    .rodata               const    0x0003c820     0x34  diagnostic.o [14]
    .rodata               const    0x0003c854     0x3c  diagnostic.o [14]
    .rodata               const    0x0003c890     0x28  diagnostic.o [14]
    .rodata               const    0x0003c8b8     0x1c  diagnostic.o [14]
    .rodata               const    0x0003c8d4      0x8  diagnostic.o [14]
    .rodata               const    0x0003c8dc     0x18  diagnostic.o [14]
    .rodata               const    0x0003c8f4     0x48  diagnostic.o [14]
    .rodata               const    0x0003c93c     0x30  diagnostic.o [14]
    .rodata               const    0x0003c96c     0x1c  diagnostic.o [14]
    .rodata               const    0x0003c988     0x24  diagnostic.o [14]
    .rodata               const    0x0003c9ac      0xc  diagnostic.o [14]
    .rodata               const    0x0003c9b8     0x68  diagnostic.o [14]
    .rodata               const    0x0003ca20     0xf4  diagnostic.o [14]
    .rodata               const    0x0003cb14     0xcc  diagnostic.o [14]
    .rodata               const    0x0003cbe0      0xc  mfg-token.o [14]
    .rodata               const    0x0003cbec      0x8  mfg-token.o [14]
    .rodata               const    0x0003cbf4      0xc  micro-common.o [14]
    .rodata               const    0x0003cc00      0x8  micro.o [14]
    .rodata               const    0x0003cc08      0x8  micro.o [14]
    .rodata               const    0x0003cc10     0x30  micro.o [14]
    .rodata               const    0x0003cc40      0x4  micro.o [14]
    .rodata               const    0x0003cc44     0x58  micro.o [14]
    .rodata               const    0x0003cc9c     0x20  micro.o [14]
    .rodata               const    0x0003ccbc      0xc  micro.o [14]
    .rodata               const    0x0003ccc8      0x8  micro.o [14]
    .rodata               const    0x0003ccd0      0xc  micro.o [14]
    .rodata               const    0x0003ccdc     0x10  micro.o [14]
    .rodata               const    0x0003ccec      0x8  micro.o [14]
    .rodata               const    0x0003ccf4      0xc  micro.o [14]
    .rodata               const    0x0003cd00     0x10  micro.o [14]
    .rodata               const    0x0003cd10     0x20  micro.o [14]
    .rodata               const    0x0003cd30     0x20  micro.o [14]
    .rodata               const    0x0003cd50     0x30  micro.o [14]
    .rodata               const    0x0003cd80      0xc  sleep-efm32.o [14]
    .rodata               const    0x0003cd8c     0x10  sleep-efm32.o [14]
    .rodata               const    0x0003cd9c      0x8  token.o [14]
    .rodata               const    0x0003cda4      0xc  eeprom.o [13]
    .rodata               const    0x0003cdb0     0x14  eeprom.o [13]
    .rodata               const    0x0003cdc4     0x68  diagnostic-server-soc.o [12]
    .rodata               const    0x0003ce2c     0x40  diagnostic-server-soc.o [12]
    .rodata               const    0x0003ce6c     0x44  diagnostic-server-soc.o [12]
    .rodata               const    0x0003ceb0     0x10  counters-soc.o [11]
    .rodata               const    0x0003cec0     0x14  counters-soc.o [11]
    .rodata               const    0x0003ced4      0x8  antenna-stub.o [7]
    .rodata               const    0x0003cedc      0xc  SEGGER_RTT.o [5]
    .rodata               const    0x0003cee8      0x8  SEGGER_RTT.o [5]
    .rodata               const    0x0003cef0      0xc  ikk-rtt.o [5]
    .rodata               const    0x0003cefc     0x24  ikk-rtt.o [5]
    .rodata               const    0x0003cf20     0x1c  ikk-rtt.o [5]
    .rodata               const    0x0003cf3c     0x1c  ikk-rtt.o [5]
    .rodata               const    0x0003cf58     0x24  ikk-rtt.o [5]
    .rodata               const    0x0003cf7c     0x1c  ikk-rtt.o [5]
    .rodata               const    0x0003cf98      0x8  ikk-rtt.o [5]
    .rodata               const    0x0003cfa0     0x1c  ikk-rtt.o [5]
    .rodata               const    0x0003cfbc     0x24  ikk-rtt.o [5]
    .rodata               const    0x0003cfe0      0x8  ikk-cluster.o [4]
    .rodata               const    0x0003cfe8      0x8  ikk-cluster.o [4]
    .rodata               const    0x0003cff0      0x8  ikk-cluster.o [4]
    .rodata               const    0x0003cff8     0x2c  ikk-cluster.o [4]
    .rodata               const    0x0003d024     0x14  ikk-cluster.o [4]
    .rodata               const    0x0003d038     0x34  ikk-cluster.o [4]
    .rodata               const    0x0003d06c     0x34  ikk-cluster.o [4]
    .rodata               const    0x0003d0a0     0x38  ikk-cluster.o [4]
    .rodata               const    0x0003d0d8     0x34  ikk-cluster.o [4]
    .rodata               const    0x0003d10c     0x84  ikk-cluster.o [4]
    .rodata               const    0x0003d190     0x8c  ikk-cluster.o [4]
    .rodata               const    0x0003d21c     0x84  ikk-cluster.o [4]
    .rodata               const    0x0003d2a0     0x30  ikk-cluster.o [4]
    .rodata               const    0x0003d2d0     0x30  ikk-cluster.o [4]
    .rodata               const    0x0003d300     0x34  ikk-cluster.o [4]
    .rodata               const    0x0003d334     0x28  ikk-cluster.o [4]
    .rodata               const    0x0003d35c     0x28  ikk-cluster.o [4]
    .rodata               const    0x0003d384     0x10  ikk-cluster.o [4]
    .rodata               const    0x0003d394     0x34  ikk-cluster.o [4]
    .rodata               const    0x0003d3c8     0x2c  ikk-cluster.o [4]
    .rodata               const    0x0003d3f4     0x20  ikk-cluster.o [4]
    .rodata               const    0x0003d414     0x14  ikk-command.o [4]
    .rodata               const    0x0003d428     0x18  ikk-command.o [4]
    .rodata               const    0x0003d440     0x10  ikk-command.o [4]
    .rodata               const    0x0003d450     0x20  ikk-command.o [4]
    .rodata               const    0x0003d470     0x20  ikk-command.o [4]
    .rodata               const    0x0003d490     0x10  ikk-command.o [4]
    .rodata               const    0x0003d4a0     0x10  ikk-command.o [4]
    .rodata               const    0x0003d4b0     0x10  ikk-command.o [4]
    .rodata               const    0x0003d4c0     0x1c  ikk-command.o [4]
    .rodata               const    0x0003d4dc     0x18  ikk-common-utils.o [4]
    .rodata               const    0x0003d4f4     0x1c  ikk-factory-test.o [4]
    .rodata               const    0x0003d510     0x1c  ikk-factory-test.o [4]
    .rodata               const    0x0003d52c     0x1c  ikk-factory-test.o [4]
    .rodata               const    0x0003d548     0x3c  ikk-factory-test.o [4]
    .rodata               const    0x0003d584     0x2c  ikk-factory-test.o [4]
    .rodata               const    0x0003d5b0     0x2c  ikk-factory-test.o [4]
    .rodata               const    0x0003d5dc     0x48  ikk-factory-test.o [4]
    .rodata               const    0x0003d624     0x48  ikk-factory-test.o [4]
    .rodata               const    0x0003d66c     0x1c  ikk-factory-test.o [4]
    .rodata               const    0x0003d688     0x24  ikk-factory-test.o [4]
    .rodata               const    0x0003d6ac     0x28  ikk-factory-test.o [4]
    .rodata               const    0x0003d6d4     0x20  ikk-factory-test.o [4]
    .rodata               const    0x0003d6f4     0x18  ikk-factory-test.o [4]
    .rodata               const    0x0003d70c     0x1c  ikk-factory-test.o [4]
    .rodata               const    0x0003d728     0x10  ikk-factory-test.o [4]
    .rodata               const    0x0003d738     0x20  ikk-factory-test.o [4]
    .rodata               const    0x0003d758     0x4c  ikk-factory-test.o [4]
    .rodata               const    0x0003d7a4     0x28  ikk-network.o [4]
    .rodata               const    0x0003d7cc     0x20  ikk-network.o [4]
    .rodata               const    0x0003d7ec     0x24  ikk-network.o [4]
    .rodata               const    0x0003d810     0x28  ikk-network.o [4]
    .rodata               const    0x0003d838     0x28  ikk-network.o [4]
    .rodata               const    0x0003d860     0x10  ikk-network.o [4]
    .rodata               const    0x0003d870     0x24  ikk-network.o [4]
    .rodata               const    0x0003d894     0x28  ikk-network.o [4]
    .rodata               const    0x0003d8bc     0x24  ikk-network.o [4]
    .rodata               const    0x0003d8e0     0x28  ikk-network.o [4]
    .rodata               const    0x0003d908     0x3c  ikk-network.o [4]
    .rodata               const    0x0003d944     0x38  ikk-network.o [4]
    .rodata               const    0x0003d97c     0x30  ikk-network.o [4]
    .rodata               const    0x0003d9ac     0x18  ikk-network.o [4]
    .rodata               const    0x0003d9c4     0x18  ikk-network.o [4]
    .rodata               const    0x0003d9dc     0x1c  ikk-network.o [4]
    .rodata               const    0x0003d9f8     0x18  ikk-network.o [4]
    .rodata               const    0x0003da10     0x3c  ikk-network.o [4]
    .rodata               const    0x0003da4c     0x18  ikk-network.o [4]
    .rodata               const    0x0003da64     0x30  ikk-network.o [4]
    .rodata               const    0x0003da94     0x14  ikk-network.o [4]
    .rodata               const    0x0003daa8     0x34  ikk-network.o [4]
    .rodata               const    0x0003dadc     0x28  ikk-network.o [4]
    .rodata               const    0x0003db04      0x8  ikk-network.o [4]
    .rodata               const    0x0003db0c     0x34  ikk-network.o [4]
    .rodata               const    0x0003db40     0x1c  ikk-network.o [4]
    .rodata               const    0x0003db5c     0x14  ikk-network.o [4]
    .rodata               const    0x0003db70     0x24  ikk-network.o [4]
    .rodata               const    0x0003db94     0x28  ikk-network.o [4]
    .rodata               const    0x0003dbbc     0x30  ikk-network.o [4]
    .rodata               const    0x0003dbec     0x24  ikk-network.o [4]
    .rodata               const    0x0003dc10     0x18  ikk-network.o [4]
    .rodata               const    0x0003dc28     0x34  ikk-network.o [4]
    .rodata               const    0x0003dc5c     0x3c  ikk-network.o [4]
    .rodata               const    0x0003dc98     0x3c  ikk-network.o [4]
    .rodata               const    0x0003dcd4     0x24  ikk-network.o [4]
    .rodata               const    0x0003dcf8     0x1c  ikk-network.o [4]
    .rodata               const    0x0003dd14     0x50  ikk-network.o [4]
    .rodata               const    0x0003dd64     0x14  ikk-network.o [4]
    .rodata               const    0x0003dd78      0x8  ikk-network.o [4]
    .rodata               const    0x0003dd80     0x1c  ikk-network.o [4]
    .rodata               const    0x0003dd9c     0x28  ikk-network.o [4]
    .rodata               const    0x0003ddc4     0x34  ikk-network.o [4]
    .rodata               const    0x0003ddf8     0x30  ikk-network.o [4]
    .rodata               const    0x0003de28     0x14  ikk-network.o [4]
    .rodata               const    0x0003de3c     0x30  ikk-network.o [4]
    .rodata               const    0x0003de6c     0x14  ikk-network.o [4]
    .rodata               const    0x0003de80     0x14  ikk-network.o [4]
    .rodata               const    0x0003de94     0x14  ikk-network.o [4]
    .rodata               const    0x0003dea8     0x28  ikk-network.o [4]
    .rodata               const    0x0003ded0     0x30  ikk-network.o [4]
    .rodata               const    0x0003df00     0x20  ikk-network.o [4]
    .rodata               const    0x0003df20     0x20  ikk-network.o [4]
    .rodata               const    0x0003df40     0x1c  ikk-network.o [4]
    .rodata               const    0x0003df5c     0x1c  ikk-network.o [4]
    .rodata               const    0x0003df78     0x24  ikk-opt-tunnel.o [4]
    .rodata               const    0x0003df9c     0x18  ikk-opt-tunnel.o [4]
    .rodata               const    0x0003dfb4     0x10  ikk-opt-tunnel.o [4]
    .rodata               const    0x0003dfc4     0x1c  ikk-opt-tunnel.o [4]
    .rodata               const    0x0003dfe0     0x28  ikk-opt-tunnel.o [4]
    .rodata               const    0x0003e008     0x2c  ikk-opt-tunnel.o [4]
    .rodata               const    0x0003e034     0x28  ikk-opt-tunnel.o [4]
    .rodata               const    0x0003e05c     0x20  ikk-opt-tunnel.o [4]
    .rodata               const    0x0003e07c     0x5c  ikk-opt-tunnel.o [4]
    .rodata               const    0x0003e0d8     0x5c  ikk-opt-tunnel.o [4]
    .rodata               const    0x0003e134     0x5c  ikk-opt-tunnel.o [4]
    .rodata               const    0x0003e190     0x38  ikk-opt-tunnel.o [4]
    .rodata               const    0x0003e1c8     0x20  ikk-opt-tunnel.o [4]
    .rodata               const    0x0003e1e8     0x2c  ikk-opt-tunnel.o [4]
    .rodata               const    0x0003e214     0x2c  ikk-opt-tunnel.o [4]
    .rodata               const    0x0003e240     0x2c  ikk-opt-tunnel.o [4]
    .rodata               const    0x0003e26c     0x34  ikk-opt-tunnel.o [4]
    .rodata               const    0x0003e2a0     0x34  ikk-opt-tunnel.o [4]
    .rodata               const    0x0003e2d4     0x28  ikk-opt-tunnel.o [4]
    .rodata               const    0x0003e2fc     0x34  ikk-opt-tunnel.o [4]
    .rodata               const    0x0003e330     0x1c  ikk-opt-tunnel.o [4]
    .rodata               const    0x0003e34c     0x1c  ikk-opt-tunnel.o [4]
    .rodata               const    0x0003e368     0x14  ikk-opt-tunnel.o [4]
    .rodata               const    0x0003e37c     0x14  ikk-opt-tunnel.o [4]
    .rodata               const    0x0003e390     0x1c  ikk-opt-tunnel.o [4]
    .rodata               const    0x0003e3ac     0x30  ikk-opt-tunnel.o [4]
    .rodata               const    0x0003e3dc     0x30  ikk-opt-tunnel.o [4]
    .rodata               const    0x0003e40c     0x24  ikk-opt-tunnel.o [4]
    .rodata               const    0x0003e430     0x1c  ikk-opt-tunnel.o [4]
    .rodata               const    0x0003e44c     0x10  ikk-opt-tunnel.o [4]
    .rodata               const    0x0003e45c     0x1c  ikk-ota.o [4]
    .rodata               const    0x0003e478     0x44  ikk-ota.o [4]
    .rodata               const    0x0003e4bc     0x28  ikk-ota.o [4]
    .rodata               const    0x0003e4e4     0x30  ikk-ota.o [4]
    .rodata               const    0x0003e514     0x44  ikk-sequence.o [4]
    .rodata               const    0x0003e558     0x3c  ikk-sequence.o [4]
    .rodata               const    0x0003e594     0x40  ikk-sequence.o [4]
    .rodata               const    0x0003e5d4     0x38  ikk-adc.o [3]
    .rodata               const    0x0003e60c     0x30  ikk-adc.o [3]
    .rodata               const    0x0003e63c     0x2c  ikk-adc.o [3]
    .rodata               const    0x0003e668     0x18  ikk-adc.o [3]
    .rodata               const    0x0003e680     0x24  ikk-adc.o [3]
    .rodata               const    0x0003e6a4     0x1c  ikk-adc.o [3]
    .rodata               const    0x0003e6c0     0x48  ikk-adc.o [3]
    .rodata               const    0x0003e708     0x34  ikk-adc.o [3]
    .rodata               const    0x0003e73c     0x4c  ikk-button.o [3]
    .rodata               const    0x0003e788     0x18  ikk-button.o [3]
    .rodata               const    0x0003e7a0     0x50  ikk-button.o [3]
    .rodata               const    0x0003e7f0     0x18  ikk-button.o [3]
    .rodata               const    0x0003e808     0x34  ikk-button.o [3]
    .rodata               const    0x0003e83c     0x18  ikk-button.o [3]
    .rodata               const    0x0003e854     0x40  ikk-button.o [3]
    .rodata               const    0x0003e894     0x54  ikk-button.o [3]
    .rodata               const    0x0003e8e8     0x50  ikk-led.o [3]
    .rodata               const    0x0003e938     0x34  ikk-timer.o [3]
    .rodata               const    0x0003e96c     0x10  ikk-timer.o [3]
    .rodata               const    0x0003e97c     0x18  ikk-uart.o [3]
    .rodata               const    0x0003e994     0x18  ikk-uart.o [3]
    .rodata               const    0x0003e9ac     0x28  ikk-uart.o [3]
    .rodata               const    0x0003e9d4     0x28  ikk-uart.o [3]
    .rodata               const    0x0003e9fc     0x50  ikk-uart.o [3]
    .rodata               const    0x0003ea4c     0x20  ikk-uart.o [3]
    .rodata               const    0x0003ea6c     0x14  ikk-uart.o [3]
    .rodata               const    0x0003ea80     0x38  ikk-user.o [2]
    .rodata               const    0x0003eab8     0x40  ikk-user.o [2]
    .rodata               const    0x0003eaf8     0x2c  ikk-user.o [2]
[...]
sleeptimer_hal_get_counter
                        0x00022dcf      0xc  Code  Gb  sl_sleeptimer_hal_rtcc.o [16]
sleeptimer_hal_get_timer_frequency
                        0x00022ee1     0x16  Code  Gb  sl_sleeptimer_hal_rtcc.o [16]
sleeptimer_hal_init_timer
                        0x00022d65     0x6a  Code  Gb  sl_sleeptimer_hal_rtcc.o [16]
sleeptimer_hal_set_compare
                        0x00022ddb     0x4a  Code  Gb  sl_sleeptimer_hal_rtcc.o [16]
sleepyBroadcastInfo     0x200179a4      0x1  Data  Lc  jit.o [71]
sleepy_xtal_settings_corebias
                        0x20009a44      0x4  Data  Lc  sl_hfxo_manager_hal_s2.o [25]
sleepy_xtal_settings_ctuneana
                        0x20009a40      0x4  Data  Lc  sl_hfxo_manager_hal_s2.o [25]
sli_build_zll_scan_request_payload
                        0x00007973      0x4  Code  Gb  zll-stubs.o [73]
sli_hfxo_manager_begin_startup_measurement
                        0x00030ac1     0x12  Code  Gb  sl_hfxo_manager.o [25]
sli_hfxo_manager_end_startup_measurement
                        0x00030ad3     0x5a  Code  Gb  sl_hfxo_manager.o [25]
sli_hfxo_manager_get_startup_time
                        0x00030b2d      0x6  Code  Gb  sl_hfxo_manager.o [25]
sli_hfxo_manager_init_hardware
                        0x000356d5     0x20  Code  Gb  sl_hfxo_manager_hal_s2.o [25]
sli_hfxo_manager_is_hfxo_ready
                        0x000356f5     0x1e  Code  Gb  sl_hfxo_manager_hal_s2.o [25]
sli_hfxo_manager_notify_ready_for_power_manager
                        0x0002350f     0x2e  Code  Gb  sl_power_manager.o [24]
sli_mac_energy_scan     0x00009bf1     0x32  Code  Gb  scan.o [71]
sli_mac_energy_scan_complete_callback
                        0x20017be0      0x4  Data  Gb  scan.o [71]
sli_mac_filter_match_check
                        0x000229f3    0x104  Code  Gb  mac-header.o [71]
sli_mac_get_current_child_table_network_index
                        0x000133f3     0x16  Code  Gb  mac-child.o [71]
sli_mac_init_child_table_pointers
                        0x000133db     0x18  Code  Gb  mac-child.o [71]
sli_mac_pop_child_table_pointer
                        0x00013475     0x38  Code  Gb  mac-child.o [71]
sli_mac_push_child_table_pointer
                        0x00013409     0x6c  Code  Gb  mac-child.o [71]
sli_power_manager_apply_em
                        0x000312a1     0x2a  Code  Gb  sl_power_manager_hal_s2.o [24]
sli_power_manager_convert_delay_us_to_tick
                        0x000233b3     0x12  Code  Gb  sl_power_manager.o [24]
sli_power_manager_get_default_high_frequency_minimum_offtime
                        0x000312cb      0x8  Code  Gb  sl_power_manager_hal_s2.o [24]
sli_power_manager_get_wakeup_process_time_overhead
                        0x000312d3     0x1a  Code  Gb  sl_power_manager_hal_s2.o [24]
sli_power_manager_handle_pre_deepsleep_operations
                        0x00031231      0x8  Code  Gb  sl_power_manager_hal_s2.o [24]
sli_power_manager_init_hardware
                        0x00031129     0xae  Code  Gb  sl_power_manager_hal_s2.o [24]
sli_power_manager_is_high_freq_accuracy_clk_ready
                        0x00031267     0x10  Code  Gb  sl_power_manager_hal_s2.o [24]
sli_power_manager_on_wakeup
                        0x0000bd91     0x38  Code  Gb  sleep-efm32.o [14]
sli_power_manager_restore_high_freq_accuracy_clk
                        0x00031239     0x2e  Code  Gb  sl_power_manager_hal_s2.o [24]
sli_power_manager_restore_states
                        0x00031277     0x2a  Code  Gb  sl_power_manager_hal_s2.o [24]
sli_power_manager_save_states
                        0x000311d7      0x4  Code  Gb  sl_power_manager_hal_s2.o [24]
sli_power_manager_set_high_accuracy_hf_clock_as_used
                        0x000312ed      0x8  Code  Gb  sl_power_manager_hal_s2.o [24]
sli_power_manager_update_em_requirement
                        0x0002332b     0x68  Code  Gb  sl_power_manager.o [24]
sli_scan_stop           0x00009e97     0x38  Code  Gb  scan.o [71]
sli_se_lock_acquire     0x00033111      0x4  Code  Gb  sl_se_manager.o [30]
sli_se_lock_release     0x00033115      0x4  Code  Gb  sl_se_manager.o [30]
sli_set_lower_mac_params_to_concurrent_networks
                        0x0000ac47     0x48  Code  Gb  upper-mac.o [71]
sli_set_lower_mac_params_to_current_network
                        0x0000ac8f     0x40  Code  Gb  upper-mac.o [71]
sli_sleeptimer_hal_is_int_status_set
                        0x00022e67     0x1e  Code  Gb  sl_sleeptimer_hal_rtcc.o [16]
sli_sleeptimer_is_power_manager_timer_next_to_expire
                        0x0000b6ad      0x8  Code  Gb  sl_sleeptimer.o [16]
sli_upper_mac_update_lower_mac_params
                        0x0000abb9     0x1c  Code  Gb  upper-mac.o [71]
sli_zigbee_routeRecordPolicy
                        0x20017f2a      0x1  Data  Lc  network.o [71]
srand                   0x0003300d     0x20  Code  Gb  srand.o [55]
stackEvents             0x20009f9c     0xc8  Data  Gb  zigbee-stack.o [71]
stackTokenInfo          0x00018cac     0x3c  Data  Lc  token-cache.o [71]
startNetworkOperation   0x00007f1d     0x6e  Code  Lc  association.o [71]
startPanIdScan          0x00022665     0x52  Code  Lc  form-and-join.o [19]
startScan               0x000228fd     0x12  Code  Lc  form-and-join.o [19]
start_channel_scan      0x00009f5f     0x6c  Code  Lc  scan.o [71]
stateMachineRun         0x00027323     0x52  Code  Lc  network-steering.o [31]
stateTable              0x20011e70      0x4  Data  Lc  identify.o [28]
states                  0x20010a08     0x40  Data  Lc  service-discovery-common.o [44]
statesInitialized       0x20017f4d      0x1  Data  Lc  service-discovery-common.o [44]
staticCmd               0x0003a9e0     0x20  Data  Lc  util.o [44]
status                  0x0002549d     0x10  Code  Lc  call-command-handler.o [1]
storeAndForwardDelayCount
                        0x20017c04      0x1  Data  Lc  store-forward.o [71]
storeAndForwardSubmitCount
                        0x20017c05      0x1  Data  Lc  store-forward.o [71]
storedKeysList          0x200178d0      0x2  Data  Lc  aps-keys-transient.o [71]
storedNetworks          0x20017f04      0x2  Data  Lc  network-steering-soc.o [31]
stringToUnsignedInt     0x00021261     0x7a  Code  Lc  command-interpreter2.o [1]
strlen                  0x0002a2ad           Code  Gb  strlen.o [67]
submitCount             0x20017b7d      0x1  Data  Lc  retry.o [71]
superRetriesIntervalForMacDataPoll
                        0x2001790c      0x4  Data  Lc  network.o [71]
syn_area                0x20017fb8      0x1  Data  Gb  ikk-user.o [2]
syn_ex                  0x20017fbb      0x1  Data  Gb  ikk-user.o [2]
syn_fin                 0x20017fbc      0x1  Data  Gb  ikk-user.o [2]
syn_hold                0x20017fb9      0x1  Data  Gb  ikk-user.o [2]
syn_led                 0x20017fba      0x1  Data  Gb  ikk-user.o [2]
systemTimerId           0x2001788c     0x18  Data  Lc  system-timer.o [58]
tail                    0x20017f58      0x1  Data  Lc  scan-dispatch.o [37]
tcBasedClassificationAlgorithm
                        0x0000a88b     0x62  Code  Lc  beacon-handling.o [71]
tempdrvHighCallbacks    0x20012180     0x28  Data  Lc  tempdrv.o [16]
tempdrvLowCallbacks     0x200121a8     0x28  Data  Lc  tempdrv.o [16]
terminateScanRequest    0x000336ed     0x18  Code  Lc  zdo-channel.o [71]
thrHard                 0x00013f5b     0x20  Code  Lc  nvm3.o [60]
thrSize                 0x00013fa9      0xa  Code  Lc  nvm3.o [60]
thrSoftMinimum          0x00013f7b     0x20  Code  Lc  nvm3.o [60]
thrSoftUser             0x00013f9b      0xe  Code  Lc  nvm3.o [60]
timeElapsed             0x20017f82      0x1  Data  Lc  ustimer.o [16]
timeoutPools            0x0001c5ef    0x10c  Code  Lc  indirect-queue.o [71]
timerPrsConfig          0x00023029     0x3a  Code  Lc  em_timer.o [17]
timer_frequency         0x20012170      0x4  Data  Lc  sl_sleeptimer.o [16]
timer_head              0x20012174      0x4  Data  Lc  sl_sleeptimer.o [16]
tokenArraySize          0x00040338     0x34  Data  Gb  token-def.o [1]
tokenDefaults           0x000405e0     0xd0  Data  Gb  token-def.o [1]
tokenFlagsToSizeArray   0x0002fae8      0x4  Data  Lc  install-code-tokens.o [59]
tokenIsCnt              0x0004029c     0x34  Data  Gb  token-def.o [1]
tokenIsIdx              0x000402d0     0x34  Data  Gb  token-def.o [1]
tokenLength             0x00020eb1      0xe  Code  Lc  command-interpreter2.o [1]
tokenNvm3Keys           0x000401cc     0xd0  Data  Gb  token-def.o [1]
tokenPointer            0x00020ebf     0x10  Code  Lc  command-interpreter2.o [1]
tokenSize               0x00040304     0x34  Data  Gb  token-def.o [1]
tokensActive            0x20017f84      0x1  Data  Lc  token.o [14]
tolower                 0x00033001      0xc  Code  Gb  tolower.o [55]
traceClkGet             0x000137c3     0x30  Code  Lc  em_cmu.o [17]
tracePhase              0x20017794      0x1  Data  Lc  buffer-management.o [71]
transientKeyFinish      0x0002fd85     0x38  Code  Lc  aps-keys-transient.o [71]
transportKeyFrameSizes  0x0002e224      0x8  Data  Lc  packet-validate.o [66]
tryNextMethod           0x000272c7     0x2c  Code  Lc  network-steering.o [31]
tryToJoinNetwork        0x00027097     0x8c  Code  Gb  network-steering.o [31]
tryTxCurrentPacket      0x0001f343     0x5e  Code  Lc  lower-mac-rail-802.15.4.o [71]
txBuffer                0x000236c9     0x42  Code  Lc  com.o [39]
txCallback              0x00023889     0x46  Code  Lc  com.o [39]
txCatchUp               0x00023823     0x66  Code  Lc  com.o [39]
txCompleteStatusPending
                        0x2000a076      0x1  Data  Lc  lower-mac-rail-802.15.4.o [71]
txCompleted             0x0001f0ef     0x1a  Code  Lc  lower-mac-rail-802.15.4.o [71]
txCurrentPacket         0x0001f04b     0x96  Code  Lc  lower-mac-rail-802.15.4.o [71]
txFailedCallback        0x0001e7c9     0x72  Code  Lc  lower-mac-rail-802.15.4.o [71]
txSchedulerInfo         0x2000a078      0xc  Data  Lc  lower-mac-rail-802.15.4.o [71]
tx_complete_callback    0x00009b61     0x42  Code  Lc  scan.o [71]
typeSensitiveMemCopy    0x00004c95     0x76  Code  Lc  attribute-storage.o [44]
uart_recv_flag          0x2000a35c      0x1  Data  Lc  ikk-user.o [2]
uartdrvHandle           0x200121f8     0x10  Data  Lc  uartdrv.o [16]
uartdrvHandleIsInitialized
                        0x20017f81      0x1  Data  Lc  uartdrv.o [16]
uarthandledata          0x20010d68     0x78  Data  Lc  com.o [39]
unicastHead             0x20017fe8      0x1  Data  Lc  unicast-table.o [71]
uninitializedIsr        0x00039c3d           Code  Gb  faults-v7m.o [14]
unsolicitedChannelReport
                        0x20017bea      0x1  Data  Lc  zdo-channel.o [71]
unusedOriginalChannelMaskCache
                        0x200178ec      0x4  Data  Lc  zigbee-scan.o [71]
unusedPanIdCache        0x200178dc      0x2  Data  Lc  zigbee-scan.o [71]
updateBuffer            0x00023699     0x30  Code  Lc  com.o [39]
updateEnrollState       0x0002774b     0x12  Code  Lc  ias-zone-server.o [27]
updateEvents            0x0001e135     0x54  Code  Lc  lower-mac-rail-802.15.4.o [71]
updateInterrupts        0x00030bc7     0x94  Code  Lc  tempdrv.o [16]
updateTcLinkKeyState    0x20017fe0      0x1  Data  Lc  aps-keys.o [71]
update_em1_requirement  0x000234a5     0x12  Code  Lc  sl_power_manager.o [24]
update_first_timer_delta
                        0x0000b96b     0x24  Code  Lc  sl_sleeptimer.o [16]
useLegacyTimeoutMethod  0x20017fdd      0x1  Data  Gb  child-handling.o [71]
userData                0x200177ac      0x4  Data  Lc  buffer-management.o [71]
userDataCount           0x2001779a      0x2  Data  Lc  buffer-management.o [71]
vFillBuffer             0x0000bfcd    0x170  Code  Lc  client-api.o [44]
validateObj             0x00014963     0x26  Code  Lc  nvm3.o [60]
validateObjFragments    0x0001473b    0x228  Code  Lc  nvm3.o [60]
waitStateMax            0x00013df9      0xe  Code  Lc  em_cmu.o [17]
wakeInfo                0x20012220      0x4  Data  Lc  sleep-efm32.o [14]
wakeup_time_config_overhead_tick
                        0x20011ef4      0x4  Data  Gb  sl_power_manager.o [24]
walkDelayQueue          0x0001c741     0xd2  Code  Lc  retry.o [71]
walkStoreAndForwardQueue
                        0x0002cb01    0x112  Code  Lc  store-forward.o [71]
watchdogDisableInSleep  0x20017f83      0x1  Data  Lc  sleep-efm32.o [14]
wdog0ClkGet             0x00013e09     0x3c  Code  Lc  em_cmu.o [17]
wdog1ClkGet             0x000137f5     0x40  Code  Lc  em_cmu.o [17]
wordSize                0x20017f86      0x1  Data  Lc  eeprom.o [13]
workBegin               0x00015665     0x16  Code  Lc  nvm3.o [60]
workEnd                 0x0001567b     0x14  Code  Lc  nvm3.o [60]
writeBurst              0x2000957d     0x52  Code  Gb  em_msc.o [17]
writeFullAllowed        0x00013fb3     0x18  Code  Lc  nvm3.o [60]
writeIdentifyTime       0x000324bf     0x18  Code  Lc  identify.o [28]
writeMessage            0x00022353     0xaa  Code  Lc  legacy-packet-buffer.o [71]
writeObj                0x00014153    0x2da  Code  Lc  nvm3.o [60]
writeServerAttribute    0x0002b031      0xe  Code  Lc  scenes.o [38]
xferCfg                 0x0003be4c     0x10  Data  Gb  dmadrv.o [16]
zclBufferAddBuffer      0x00032ed1     0x1e  Code  Gb  zcl-cli.o [44]
zclBufferAddByte        0x00032ead     0x12  Code  Gb  zcl-cli.o [44]
zclBufferAddWord        0x00032ebf     0x12  Code  Gb  zcl-cli.o [44]
zclBufferSetup          0x00032e59     0x54  Code  Gb  zcl-cli.o [44]
zclCmdIsBuilt           0x20017f53      0x1  Data  Gb  zcl-cli.o [44]
zdoConfigurationModeEnabled
                        0x2000a385      0x1  Data  Gb  zigbee-device-util.o [71]
zeroLenByte             0x20017b6e      0x2  Data  Lc  message.o [44]
zigDevApsStruct         0x200178a8      0x4  Data  Lc  zigbee-device-util.o [71]
zigDevRequestRadius     0x2000a37b      0x1  Data  Gb  zigbee-device-common.o [1]
zigDevRequestSequence   0x20017fd4      0x1  Data  Lc  zigbee-device-common.o [1]
zigDevRequestSequence   0x200178a4      0x1  Data  Lc  zigbee-device-util.o [71]
zigbeeMacFilterList     0x000401c4      0x8  Data  Gb  ember-configuration.o [1]
zllActiveScanCompleteHandler
                        0x000056bb     0x16  Code  Lc  zigbee-scan.o [71]
zll_channel_stay        0x0000552f     0x2e  Code  Gb  zigbee-scan.o [71]
zll_scan_request_callback
                        0x0000555d     0xa8  Code  Lc  zigbee-scan.o [71]


[1] = D:\simplicity studio5\s5\KKHumanBody\IAR ARM - Default - EFR32MG21A010F1024IM32
[2] = D:\simplicity studio5\s5\KKHumanBody\IAR ARM - Default - EFR32MG21A010F1024IM32\00ikonke-app
[3] = D:\simplicity studio5\s5\KKHumanBody\IAR ARM - Default - EFR32MG21A010F1024IM32\00ikonke-app\driver
[4] = D:\simplicity studio5\s5\KKHumanBody\IAR ARM - Default - EFR32MG21A010F1024IM32\00ikonke-app\general
[5] = D:\simplicity studio5\s5\KKHumanBody\IAR ARM - Default - EFR32MG21A010F1024IM32\00ikonke-app\tools
[6] = D:\simplicity studio5\s5\KKHumanBody\IAR ARM - Default - EFR32MG21A010F1024IM32\address-table
[7] = D:\simplicity studio5\s5\KKHumanBody\IAR ARM - Default - EFR32MG21A010F1024IM32\antenna-stub
[8] = D:\simplicity studio5\s5\KKHumanBody\IAR ARM - Default - EFR32MG21A010F1024IM32\basic
[9] = D:\simplicity studio5\s5\KKHumanBody\IAR ARM - Default - EFR32MG21A010F1024IM32\ccm-encryption
[10] = D:\simplicity studio5\s5\KKHumanBody\IAR ARM - Default - EFR32MG21A010F1024IM32\coexistence-stub\EFR32
[11] = D:\simplicity studio5\s5\KKHumanBody\IAR ARM - Default - EFR32MG21A010F1024IM32\counters
[12] = D:\simplicity studio5\s5\KKHumanBody\IAR ARM - Default - EFR32MG21A010F1024IM32\diagnostic-server
[13] = D:\simplicity studio5\s5\KKHumanBody\IAR ARM - Default - EFR32MG21A010F1024IM32\eeprom
[14] = D:\simplicity studio5\s5\KKHumanBody\IAR ARM - Default - EFR32MG21A010F1024IM32\efr32
[15] = D:\simplicity studio5\s5\KKHumanBody\IAR ARM - Default - EFR32MG21A010F1024IM32\ember-minimal-printf
[16] = D:\simplicity studio5\s5\KKHumanBody\IAR ARM - Default - EFR32MG21A010F1024IM32\emdrv
[17] = D:\simplicity studio5\s5\KKHumanBody\IAR ARM - Default - EFR32MG21A010F1024IM32\emlib
[18] = D:\simplicity studio5\s5\KKHumanBody\IAR ARM - Default - EFR32MG21A010F1024IM32\external-generated-files
[19] = D:\simplicity studio5\s5\KKHumanBody\IAR ARM - Default - EFR32MG21A010F1024IM32\form-and-join
[20] = D:\simplicity studio5\s5\KKHumanBody\IAR ARM - Default - EFR32MG21A010F1024IM32\generic-interrupt-control\EFR32
[21] = D:\simplicity studio5\s5\KKHumanBody\IAR ARM - Default - EFR32MG21A010F1024IM32\green-power-client
[22] = D:\simplicity studio5\s5\KKHumanBody\IAR ARM - Default - EFR32MG21A010F1024IM32\green-power-common
[23] = D:\simplicity studio5\s5\KKHumanBody\IAR ARM - Default - EFR32MG21A010F1024IM32\groups-server
[24] = D:\simplicity studio5\s5\KKHumanBody\IAR ARM - Default - EFR32MG21A010F1024IM32\hal-library\EFR32
[25] = D:\simplicity studio5\s5\KKHumanBody\IAR ARM - Default - EFR32MG21A010F1024IM32\hal-library\EFR32_2
[26] = D:\simplicity studio5\s5\KKHumanBody\IAR ARM - Default - EFR32MG21A010F1024IM32\heartbeat
[27] = D:\simplicity studio5\s5\KKHumanBody\IAR ARM - Default - EFR32MG21A010F1024IM32\ias-zone-server
[28] = D:\simplicity studio5\s5\KKHumanBody\IAR ARM - Default - EFR32MG21A010F1024IM32\identify
[29] = D:\simplicity studio5\s5\KKHumanBody\IAR ARM - Default - EFR32MG21A010F1024IM32\idle-sleep
[30] = D:\simplicity studio5\s5\KKHumanBody\IAR ARM - Default - EFR32MG21A010F1024IM32\mbedtls\EFR32
[31] = D:\simplicity studio5\s5\KKHumanBody\IAR ARM - Default - EFR32MG21A010F1024IM32\network-steering
[32] = D:\simplicity studio5\s5\KKHumanBody\IAR ARM - Default - EFR32MG21A010F1024IM32\nvm3
[33] = D:\simplicity studio5\s5\KKHumanBody\IAR ARM - Default - EFR32MG21A010F1024IM32\nvm3\EFR32
[34] = D:\simplicity studio5\s5\KKHumanBody\IAR ARM - Default - EFR32MG21A010F1024IM32\on-off
[35] = D:\simplicity studio5\s5\KKHumanBody\IAR ARM - Default - EFR32MG21A010F1024IM32\packet-handoff
[36] = D:\simplicity studio5\s5\KKHumanBody\IAR ARM - Default - EFR32MG21A010F1024IM32\reporting
[37] = D:\simplicity studio5\s5\KKHumanBody\IAR ARM - Default - EFR32MG21A010F1024IM32\scan-dispatch
[38] = D:\simplicity studio5\s5\KKHumanBody\IAR ARM - Default - EFR32MG21A010F1024IM32\scenes
[39] = D:\simplicity studio5\s5\KKHumanBody\IAR ARM - Default - EFR32MG21A010F1024IM32\serial
[40] = D:\simplicity studio5\s5\KKHumanBody\IAR ARM - Default - EFR32MG21A010F1024IM32\serial\EFR32
[41] = D:\simplicity studio5\s5\KKHumanBody\IAR ARM - Default - EFR32MG21A010F1024IM32\simple-main
[42] = D:\simplicity studio5\s5\KKHumanBody\IAR ARM - Default - EFR32MG21A010F1024IM32\strong-random
[43] = D:\simplicity studio5\s5\KKHumanBody\IAR ARM - Default - EFR32MG21A010F1024IM32\update-tc-link-key
[44] = D:\simplicity studio5\s5\KKHumanBody\IAR ARM - Default - EFR32MG21A010F1024IM32\zcl-framework-core
[45] = command line
[46] = binding-table-library.a
[47] = cbke-163k1-stub-library.a
[48] = cbke-283k1-stub-library.a
[49] = cbke-library-dsa-sign-stub.a
[50] = cbke-library-dsa-verify-283k1-stub.a
[51] = cbke-library-dsa-verify-stub.a
[52] = cbke-stub-library.a
[53] = debug-basic-stub-library.a
[54] = debug-extended-stub-library.a
[55] = dl7M_tln.a
[56] = end-device-bind-stub-library.a
[57] = gp-library.a
[58] = hal-library.a
[59] = install-code-library.a
[60] = libnvm3_CM33_iar.a
[61] = librail_efr32xg21_iar_release.a
[62] = m7M_tls.a
[63] = mfglib-library.a
[64] = multi-network-stub-library.a
[65] = multi-pan-stub-library.a
[66] = packet-validate-library.a
[67] = rt7M_tl.a
[68] = security-library-link-keys-stub.a
[69] = sim-eeprom2-to-nvm3-upgrade-stub-library.a
[70] = source-route-stub-library.a
[71] = zigbee-pro-stack.a
[72] = zigbee-r22-support-stub-library.a
[73] = zll-stub-library.a

  219 650 bytes of readonly  code memory
      324 bytes of readwrite code memory
   36 871 bytes of readonly  data memory
  149 944 bytes of readwrite data memory

Errors: none
Warnings: 1
